liftmot.c:49:13:wait	0	static
liftmot.c:59:13:LIFTMOT_fine_startup_down.part.0	8	static
liftmot.c:101:6:LIFTMOT_sync_up	0	static
liftmot.c:121:6:LIFTMOT_sync_down	0	static
liftmot.c:143:6:LIFTMOT_up	8	static
liftmot.c:166:6:LIFTMOT_down	8	static
liftmot.c:193:6:LIFTMOT_DRIVE_POS_MIDDLEUP	16	static
liftmot.c:226:6:LIFTMOT_DRIVE_POS_MIDDLEDOWN	8	static
liftmot.c:263:6:LIFTMOT_DRIVE_POS_OUTERGROUND	8	static
liftmot.c:278:6:LIFTMOT_DRIVE_POS_OUTERUP	8	static
liftmot.c:293:6:LIFTMOT_GOTO_TOP	8	static
liftmot.c:326:6:LIFTMOT_GOTO_BOTTOM	8	static
liftmot.c:360:6:LIFTMOT_MIDSEGM_TOP	16	static
liftmot.c:400:6:LIFTMOT_LETDOWN	8	static
