stepmot.c:80:13:enable_Driver_Pulse	0	static
stepmot.c:89:13:disable_Driver_Pulse	0	static
stepmot.c:158:13:enable_Step_ISR	0	static
stepmot.c:167:13:disable_Step_ISR	0	static
stepmot.c:286:17:step_Size_Dir_Select	8	static
stepmot.c:64:13:update_Driver_Revolutions	8	static
stepmot.c:399:6:turn_acc_STEPMOT.part.0	80	static
stepmot.c:43:6:wait	0	static
stepmot.c:112:6:reset_Driver	8	static
stepmot.c:140:6:enable_Stepper_Driver	0	static
stepmot.c:149:6:disable_Stepper_Driver	0	static
stepmot.c:349:6:turn_STEPMOT	8	static
stepmot.c:364:6:halt_STEPMOT	8	static
stepmot.c:380:6:turn_steps_STEPMOT	16	static
stepmot.c:399:6:turn_acc_STEPMOT	4	static
stepmot.c:475:6:ref_STEPMOT	48	static
stepmot.c:553:6:ref_STEPMOT_startfield	24	static
stepmot.c:627:6:STEPPER_MIDDLEUP_TURN	16	static
stepmot.c:644:6:STEPPER_MIDDLEDOWN_TURN	16	static
stepmot.c:692:6:FTM2CH1_IRQHandler	0	static
stepmot.c:698:6:stepper_ein	8	static
stepmot.c:704:6:stepper_update	8	static
stepmot.c:713:6:stepper_aus	8	static
