Archive member included to satisfy reference by file (symbol)

c:/nxp/mcuxpressoide_11.3.0_5222/ide/plugins/com.nxp.mcuxpresso.tools.win32_11.3.0.202008311133/tools/bin/../lib/gcc/arm-none-eabi/9.3.1/../../../../arm-none-eabi/lib/thumb/v7e-m+fp/hard\libcr_semihost_nf.a(_cr__main.o)
                              ./startup/startup_mk22f51212.o (__main)
c:/nxp/mcuxpressoide_11.3.0_5222/ide/plugins/com.nxp.mcuxpresso.tools.win32_11.3.0.202008311133/tools/bin/../lib/gcc/arm-none-eabi/9.3.1/../../../../arm-none-eabi/lib/thumb/v7e-m+fp/hard\libcr_semihost_nf.a(_cr_assert.o)
                              ./drivers/fsl_clock.o (__assertion_failed)
c:/nxp/mcuxpressoide_11.3.0_5222/ide/plugins/com.nxp.mcuxpresso.tools.win32_11.3.0.202008311133/tools/bin/../lib/gcc/arm-none-eabi/9.3.1/../../../../arm-none-eabi/lib/thumb/v7e-m+fp/hard\libcr_semihost_nf.a(__ciob.o)
                              c:/nxp/mcuxpressoide_11.3.0_5222/ide/plugins/com.nxp.mcuxpresso.tools.win32_11.3.0.202008311133/tools/bin/../lib/gcc/arm-none-eabi/9.3.1/../../../../arm-none-eabi/lib/thumb/v7e-m+fp/hard\libcr_semihost_nf.a(_cr_assert.o) (__Ciob)
c:/nxp/mcuxpressoide_11.3.0_5222/ide/plugins/com.nxp.mcuxpresso.tools.win32_11.3.0.202008311133/tools/bin/../lib/gcc/arm-none-eabi/9.3.1/../../../../arm-none-eabi/lib/thumb/v7e-m+fp/hard\libcr_semihost_nf.a(__sys_appexit.o)
                              c:/nxp/mcuxpressoide_11.3.0_5222/ide/plugins/com.nxp.mcuxpresso.tools.win32_11.3.0.202008311133/tools/bin/../lib/gcc/arm-none-eabi/9.3.1/../../../../arm-none-eabi/lib/thumb/v7e-m+fp/hard\libcr_semihost_nf.a(_cr_assert.o) (__sys_appexit)
c:/nxp/mcuxpressoide_11.3.0_5222/ide/plugins/com.nxp.mcuxpresso.tools.win32_11.3.0.202008311133/tools/bin/../lib/gcc/arm-none-eabi/9.3.1/../../../../arm-none-eabi/lib/thumb/v7e-m+fp/hard\libcr_c.a(_deferredlazyseek.o)
                              c:/nxp/mcuxpressoide_11.3.0_5222/ide/plugins/com.nxp.mcuxpresso.tools.win32_11.3.0.202008311133/tools/bin/../lib/gcc/arm-none-eabi/9.3.1/../../../../arm-none-eabi/lib/thumb/v7e-m+fp/hard\libcr_semihost_nf.a(_cr_assert.o) (__flsbuf)
c:/nxp/mcuxpressoide_11.3.0_5222/ide/plugins/com.nxp.mcuxpresso.tools.win32_11.3.0.202008311133/tools/bin/../lib/gcc/arm-none-eabi/9.3.1/../../../../arm-none-eabi/lib/thumb/v7e-m+fp/hard\libcr_c.a(_fflush.o)
                              c:/nxp/mcuxpressoide_11.3.0_5222/ide/plugins/com.nxp.mcuxpresso.tools.win32_11.3.0.202008311133/tools/bin/../lib/gcc/arm-none-eabi/9.3.1/../../../../arm-none-eabi/lib/thumb/v7e-m+fp/hard\libcr_c.a(_deferredlazyseek.o) (_fflush)
c:/nxp/mcuxpressoide_11.3.0_5222/ide/plugins/com.nxp.mcuxpresso.tools.win32_11.3.0.202008311133/tools/bin/../lib/gcc/arm-none-eabi/9.3.1/../../../../arm-none-eabi/lib/thumb/v7e-m+fp/hard\libcr_c.a(_writebuf.o)
                              c:/nxp/mcuxpressoide_11.3.0_5222/ide/plugins/com.nxp.mcuxpresso.tools.win32_11.3.0.202008311133/tools/bin/../lib/gcc/arm-none-eabi/9.3.1/../../../../arm-none-eabi/lib/thumb/v7e-m+fp/hard\libcr_c.a(_deferredlazyseek.o) (_Cwritebuf)
c:/nxp/mcuxpressoide_11.3.0_5222/ide/plugins/com.nxp.mcuxpresso.tools.win32_11.3.0.202008311133/tools/bin/../lib/gcc/arm-none-eabi/9.3.1/../../../../arm-none-eabi/lib/thumb/v7e-m+fp/hard\libcr_c.a(alloc.o)
                              ./drivers/fsl_common.o (malloc)
c:/nxp/mcuxpressoide_11.3.0_5222/ide/plugins/com.nxp.mcuxpresso.tools.win32_11.3.0.202008311133/tools/bin/../lib/gcc/arm-none-eabi/9.3.1/../../../../arm-none-eabi/lib/thumb/v7e-m+fp/hard\libcr_c.a(ceil.o)
                              ./source/signal/led.o (ceil)
c:/nxp/mcuxpressoide_11.3.0_5222/ide/plugins/com.nxp.mcuxpresso.tools.win32_11.3.0.202008311133/tools/bin/../lib/gcc/arm-none-eabi/9.3.1/../../../../arm-none-eabi/lib/thumb/v7e-m+fp/hard\libcr_c.a(fputs.o)
                              c:/nxp/mcuxpressoide_11.3.0_5222/ide/plugins/com.nxp.mcuxpresso.tools.win32_11.3.0.202008311133/tools/bin/../lib/gcc/arm-none-eabi/9.3.1/../../../../arm-none-eabi/lib/thumb/v7e-m+fp/hard\libcr_semihost_nf.a(_cr_assert.o) (fputs)
c:/nxp/mcuxpressoide_11.3.0_5222/ide/plugins/com.nxp.mcuxpresso.tools.win32_11.3.0.202008311133/tools/bin/../lib/gcc/arm-none-eabi/9.3.1/../../../../arm-none-eabi/lib/thumb/v7e-m+fp/hard\libcr_c.a(fseek.o)
                              c:/nxp/mcuxpressoide_11.3.0_5222/ide/plugins/com.nxp.mcuxpresso.tools.win32_11.3.0.202008311133/tools/bin/../lib/gcc/arm-none-eabi/9.3.1/../../../../arm-none-eabi/lib/thumb/v7e-m+fp/hard\libcr_c.a(_deferredlazyseek.o) (fseek)
c:/nxp/mcuxpressoide_11.3.0_5222/ide/plugins/com.nxp.mcuxpresso.tools.win32_11.3.0.202008311133/tools/bin/../lib/gcc/arm-none-eabi/9.3.1/../../../../arm-none-eabi/lib/thumb/v7e-m+fp/hard\libcr_c.a(ftell.o)
                              c:/nxp/mcuxpressoide_11.3.0_5222/ide/plugins/com.nxp.mcuxpresso.tools.win32_11.3.0.202008311133/tools/bin/../lib/gcc/arm-none-eabi/9.3.1/../../../../arm-none-eabi/lib/thumb/v7e-m+fp/hard\libcr_c.a(fseek.o) (ftell)
[...]
Memory Configuration

Name             Origin             Length             Attributes
PROGRAM_FLASH    0x00000000         0x00080000         xr
SRAM_UPPER       0x20000000         0x00010000         xrw
SRAM_LOWER       0x1fff0000         0x00010000         xrw
*default*        0x00000000         0xffffffff

Linker script and memory map

LOAD ./startup/startup_mk22f51212.o
LOAD ./source/utils/ftm0.o
LOAD ./source/utils/ftm1.o
LOAD ./source/utils/ftm2.o
LOAD ./source/utils/ftm3.o
LOAD ./source/signal/led.o
LOAD ./source/sensors/button.o
LOAD ./source/sensors/groundsensor.o
LOAD ./source/sensors/ledbarrier.o
LOAD ./source/sensors/ultrasonic.o
LOAD ./source/program/execute.o
LOAD ./source/program/workloop.o
LOAD ./source/mot/dcmot.o
LOAD ./source/mot/liftmot.o
LOAD ./source/mot/liftmot_LichtschrankeTest.o
LOAD ./source/mot/stair_ascend.o
LOAD ./source/mot/stepmot.o
LOAD ./source/dev/ManuelTest.o
LOAD ./source/dev/MichaelTest.o
LOAD ./source/com/parse.o
LOAD ./source/com/uart1.o
LOAD ./source/main.o
LOAD ./source/semihost_hardfault.o
LOAD ./drivers/fsl_clock.o
LOAD ./drivers/fsl_common.o
LOAD ./drivers/fsl_gpio.o
LOAD ./drivers/fsl_smc.o
LOAD ./device/system_MK22F51212.o
LOAD ./board/board.o
LOAD ./board/clock_config.o
LOAD ./board/peripherals.o
LOAD ./board/pin_mux.o
START GROUP
LOAD c:/nxp/mcuxpressoide_11.3.0_5222/ide/plugins/com.nxp.mcuxpresso.tools.win32_11.3.0.202008311133/tools/bin/../lib/gcc/arm-none-eabi/9.3.1/../../../../arm-none-eabi/lib/thumb/v7e-m+fp/hard\libcr_semihost_nf.a
LOAD c:/nxp/mcuxpressoide_11.3.0_5222/ide/plugins/com.nxp.mcuxpresso.tools.win32_11.3.0.202008311133/tools/bin/../lib/gcc/arm-none-eabi/9.3.1/../../../../arm-none-eabi/lib/thumb/v7e-m+fp/hard\libcr_c.a
LOAD c:/nxp/mcuxpressoide_11.3.0_5222/ide/plugins/com.nxp.mcuxpresso.tools.win32_11.3.0.202008311133/tools/bin/../lib/gcc/arm-none-eabi/9.3.1/thumb/v7e-m+fp/hard\libcr_eabihelpers.a
LOAD c:/nxp/mcuxpressoide_11.3.0_5222/ide/plugins/com.nxp.mcuxpresso.tools.win32_11.3.0.202008311133/tools/bin/../lib/gcc/arm-none-eabi/9.3.1/thumb/v7e-m+fp/hard\libgcc.a
END GROUP
                0x00000000                __base_PROGRAM_FLASH = 0x0
                0x00000000                __base_Flash = 0x0
                0x00080000                __top_PROGRAM_FLASH = 0x80000
                0x00080000                __top_Flash = 0x80000
                0x20000000                __base_SRAM_UPPER = 0x20000000
                0x20000000                __base_RAM = 0x20000000
                0x20010000                __top_SRAM_UPPER = 0x20010000
                0x20010000                __top_RAM = 0x20010000
                0x1fff0000                __base_SRAM_LOWER = 0x1fff0000
                0x1fff0000                __base_RAM2 = 0x1fff0000
                0x20000000                __top_SRAM_LOWER = 0x20000000
                0x20000000                __top_RAM2 = 0x20000000

.text           0x00000000     0x5230
 FILL mask 0xff
                0x00000000                __vectors_start__ = ABSOLUTE (.)
 *(SORT_BY_ALIGNMENT(.isr_vector))
 .isr_vector    0x00000000      0x168 ./startup/startup_mk22f51212.o
                0x00000000                g_pfnVectors
                0x00000000                __Vectors
                0x00000168                . = ALIGN (0x4)
                0x00000168                __section_table_start = .
                0x00000168                __data_section_table = .
                0x00000168        0x4 LONG 0x5230 LOADADDR (.data)
                0x0000016c        0x4 LONG 0x20000000 ADDR (.data)
                0x00000170        0x4 LONG 0xc SIZEOF (.data)
                0x00000174        0x4 LONG 0x5230 LOADADDR (.data_RAM2)
                0x00000178        0x4 LONG 0x1fff0000 ADDR (.data_RAM2)
                0x0000017c        0x4 LONG 0x0 SIZEOF (.data_RAM2)
                0x00000180                __data_section_table_end = .
                0x00000180                __bss_section_table = .
                0x00000180        0x4 LONG 0x2000000c ADDR (.bss)
                0x00000184        0x4 LONG 0x4e4 SIZEOF (.bss)
                0x00000188        0x4 LONG 0x1fff0000 ADDR (.bss_RAM2)
                0x0000018c        0x4 LONG 0x0 SIZEOF (.bss_RAM2)
                0x00000190                __bss_section_table_end = .
                0x00000190                __section_table_end = .
 *(SORT_BY_ALIGNMENT(.after_vectors*))
 .after_vectors.reset
                0x00000190       0x4c ./startup/startup_mk22f51212.o
                0x00000190                ResetISR
 .after_vectors.init_data
                0x000001dc       0x1e ./startup/startup_mk22f51212.o
                0x000001dc                data_init
 .after_vectors.init_bss
                0x000001fa       0x12 ./startup/startup_mk22f51212.o
                0x000001fa                bss_init
 .after_vectors
                0x0000020c       0x14 ./startup/startup_mk22f51212.o
                0x0000020c                NMI_Handler
                0x00000210                MemManage_Handler
                0x00000212                BusFault_Handler
                0x00000214                UsageFault_Handler
                0x00000216                SVC_Handler
                0x00000218                DebugMon_Handler
                0x0000021a                PendSV_Handler
                0x0000021c                SysTick_Handler
                0x0000021e                DMA_Error_DriverIRQHandler
                0x0000021e                LPTMR0_DriverIRQHandler
                0x0000021e                FTM1_DriverIRQHandler
                0x0000021e                FTM2_DriverIRQHandler
                0x0000021e                PIT2_DriverIRQHandler
                0x0000021e                Reserved82_DriverIRQHandler
                0x0000021e                I2S0_Tx_DriverIRQHandler
                0x0000021e                RTC_Seconds_DriverIRQHandler
                0x0000021e                FTF_DriverIRQHandler
                0x0000021e                DMA6_DriverIRQHandler
                0x0000021e                LLWU_DriverIRQHandler
                0x0000021e                MCM_DriverIRQHandler
                0x0000021e                MCG_DriverIRQHandler
                0x0000021e                DAC1_DriverIRQHandler
                0x0000021e                SPI1_DriverIRQHandler
                0x0000021e                CMP1_DriverIRQHandler
                0x0000021e                FTM0_DriverIRQHandler
                0x0000021e                IntDefaultHandler
                0x0000021e                USB0_DriverIRQHandler
                0x0000021e                PORTC_DriverIRQHandler
                0x0000021e                DMA11_DriverIRQHandler
                0x0000021e                DAC0_DriverIRQHandler
                0x0000021e                DMA10_DriverIRQHandler
                0x0000021e                UART2_ERR_DriverIRQHandler
                0x0000021e                LVD_LVW_DriverIRQHandler
                0x0000021e                Reserved84_DriverIRQHandler
                0x0000021e                PIT0_DriverIRQHandler
                0x0000021e                RNG_DriverIRQHandler
                0x0000021e                DMA5_DriverIRQHandler
                0x0000021e                DMA12_DriverIRQHandler
                0x0000021e                UART2_RX_TX_DriverIRQHandler
                0x0000021e                DMA3_DriverIRQHandler
                0x0000021e                Reserved53_DriverIRQHandler
                0x0000021e                DMA8_DriverIRQHandler
                0x0000021e                DMA9_DriverIRQHandler
                0x0000021e                UART0_ERR_DriverIRQHandler
                0x0000021e                Reserved71_DriverIRQHandler
                0x0000021e                ADC1_DriverIRQHandler
                0x0000021e                PORTA_DriverIRQHandler
                0x0000021e                DMA14_DriverIRQHandler
                0x0000021e                PIT3_DriverIRQHandler
                0x0000021e                PIT1_DriverIRQHandler
                0x0000021e                WDOG_EWM_DriverIRQHandler
                0x0000021e                PDB0_DriverIRQHandler
                0x0000021e                Reserved83_DriverIRQHandler
                0x0000021e                Reserved61_DriverIRQHandler
                0x0000021e                RTC_DriverIRQHandler
                0x0000021e                I2S0_Rx_DriverIRQHandler
                0x0000021e                Read_Collision_DriverIRQHandler
                0x0000021e                Reserved54_DriverIRQHandler
                0x0000021e                SWI_DriverIRQHandler
                0x0000021e                PORTB_DriverIRQHandler
                0x0000021e                DMA0_DriverIRQHandler
                0x0000021e                DMA1_DriverIRQHandler
                0x0000021e                I2C1_DriverIRQHandler
                0x0000021e                DMA13_DriverIRQHandler
                0x0000021e                DMA15_DriverIRQHandler
                0x0000021e                LPUART0_DriverIRQHandler
                0x0000021e                Reserved85_DriverIRQHandler
                0x0000021e                Reserved81_DriverIRQHandler
                0x0000021e                UART0_RX_TX_DriverIRQHandler
                0x0000021e                SPI0_DriverIRQHandler
                0x0000021e                ADC0_DriverIRQHandler
                0x0000021e                CMP0_DriverIRQHandler
                0x0000021e                FTM3_DriverIRQHandler
                0x0000021e                DMA4_DriverIRQHandler
                0x0000021e                UART1_ERR_DriverIRQHandler
                0x0000021e                DMA2_DriverIRQHandler
                0x0000021e                PORTD_DriverIRQHandler
                0x0000021e                Reserved70_DriverIRQHandler
                0x0000021e                Reserved86_DriverIRQHandler
                0x0000021e                PORTE_DriverIRQHandler
                0x0000021e                I2C0_DriverIRQHandler
                0x0000021e                DMA7_DriverIRQHandler
                0x0000021e                UART1_RX_TX_DriverIRQHandler
                0x00000400                . = 0x400
 *fill*         0x00000220      0x1e0 ff
                0x00000400                PROVIDE (__FLASH_CONFIG_START__ = .)
 *(SORT_BY_ALIGNMENT(.FlashConfig))
 .FlashConfig   0x00000400       0x10 ./startup/startup_mk22f51212.o
                0x00000400                Flash_Config
                0x00000410                PROVIDE (__FLASH_CONFIG_END__ = .)
                0x00000001                ASSERT (! ((__FLASH_CONFIG_START__ == __FLASH_CONFIG_END__)), Linker Flash Config Support Enabled, but no .FlashConfig section provided within application)
 *(SORT_BY_ALIGNMENT(.text*))
 .text.__NVIC_EnableIRQ
                0x00000410       0x3c ./source/utils/ftm0.o
 .text.__NVIC_SetPriority
                0x0000044c       0x54 ./source/utils/ftm0.o
 .text.FTM0_IRQHandler
                0x000004a0       0x9c ./source/utils/ftm0.o
                0x000004a0                FTM0_IRQHandler
 .text.FTM0_INIT
                0x0000053c       0xac ./source/utils/ftm0.o
                0x0000053c                FTM0_INIT
 .text.__NVIC_EnableIRQ
                0x000005e8       0x3c ./source/utils/ftm1.o
 .text.__NVIC_SetPriority
                0x00000624       0x54 ./source/utils/ftm1.o
 .text.FTM1_IRQHandler
                0x00000678       0x3c ./source/utils/ftm1.o
                0x00000678                FTM1_IRQHandler
 .text.FTM1_INIT
                0x000006b4       0x5c ./source/utils/ftm1.o
                0x000006b4                FTM1_INIT
 .text.__NVIC_EnableIRQ
                0x00000710       0x3c ./source/utils/ftm2.o
 .text.__NVIC_SetPriority
                0x0000074c       0x54 ./source/utils/ftm2.o
 .text.FTM2_IRQHandler
                0x000007a0       0x3c ./source/utils/ftm2.o
                0x000007a0                FTM2_IRQHandler
 .text.FTM2_INIT
                0x000007dc       0x5c ./source/utils/ftm2.o
                0x000007dc                FTM2_INIT
 .text.__NVIC_EnableIRQ
                0x00000838       0x3c ./source/utils/ftm3.o
 .text.__NVIC_SetPriority
                0x00000874       0x54 ./source/utils/ftm3.o
 .text.FTM3_IRQHandler
                0x000008c8       0x9c ./source/utils/ftm3.o
                0x000008c8                FTM3_IRQHandler
 .text.FTM3_INIT
                0x00000964       0xb0 ./source/utils/ftm3.o
                0x00000964                FTM3_INIT
 .text.LED_RED_dim
                0x00000a14       0x6c ./source/signal/led.o
                0x00000a14                LED_RED_dim
 .text.LED_GREEN_dim
                0x00000a80       0x6c ./source/signal/led.o
                0x00000a80                LED_GREEN_dim
 .text.LED_BLUE_dim
                0x00000aec       0x6c ./source/signal/led.o
                0x00000aec                LED_BLUE_dim
 .text.GET_GROUND_SENSOR
                0x00000b58       0x20 ./source/sensors/groundsensor.o
                0x00000b58                GET_GROUND_SENSOR
 .text.LEDBARRIER_FRONT_GET
                0x00000b78       0x20 ./source/sensors/ledbarrier.o
                0x00000b78                LEDBARRIER_FRONT_GET
 .text.LEDBARRIER_BACK_GET
                0x00000b98       0x20 ./source/sensors/ledbarrier.o
                0x00000b98                LEDBARRIER_BACK_GET
 .text.LEDBARRIER_STEPPER_GET
                0x00000bb8       0x20 ./source/sensors/ledbarrier.o
                0x00000bb8                LEDBARRIER_STEPPER_GET
 .text.ULTRASONIC_Disable_TOF
                0x00000bd8       0x20 ./source/sensors/ultrasonic.o
 .text.ULTRASONIC_Enable_TOF
                0x00000bf8       0x20 ./source/sensors/ultrasonic.o
 .text.ULTRASONIC_get_Distance
                0x00000c18       0xa4 ./source/sensors/ultrasonic.o
                0x00000c18                ULTRASONIC_get_Distance
 .text.FTM1CH0_IRQHandler
                0x00000cbc       0x6c ./source/sensors/ultrasonic.o
                0x00000cbc                FTM1CH0_IRQHandler
 .text.FTM1TOF_IRQHandler
                0x00000d28       0x68 ./source/sensors/ultrasonic.o
                0x00000d28                FTM1TOF_IRQHandler
 .text.exec_ERROR
                0x00000d90       0x30 ./source/program/execute.o
 .text.command_selector
                0x00000dc0      0x374 ./source/program/execute.o
                0x00000dc0                command_selector
 .text.DCMOT_fine_startup_backwards
                0x00001134       0xa4 ./source/mot/dcmot.o
 .text.DCMOT_fine_startup_vorward
                0x000011d8       0xa4 ./source/mot/dcmot.o
 .text.DCMOT_sync_vorward
                0x0000127c       0x94 ./source/mot/dcmot.o
                0x0000127c                DCMOT_sync_vorward
 .text.DCMOT_sync_backward
                0x00001310       0x94 ./source/mot/dcmot.o
                0x00001310                DCMOT_sync_backward
 .text.LIFTMOT_fine_startup_down
                0x000013a4       0xac ./source/mot/liftmot.o
 .text.LIFTMOT_fine_startup_up
                0x00001450       0xac ./source/mot/liftmot.o
 .text.LIFTMOT_sync_up
                0x000014fc       0x54 ./source/mot/liftmot.o
                0x000014fc                LIFTMOT_sync_up
 .text.LIFTMOT_sync_down
                0x00001550       0x50 ./source/mot/liftmot.o
                0x00001550                LIFTMOT_sync_down
 .text.LIFTMOT_DRIVE_POS_MIDDLEUP
                0x000015a0       0xc8 ./source/mot/liftmot.o
                0x000015a0                LIFTMOT_DRIVE_POS_MIDDLEUP
 .text.LIFTMOT_DRIVE_POS_MIDDLEDOWN
                0x00001668       0x80 ./source/mot/liftmot.o
                0x00001668                LIFTMOT_DRIVE_POS_MIDDLEDOWN
 .text.LIFTMOT_DRIVE_POS_OUTERGROUND
                0x000016e8       0x58 ./source/mot/liftmot.o
                0x000016e8                LIFTMOT_DRIVE_POS_OUTERGROUND
 .text.LIFTMOT_FRONT_GROUND
                0x00001740       0x6c ./source/mot/liftmot.o
                0x00001740                LIFTMOT_FRONT_GROUND
 .text.LIFTMOT_DRIVE_POS_OUTERUP
                0x000017ac       0x48 ./source/mot/liftmot.o
                0x000017ac                LIFTMOT_DRIVE_POS_OUTERUP
 .text.LIFTMOT_GOTO_TOP
                0x000017f4       0xb8 ./source/mot/liftmot.o
                0x000017f4                LIFTMOT_GOTO_TOP
 .text.LIFTMOT_MIDSEGM_TOP
                0x000018ac       0xb0 ./source/mot/liftmot.o
                0x000018ac                LIFTMOT_MIDSEGM_TOP
 .text.LIFTMOT_LETDOWN
                0x0000195c       0x44 ./source/mot/liftmot.o
                0x0000195c                LIFTMOT_LETDOWN
 .text.stair_ascend_ascend
                0x000019a0       0xc8 ./source/mot/stair_ascend.o
                0x000019a0                stair_ascend_ascend
 .text.calc_MODULO
                0x00001a68       0x5c ./source/mot/stepmot.o
 .text.update_Driver_Revolutions
                0x00001ac4       0x28 ./source/mot/stepmot.o
 .text.init_Driver_Revolutions
                0x00001aec       0x20 ./source/mot/stepmot.o
 .text.enable_Driver_Pulse
                0x00001b0c       0x2c ./source/mot/stepmot.o
 .text.disable_Driver_Pulse
                0x00001b38       0x2c ./source/mot/stepmot.o
 .text.normal_Driver_Direction
                0x00001b64       0x18 ./source/mot/stepmot.o
 .text.reversed_Driver_Direction
                0x00001b7c       0x18 ./source/mot/stepmot.o
 .text.enable_Stepper_Driver
                0x00001b94       0x18 ./source/mot/stepmot.o
                0x00001b94                enable_Stepper_Driver
 .text.disable_Stepper_Driver
                0x00001bac       0x18 ./source/mot/stepmot.o
                0x00001bac                disable_Stepper_Driver
 .text.enable_Step_ISR
                0x00001bc4       0x2c ./source/mot/stepmot.o
 .text.disable_Step_ISR
                0x00001bf0       0x20 ./source/mot/stepmot.o
 .text.step_Size_FULL
                0x00001c10       0x34 ./source/mot/stepmot.o
 .text.step_Size_HALF
                0x00001c44       0x34 ./source/mot/stepmot.o
 .text.step_Size_1_4
                0x00001c78       0x34 ./source/mot/stepmot.o
 .text.step_Size_1_8
                0x00001cac       0x34 ./source/mot/stepmot.o
 .text.step_Size_1_16
                0x00001ce0       0x34 ./source/mot/stepmot.o
 .text.step_Size_1_32
                0x00001d14       0x34 ./source/mot/stepmot.o
 .text.step_Size_1_64
                0x00001d48       0x34 ./source/mot/stepmot.o
 .text.step_Size_1_128
                0x00001d7c       0x34 ./source/mot/stepmot.o
 .text.step_Size_Dir_Select
                0x00001db0       0xc8 ./source/mot/stepmot.o
 .text.turn_acc_STEPMOT
                0x00001e78      0x2bc ./source/mot/stepmot.o
                0x00001e78                turn_acc_STEPMOT
 .text.get_ref_dir
                0x00002134       0x2c ./source/mot/stepmot.o
                0x00002134                get_ref_dir
 .text.ref_STEPMOT
                0x00002160      0x14c ./source/mot/stepmot.o
                0x00002160                ref_STEPMOT
 .text.ref_STEPMOT_startfield
                0x000022ac      0x15c ./source/mot/stepmot.o
                0x000022ac                ref_STEPMOT_startfield
 .text.calc_turn_params
                0x00002408      0x100 ./source/mot/stepmot.o
                0x00002408                calc_turn_params
 .text.STEPPER_MIDDLEUP_TURN
                0x00002508       0x68 ./source/mot/stepmot.o
                0x00002508                STEPPER_MIDDLEUP_TURN
 .text.STEPPER_MIDDLEDOWN_TURN
                0x00002570       0x64 ./source/mot/stepmot.o
                0x00002570                STEPPER_MIDDLEDOWN_TURN
 .text.FTM2CH1_IRQHandler
                0x000025d4       0x44 ./source/mot/stepmot.o
                0x000025d4                FTM2CH1_IRQHandler
 .text.__NVIC_EnableIRQ
                0x00002618       0x3c ./source/com/uart1.o
 .text.__NVIC_DisableIRQ
                0x00002654       0x48 ./source/com/uart1.o
 .text.__NVIC_SetPriority
                0x0000269c       0x54 ./source/com/uart1.o
 .text.UART1_RX_TX_IRQHandler
                0x000026f0       0xdc ./source/com/uart1.o
                0x000026f0                UART1_RX_TX_IRQHandler
 .text.UART1_ERR_IRQHandler
                0x000027cc       0x1c ./source/com/uart1.o
                0x000027cc                UART1_ERR_IRQHandler
 .text.uart1WriteChar
                0x000027e8       0x80 ./source/com/uart1.o
                0x000027e8                uart1WriteChar
 .text.uart1ReadChar
                0x00002868       0x78 ./source/com/uart1.o
                0x00002868                uart1ReadChar
 .text.uart1HasLineReceived
                0x000028e0       0x60 ./source/com/uart1.o
                0x000028e0                uart1HasLineReceived
 .text.uart1Init
                0x00002940       0xf0 ./source/com/uart1.o
                0x00002940                uart1Init
 .text.CLOCK_SetEr32kClock
                0x00002a30       0x30 ./drivers/fsl_clock.o
 .text.CLOCK_SetPllFllSelClock
                0x00002a60       0x3c ./drivers/fsl_clock.o
 .text.CLOCK_GetOscRangeFromFreq
                0x00002a9c       0x3c ./drivers/fsl_clock.o
 .text.CLOCK_SetSimConfig
                0x00002ad8       0x38 ./drivers/fsl_clock.o
                0x00002ad8                CLOCK_SetSimConfig
 .text.CLOCK_SetExternalRefClkConfig
                0x00002b10       0x6c ./drivers/fsl_clock.o
                0x00002b10                CLOCK_SetExternalRefClkConfig
 .text.CLOCK_EnablePll0
                0x00002b7c       0x88 ./drivers/fsl_clock.o
                0x00002b7c                CLOCK_EnablePll0
 .text.CLOCK_InitOsc0
                0x00002c04       0x8c ./drivers/fsl_clock.o
                0x00002c04                CLOCK_InitOsc0
 .text.CLOCK_SetPbeMode
                0x00002c90       0xa8 ./drivers/fsl_clock.o
                0x00002c90                CLOCK_SetPbeMode
 .text.CLOCK_BootToPeeMode
                0x00002d38       0x64 ./drivers/fsl_clock.o
                0x00002d38                CLOCK_BootToPeeMode
 .text.GPIO_PinInit
                0x00002d9c       0x68 ./drivers/fsl_gpio.o
                0x00002d9c                GPIO_PinInit
 .text.SystemInit
                0x00002e04       0x3c ./device/system_MK22F51212.o
                0x00002e04                SystemInit
 .text.CLOCK_SetSimSafeDivs
                0x00002e40       0x24 ./board/clock_config.o
 .text.CLOCK_SetXtal0Freq
                0x00002e64       0x20 ./board/clock_config.o
 .text.CLOCK_CONFIG_SetFllExtRefDiv
                0x00002e84       0x3c ./board/clock_config.o
 .text.BOARD_BootClockRUN
                0x00002ec0       0x74 ./board/clock_config.o
                0x00002ec0                BOARD_BootClockRUN
 .text.BOARD_InitPins
                0x00002f34      0x348 ./board/pin_mux.o
                0x00002f34                BOARD_InitPins
 .text.__assertion_failed
                0x0000327c       0x4c c:/nxp/mcuxpressoide_11.3.0_5222/ide/plugins/com.nxp.mcuxpresso.tools.win32_11.3.0.202008311133/tools/bin/../lib/gcc/arm-none-eabi/9.3.1/../../../../arm-none-eabi/lib/thumb/v7e-m+fp/hard\libcr_semihost_nf.a(_cr_assert.o)
                0x0000327c                __assertion_failed
 .text.__sys_appexit
                0x000032c8        0xc c:/nxp/mcuxpressoide_11.3.0_5222/ide/plugins/com.nxp.mcuxpresso.tools.win32_11.3.0.202008311133/tools/bin/../lib/gcc/arm-none-eabi/9.3.1/../../../../arm-none-eabi/lib/thumb/v7e-m+fp/hard\libcr_semihost_nf.a(__sys_appexit.o)
                0x000032c8                __sys_appexit
                0x000032c8                __exit
 .text._Cwritebuf
                0x000032d4       0x6c c:/nxp/mcuxpressoide_11.3.0_5222/ide/plugins/com.nxp.mcuxpresso.tools.win32_11.3.0.202008311133/tools/bin/../lib/gcc/arm-none-eabi/9.3.1/../../../../arm-none-eabi/lib/thumb/v7e-m+fp/hard\libcr_c.a(_writebuf.o)
                0x000032d4                _Cwritebuf
 .text.malloc   0x00003340       0xc8 c:/nxp/mcuxpressoide_11.3.0_5222/ide/plugins/com.nxp.mcuxpresso.tools.win32_11.3.0.202008311133/tools/bin/../lib/gcc/arm-none-eabi/9.3.1/../../../../arm-none-eabi/lib/thumb/v7e-m+fp/hard\libcr_c.a(alloc.o)
                0x00003340                malloc
 .text._Csys_alloc
                0x00003408       0x20 c:/nxp/mcuxpressoide_11.3.0_5222/ide/plugins/com.nxp.mcuxpresso.tools.win32_11.3.0.202008311133/tools/bin/../lib/gcc/arm-none-eabi/9.3.1/../../../../arm-none-eabi/lib/thumb/v7e-m+fp/hard\libcr_c.a(alloc.o)
                0x00003408                _Csys_alloc
 .text.ceil     0x00003428       0x94 c:/nxp/mcuxpressoide_11.3.0_5222/ide/plugins/com.nxp.mcuxpresso.tools.win32_11.3.0.202008311133/tools/bin/../lib/gcc/arm-none-eabi/9.3.1/../../../../arm-none-eabi/lib/thumb/v7e-m+fp/hard\libcr_c.a(ceil.o)
                0x00003428                ceil
 .text.fseek    0x000034bc      0x100 c:/nxp/mcuxpressoide_11.3.0_5222/ide/plugins/com.nxp.mcuxpresso.tools.win32_11.3.0.202008311133/tools/bin/../lib/gcc/arm-none-eabi/9.3.1/../../../../arm-none-eabi/lib/thumb/v7e-m+fp/hard\libcr_c.a(fseek.o)
                0x000034bc                fseek
 .text.ftell    0x000035bc       0x44 c:/nxp/mcuxpressoide_11.3.0_5222/ide/plugins/com.nxp.mcuxpresso.tools.win32_11.3.0.202008311133/tools/bin/../lib/gcc/arm-none-eabi/9.3.1/../../../../arm-none-eabi/lib/thumb/v7e-m+fp/hard\libcr_c.a(ftell.o)
                0x000035bc                ftell
 .text._initio  0x00003600       0x78 c:/nxp/mcuxpressoide_11.3.0_5222/ide/plugins/com.nxp.mcuxpresso.tools.win32_11.3.0.202008311133/tools/bin/../lib/gcc/arm-none-eabi/9.3.1/../../../../arm-none-eabi/lib/thumb/v7e-m+fp/hard\libcr_c.a(initio.o)
                0x00003600                _initio
 .text._sbrk    0x00003678       0x3c c:/nxp/mcuxpressoide_11.3.0_5222/ide/plugins/com.nxp.mcuxpresso.tools.win32_11.3.0.202008311133/tools/bin/../lib/gcc/arm-none-eabi/9.3.1/../../../../arm-none-eabi/lib/thumb/v7e-m+fp/hard\libcr_c.a(_cr_sbrk.o)
                0x00003678                _sbrk
 .text.fflush   0x000036b4       0x44 c:/nxp/mcuxpressoide_11.3.0_5222/ide/plugins/com.nxp.mcuxpresso.tools.win32_11.3.0.202008311133/tools/bin/../lib/gcc/arm-none-eabi/9.3.1/../../../../arm-none-eabi/lib/thumb/v7e-m+fp/hard\libcr_c.a(fflush.o)
                0x000036b4                fflush
 .text.__check_heap_overflow
                0x000036f8       0x18 c:/nxp/mcuxpressoide_11.3.0_5222/ide/plugins/com.nxp.mcuxpresso.tools.win32_11.3.0.202008311133/tools/bin/../lib/gcc/arm-none-eabi/9.3.1/../../../../arm-none-eabi/lib/thumb/v7e-m+fp/hard\libcr_c.a(_cr_check_heap.o)
                0x000036f8                __check_heap_overflow
 .text.__aeabi_dmul
                0x00003710      0x114 c:/nxp/mcuxpressoide_11.3.0_5222/ide/plugins/com.nxp.mcuxpresso.tools.win32_11.3.0.202008311133/tools/bin/../lib/gcc/arm-none-eabi/9.3.1/thumb/v7e-m+fp/hard\libcr_eabihelpers.a(double.o)
                0x00003710                __aeabi_dmul
 .text.__aeabi_ddiv
                0x00003824      0x144 c:/nxp/mcuxpressoide_11.3.0_5222/ide/plugins/com.nxp.mcuxpresso.tools.win32_11.3.0.202008311133/tools/bin/../lib/gcc/arm-none-eabi/9.3.1/thumb/v7e-m+fp/hard\libcr_eabihelpers.a(double.o)
                0x00003824                __aeabi_ddiv
 .text.__aeabi_dsub
                0x00003968      0x1b0 c:/nxp/mcuxpressoide_11.3.0_5222/ide/plugins/com.nxp.mcuxpresso.tools.win32_11.3.0.202008311133/tools/bin/../lib/gcc/arm-none-eabi/9.3.1/thumb/v7e-m+fp/hard\libcr_eabihelpers.a(double.o)
                0x00003968                __aeabi_dsub
 .text.__aeabi_dadd
                0x00003b18      0x114 c:/nxp/mcuxpressoide_11.3.0_5222/ide/plugins/com.nxp.mcuxpresso.tools.win32_11.3.0.202008311133/tools/bin/../lib/gcc/arm-none-eabi/9.3.1/thumb/v7e-m+fp/hard\libcr_eabihelpers.a(double.o)
                0x00003b18                __aeabi_dadd
 .text.__aeabi_d2f
                0x00003c2c       0x58 c:/nxp/mcuxpressoide_11.3.0_5222/ide/plugins/com.nxp.mcuxpresso.tools.win32_11.3.0.202008311133/tools/bin/../lib/gcc/arm-none-eabi/9.3.1/thumb/v7e-m+fp/hard\libcr_eabihelpers.a(double.o)
                0x00003c2c                __aeabi_d2f
 .text.__aeabi_f2d
                0x00003c84       0x38 c:/nxp/mcuxpressoide_11.3.0_5222/ide/plugins/com.nxp.mcuxpresso.tools.win32_11.3.0.202008311133/tools/bin/../lib/gcc/arm-none-eabi/9.3.1/thumb/v7e-m+fp/hard\libcr_eabihelpers.a(float.o)
                0x00003c84                __aeabi_f2d
 .text.DMA0_IRQHandler
                0x00003cbc        0x8 ./startup/startup_mk22f51212.o
                0x00003cbc                DMA0_IRQHandler
 .text.DMA1_IRQHandler
                0x00003cc4        0x8 ./startup/startup_mk22f51212.o
                0x00003cc4                DMA1_IRQHandler
 .text.DMA2_IRQHandler
                0x00003ccc        0x8 ./startup/startup_mk22f51212.o
                0x00003ccc                DMA2_IRQHandler
 .text.DMA3_IRQHandler
                0x00003cd4        0x8 ./startup/startup_mk22f51212.o
                0x00003cd4                DMA3_IRQHandler
 .text.DMA4_IRQHandler
                0x00003cdc        0x8 ./startup/startup_mk22f51212.o
                0x00003cdc                DMA4_IRQHandler
 .text.DMA5_IRQHandler
                0x00003ce4        0x8 ./startup/startup_mk22f51212.o
                0x00003ce4                DMA5_IRQHandler
 .text.DMA6_IRQHandler
                0x00003cec        0x8 ./startup/startup_mk22f51212.o
                0x00003cec                DMA6_IRQHandler
 .text.DMA7_IRQHandler
                0x00003cf4        0x8 ./startup/startup_mk22f51212.o
                0x00003cf4                DMA7_IRQHandler
 .text.DMA8_IRQHandler
                0x00003cfc        0x8 ./startup/startup_mk22f51212.o
                0x00003cfc                DMA8_IRQHandler
 .text.DMA9_IRQHandler
                0x00003d04        0x8 ./startup/startup_mk22f51212.o
                0x00003d04                DMA9_IRQHandler
 .text.DMA10_IRQHandler
                0x00003d0c        0x8 ./startup/startup_mk22f51212.o
                0x00003d0c                DMA10_IRQHandler
 .text.DMA11_IRQHandler
                0x00003d14        0x8 ./startup/startup_mk22f51212.o
                0x00003d14                DMA11_IRQHandler
 .text.DMA12_IRQHandler
                0x00003d1c        0x8 ./startup/startup_mk22f51212.o
                0x00003d1c                DMA12_IRQHandler
 .text.DMA13_IRQHandler
                0x00003d24        0x8 ./startup/startup_mk22f51212.o
                0x00003d24                DMA13_IRQHandler
 .text.DMA14_IRQHandler
                0x00003d2c        0x8 ./startup/startup_mk22f51212.o
                0x00003d2c                DMA14_IRQHandler
 .text.DMA15_IRQHandler
                0x00003d34        0x8 ./startup/startup_mk22f51212.o
                0x00003d34                DMA15_IRQHandler
 .text.DMA_Error_IRQHandler
                0x00003d3c        0x8 ./startup/startup_mk22f51212.o
                0x00003d3c                DMA_Error_IRQHandler
 .text.MCM_IRQHandler
                0x00003d44        0x8 ./startup/startup_mk22f51212.o
                0x00003d44                MCM_IRQHandler
 .text.FTF_IRQHandler
                0x00003d4c        0x8 ./startup/startup_mk22f51212.o
                0x00003d4c                FTF_IRQHandler
 .text.Read_Collision_IRQHandler
                0x00003d54        0x8 ./startup/startup_mk22f51212.o
                0x00003d54                Read_Collision_IRQHandler
 .text.LVD_LVW_IRQHandler
                0x00003d5c        0x8 ./startup/startup_mk22f51212.o
                0x00003d5c                LVD_LVW_IRQHandler
 .text.LLWU_IRQHandler
                0x00003d64        0x8 ./startup/startup_mk22f51212.o
                0x00003d64                LLWU_IRQHandler
 .text.WDOG_EWM_IRQHandler
                0x00003d6c        0x8 ./startup/startup_mk22f51212.o
                0x00003d6c                WDOG_EWM_IRQHandler
 .text.RNG_IRQHandler
                0x00003d74        0x8 ./startup/startup_mk22f51212.o
                0x00003d74                RNG_IRQHandler
 .text.I2C0_IRQHandler
                0x00003d7c        0x8 ./startup/startup_mk22f51212.o
                0x00003d7c                I2C0_IRQHandler
 .text.I2C1_IRQHandler
                0x00003d84        0x8 ./startup/startup_mk22f51212.o
                0x00003d84                I2C1_IRQHandler
 .text.SPI0_IRQHandler
                0x00003d8c        0x8 ./startup/startup_mk22f51212.o
                0x00003d8c                SPI0_IRQHandler
 .text.SPI1_IRQHandler
                0x00003d94        0x8 ./startup/startup_mk22f51212.o
                0x00003d94                SPI1_IRQHandler
 .text.I2S0_Tx_IRQHandler
                0x00003d9c        0x8 ./startup/startup_mk22f51212.o
                0x00003d9c                I2S0_Tx_IRQHandler
 .text.I2S0_Rx_IRQHandler
                0x00003da4        0x8 ./startup/startup_mk22f51212.o
                0x00003da4                I2S0_Rx_IRQHandler
 .text.LPUART0_IRQHandler
                0x00003dac        0x8 ./startup/startup_mk22f51212.o
                0x00003dac                LPUART0_IRQHandler
 .text.UART0_RX_TX_IRQHandler
                0x00003db4        0x8 ./startup/startup_mk22f51212.o
                0x00003db4                UART0_RX_TX_IRQHandler
 .text.UART0_ERR_IRQHandler
                0x00003dbc        0x8 ./startup/startup_mk22f51212.o
                0x00003dbc                UART0_ERR_IRQHandler
 .text.UART2_RX_TX_IRQHandler
                0x00003dc4        0x8 ./startup/startup_mk22f51212.o
                0x00003dc4                UART2_RX_TX_IRQHandler
 .text.UART2_ERR_IRQHandler
                0x00003dcc        0x8 ./startup/startup_mk22f51212.o
                0x00003dcc                UART2_ERR_IRQHandler
 .text.Reserved53_IRQHandler
                0x00003dd4        0x8 ./startup/startup_mk22f51212.o
                0x00003dd4                Reserved53_IRQHandler
 .text.Reserved54_IRQHandler
                0x00003ddc        0x8 ./startup/startup_mk22f51212.o
                0x00003ddc                Reserved54_IRQHandler
 .text.ADC0_IRQHandler
                0x00003de4        0x8 ./startup/startup_mk22f51212.o
                0x00003de4                ADC0_IRQHandler
 .text.CMP0_IRQHandler
                0x00003dec        0x8 ./startup/startup_mk22f51212.o
                0x00003dec                CMP0_IRQHandler
 .text.CMP1_IRQHandler
                0x00003df4        0x8 ./startup/startup_mk22f51212.o
                0x00003df4                CMP1_IRQHandler
 .text.Reserved61_IRQHandler
                0x00003dfc        0x8 ./startup/startup_mk22f51212.o
                0x00003dfc                Reserved61_IRQHandler
 .text.RTC_IRQHandler
                0x00003e04        0x8 ./startup/startup_mk22f51212.o
                0x00003e04                RTC_IRQHandler
 .text.RTC_Seconds_IRQHandler
                0x00003e0c        0x8 ./startup/startup_mk22f51212.o
                0x00003e0c                RTC_Seconds_IRQHandler
 .text.PIT0_IRQHandler
                0x00003e14        0x8 ./startup/startup_mk22f51212.o
                0x00003e14                PIT0_IRQHandler
 .text.PIT1_IRQHandler
                0x00003e1c        0x8 ./startup/startup_mk22f51212.o
                0x00003e1c                PIT1_IRQHandler
 .text.PIT2_IRQHandler
                0x00003e24        0x8 ./startup/startup_mk22f51212.o
                0x00003e24                PIT2_IRQHandler
 .text.PIT3_IRQHandler
                0x00003e2c        0x8 ./startup/startup_mk22f51212.o
                0x00003e2c                PIT3_IRQHandler
 .text.PDB0_IRQHandler
                0x00003e34        0x8 ./startup/startup_mk22f51212.o
                0x00003e34                PDB0_IRQHandler
 .text.USB0_IRQHandler
                0x00003e3c        0x8 ./startup/startup_mk22f51212.o
                0x00003e3c                USB0_IRQHandler
 .text.Reserved70_IRQHandler
                0x00003e44        0x8 ./startup/startup_mk22f51212.o
                0x00003e44                Reserved70_IRQHandler
 .text.Reserved71_IRQHandler
                0x00003e4c        0x8 ./startup/startup_mk22f51212.o
                0x00003e4c                Reserved71_IRQHandler
 .text.DAC0_IRQHandler
                0x00003e54        0x8 ./startup/startup_mk22f51212.o
                0x00003e54                DAC0_IRQHandler
 .text.MCG_IRQHandler
                0x00003e5c        0x8 ./startup/startup_mk22f51212.o
                0x00003e5c                MCG_IRQHandler
 .text.LPTMR0_IRQHandler
                0x00003e64        0x8 ./startup/startup_mk22f51212.o
                0x00003e64                LPTMR0_IRQHandler
 .text.PORTA_IRQHandler
                0x00003e6c        0x8 ./startup/startup_mk22f51212.o
                0x00003e6c                PORTA_IRQHandler
 .text.PORTB_IRQHandler
                0x00003e74        0x8 ./startup/startup_mk22f51212.o
                0x00003e74                PORTB_IRQHandler
 .text.PORTC_IRQHandler
                0x00003e7c        0x8 ./startup/startup_mk22f51212.o
                0x00003e7c                PORTC_IRQHandler
 .text.PORTD_IRQHandler
                0x00003e84        0x8 ./startup/startup_mk22f51212.o
                0x00003e84                PORTD_IRQHandler
 .text.PORTE_IRQHandler
                0x00003e8c        0x8 ./startup/startup_mk22f51212.o
                0x00003e8c                PORTE_IRQHandler
 .text.SWI_IRQHandler
                0x00003e94        0x8 ./startup/startup_mk22f51212.o
                0x00003e94                SWI_IRQHandler
 .text.Reserved81_IRQHandler
                0x00003e9c        0x8 ./startup/startup_mk22f51212.o
                0x00003e9c                Reserved81_IRQHandler
 .text.Reserved82_IRQHandler
                0x00003ea4        0x8 ./startup/startup_mk22f51212.o
                0x00003ea4                Reserved82_IRQHandler
 .text.Reserved83_IRQHandler
                0x00003eac        0x8 ./startup/startup_mk22f51212.o
                0x00003eac                Reserved83_IRQHandler
 .text.Reserved84_IRQHandler
                0x00003eb4        0x8 ./startup/startup_mk22f51212.o
                0x00003eb4                Reserved84_IRQHandler
 .text.Reserved85_IRQHandler
                0x00003ebc        0x8 ./startup/startup_mk22f51212.o
                0x00003ebc                Reserved85_IRQHandler
 .text.Reserved86_IRQHandler
                0x00003ec4        0x8 ./startup/startup_mk22f51212.o
                0x00003ec4                Reserved86_IRQHandler
 .text.DAC1_IRQHandler
                0x00003ecc        0x8 ./startup/startup_mk22f51212.o
                0x00003ecc                DAC1_IRQHandler
 .text.ADC1_IRQHandler
                0x00003ed4        0x8 ./startup/startup_mk22f51212.o
                0x00003ed4                ADC1_IRQHandler
 .text.Default_Handler_FTM0
                0x00003edc       0x10 ./source/utils/ftm0.o
                0x00003edc                FTM0CH5_IRQHandler
                0x00003edc                FTM0CH7_IRQHandler
                0x00003edc                FTM0CH1_IRQHandler
                0x00003edc                FTM0CH0_IRQHandler
                0x00003edc                Default_Handler_FTM0
                0x00003edc                FTM0CH4_IRQHandler
                0x00003edc                FTM0CH6_IRQHandler
                0x00003edc                FTM0TOF_IRQHandler
                0x00003edc                FTM0CH2_IRQHandler
                0x00003edc                FTM0CH3_IRQHandler
 .text.Default_Handler_FTM1
                0x00003eec       0x10 ./source/utils/ftm1.o
                0x00003eec                Default_Handler_FTM1
                0x00003eec                FTM1CH1_IRQHandler
 .text.Default_Handler_FTM2
                0x00003efc       0x10 ./source/utils/ftm2.o
                0x00003efc                Default_Handler_FTM2
                0x00003efc                FTM2TOF_IRQHandler
                0x00003efc                FTM2CH0_IRQHandler
 .text.Default_Handler_FTM3
                0x00003f0c       0x10 ./source/utils/ftm3.o
                0x00003f0c                FTM3CH6_IRQHandler
                0x00003f0c                FTM3CH7_IRQHandler
                0x00003f0c                FTM3CH0_IRQHandler
                0x00003f0c                FTM3TOF_IRQHandler
                0x00003f0c                FTM3CH3_IRQHandler
                0x00003f0c                Default_Handler_FTM3
                0x00003f0c                FTM3CH4_IRQHandler
                0x00003f0c                FTM3CH2_IRQHandler
                0x00003f0c                FTM3CH5_IRQHandler
                0x00003f0c                FTM3CH1_IRQHandler
 .text.LED_INIT
                0x00003f1c       0x1a ./source/signal/led.o
                0x00003f1c                LED_INIT
 .text.GPIO_PinRead
                0x00003f36       0x24 ./source/sensors/groundsensor.o
 .text.GPIO_PinRead
                0x00003f5a       0x24 ./source/sensors/ledbarrier.o
 .text.GPIO_PinWrite
                0x00003f7e       0x3a ./source/sensors/ultrasonic.o
 .text.exec_LED_RED
                0x00003fb8       0x4c ./source/program/execute.o
 .text.exec_LED_GREEN
                0x00004004       0x4c ./source/program/execute.o
 .text.exec_LED_BLUE
                0x00004050       0x4c ./source/program/execute.o
 .text.exec_DCMOT1_FORWARD
                0x0000409c       0x4e ./source/program/execute.o
 .text.exec_DCMOT1_BACKWARD
                0x000040ea       0x4e ./source/program/execute.o
 .text.exec_DCMOTORS_FORWARD
                0x00004138       0x4e ./source/program/execute.o
 .text.exec_DCMOTORS_BACKWARD
                0x00004186       0x4e ./source/program/execute.o
 .text.exec_STEPPER_MIDDLEUP_TURN
                0x000041d4       0x4c ./source/program/execute.o
 .text.exec_STEPPER_MIDDLEDOWN_TURN
                0x00004220       0x4c ./source/program/execute.o
 .text.exec_STEPPER_GOTO_REF_MIDDLEUP
                0x0000426c       0x4c ./source/program/execute.o
 .text.exec_STEPPER_GOTO_REF_STARTFIELD
                0x000042b8       0x4c ./source/program/execute.o
 .text.exec_USONIC_GET
                0x00004304       0x88 ./source/program/execute.o
 .text.exec_DRIVE_POS_MIDDLEUP
                0x0000438c       0x46 ./source/program/execute.o
 .text.exec_DRIVE_POS_MIDDLEDOWN
                0x000043d2       0x46 ./source/program/execute.o
 .text.exec_DRIVE_POS_OUTERONGROUND
                0x00004418       0x46 ./source/program/execute.o
 .text.exec_DRIVE_POS_OUTERUP
                0x0000445e       0x46 ./source/program/execute.o
 .text.exec_DRIVE_POS_FRONTUP
                0x000044a4       0x48 ./source/program/execute.o
 .text.exec_DRIVE_POS_FRONTGROUND
                0x000044ec       0x46 ./source/program/execute.o
 .text.exec_CLIMB_ONESTEP
                0x00004532       0x46 ./source/program/execute.o
 .text.workloop
                0x00004578       0x5a ./source/program/workloop.o
                0x00004578                workloop
 .text.DCMOT_short_delay
                0x000045d2       0x2c ./source/mot/dcmot.o
 .text.DCMOT_vorward
                0x000045fe       0x5c ./source/mot/dcmot.o
                0x000045fe                DCMOT_vorward
 .text.DCMOT_backward
                0x0000465a       0x5c ./source/mot/dcmot.o
                0x0000465a                DCMOT_backward
 .text.LIFTMOT_short_delay
                0x000046b6       0x2c ./source/mot/liftmot.o
 .text.wait     0x000046e2       0x2c ./source/mot/liftmot.o
 .text.LIFTMOT_up
                0x0000470e       0x42 ./source/mot/liftmot.o
                0x0000470e                LIFTMOT_up
 .text.LIFTMOT_down
                0x00004750       0x42 ./source/mot/liftmot.o
                0x00004750                LIFTMOT_down
 .text.wait     0x00004792       0x2c ./source/mot/stair_ascend.o
 .text.GPIO_PinWrite
                0x000047be       0x3a ./source/mot/stepmot.o
 .text.parse_cmd_line
                0x000047f8      0x1c4 ./source/com/parse.o
                0x000047f8                parse_cmd_line
 .text.NVIC_DisableIRQEx
                0x000049bc       0x24 ./source/com/uart1.o
 .text.uart1WriteCommand
                0x000049e0       0x3e ./source/com/uart1.o
                0x000049e0                uart1WriteCommand
 .text.uart1ReadLine
                0x00004a1e       0x4c ./source/com/uart1.o
                0x00004a1e                uart1ReadLine
 .text.main     0x00004a6a       0x3a ./source/main.o
                0x00004a6a                main
 .text.HardFault_Handler
                0x00004aa4       0x2c ./source/semihost_hardfault.o
                0x00004aa4                HardFault_Handler
 .text.OSC_SetExtRefClkConfig
                0x00004ad0       0x40 ./drivers/fsl_clock.o
 .text.OSC_SetCapLoad
                0x00004b10       0x34 ./drivers/fsl_clock.o
 .text.GPIO_PinWrite
                0x00004b44       0x3a ./drivers/fsl_gpio.o
 .text.SMC_SetPowerModeHsrun
                0x00004b7e       0x32 ./drivers/fsl_smc.o
                0x00004b7e                SMC_SetPowerModeHsrun
 .text.SystemInitHook
                0x00004bb0        0xe ./device/system_MK22F51212.o
                0x00004bb0                SystemInitHook
 .text.SMC_SetPowerModeProtection
                0x00004bbe       0x1e ./board/clock_config.o
 .text.SMC_GetPowerModeState
                0x00004bdc       0x1a ./board/clock_config.o
 .text.BOARD_InitBootClocks
                0x00004bf6        0xc ./board/clock_config.o
                0x00004bf6                BOARD_InitBootClocks
 .text.BOARD_InitPeripherals
                0x00004c02        0xe ./board/peripherals.o
                0x00004c02                BOARD_InitPeripherals
 .text.BOARD_InitBootPeripherals
                0x00004c10        0xc ./board/peripherals.o
                0x00004c10                BOARD_InitBootPeripherals
 .text.CLOCK_EnableClock
                0x00004c1c       0x34 ./board/pin_mux.o
 .text.PORT_SetPinMux
                0x00004c50       0x3a ./board/pin_mux.o
 .text.BOARD_InitBootPins
                0x00004c8a        0xc ./board/pin_mux.o
                0x00004c8a                BOARD_InitBootPins
 .text.__main   0x00004c96        0xe c:/nxp/mcuxpressoide_11.3.0_5222/ide/plugins/com.nxp.mcuxpresso.tools.win32_11.3.0.202008311133/tools/bin/../lib/gcc/arm-none-eabi/9.3.1/../../../../arm-none-eabi/lib/thumb/v7e-m+fp/hard\libcr_semihost_nf.a(_cr__main.o)
                0x00004c96                __CR_SEMIHOST
                0x00004c96                __main
 .text._deferredlazyseek
                0x00004ca4       0x40 c:/nxp/mcuxpressoide_11.3.0_5222/ide/plugins/com.nxp.mcuxpresso.tools.win32_11.3.0.202008311133/tools/bin/../lib/gcc/arm-none-eabi/9.3.1/../../../../arm-none-eabi/lib/thumb/v7e-m+fp/hard\libcr_c.a(_deferredlazyseek.o)
                0x00004ca4                _deferredlazyseek
 .text.__flsbuf
                0x00004ce4      0x140 c:/nxp/mcuxpressoide_11.3.0_5222/ide/plugins/com.nxp.mcuxpresso.tools.win32_11.3.0.202008311133/tools/bin/../lib/gcc/arm-none-eabi/9.3.1/../../../../arm-none-eabi/lib/thumb/v7e-m+fp/hard\libcr_c.a(_deferredlazyseek.o)
                0x00004ce4                __flsbuf
 .text._fflush  0x00004e24       0x52 c:/nxp/mcuxpressoide_11.3.0_5222/ide/plugins/com.nxp.mcuxpresso.tools.win32_11.3.0.202008311133/tools/bin/../lib/gcc/arm-none-eabi/9.3.1/../../../../arm-none-eabi/lib/thumb/v7e-m+fp/hard\libcr_c.a(_fflush.o)
                0x00004e24                _fflush
 .text.free     0x00004e76       0x30 c:/nxp/mcuxpressoide_11.3.0_5222/ide/plugins/com.nxp.mcuxpresso.tools.win32_11.3.0.202008311133/tools/bin/../lib/gcc/arm-none-eabi/9.3.1/../../../../arm-none-eabi/lib/thumb/v7e-m+fp/hard\libcr_c.a(alloc.o)
                0x00004e76                free
 .text.fputs    0x00004ea6       0x2c c:/nxp/mcuxpressoide_11.3.0_5222/ide/plugins/com.nxp.mcuxpresso.tools.win32_11.3.0.202008311133/tools/bin/../lib/gcc/arm-none-eabi/9.3.1/../../../../arm-none-eabi/lib/thumb/v7e-m+fp/hard\libcr_c.a(fputs.o)
                0x00004ea6                fputs
 .text.setvbuf  0x00004ed2       0x3e c:/nxp/mcuxpressoide_11.3.0_5222/ide/plugins/com.nxp.mcuxpresso.tools.win32_11.3.0.202008311133/tools/bin/../lib/gcc/arm-none-eabi/9.3.1/../../../../arm-none-eabi/lib/thumb/v7e-m+fp/hard\libcr_c.a(setvbuf.o)
                0x00004ed2                setvbuf
 .text.strlen   0x00004f10       0x4c c:/nxp/mcuxpressoide_11.3.0_5222/ide/plugins/com.nxp.mcuxpresso.tools.win32_11.3.0.202008311133/tools/bin/../lib/gcc/arm-none-eabi/9.3.1/../../../../arm-none-eabi/lib/thumb/v7e-m+fp/hard\libcr_c.a(strlen.o)
                0x00004f10                strlen
 .text.memset   0x00004f5c        0x4 c:/nxp/mcuxpressoide_11.3.0_5222/ide/plugins/com.nxp.mcuxpresso.tools.win32_11.3.0.202008311133/tools/bin/../lib/gcc/arm-none-eabi/9.3.1/../../../../arm-none-eabi/lib/thumb/v7e-m+fp/hard\libcr_c.a(memset.o)
                0x00004f5c                memset
 .text._fdopen  0x00004f60       0x68 c:/nxp/mcuxpressoide_11.3.0_5222/ide/plugins/com.nxp.mcuxpresso.tools.win32_11.3.0.202008311133/tools/bin/../lib/gcc/arm-none-eabi/9.3.1/../../../../arm-none-eabi/lib/thumb/v7e-m+fp/hard\libcr_c.a(_fdopen.o)
                0x00004f60                _fdopen
 .text.fclose   0x00004fc8       0x58 c:/nxp/mcuxpressoide_11.3.0_5222/ide/plugins/com.nxp.mcuxpresso.tools.win32_11.3.0.202008311133/tools/bin/../lib/gcc/arm-none-eabi/9.3.1/../../../../arm-none-eabi/lib/thumb/v7e-m+fp/hard\libcr_c.a(fclose.o)
                0x00004fc8                fclose
 .text.remove   0x00005020       0x14 c:/nxp/mcuxpressoide_11.3.0_5222/ide/plugins/com.nxp.mcuxpresso.tools.win32_11.3.0.202008311133/tools/bin/../lib/gcc/arm-none-eabi/9.3.1/../../../../arm-none-eabi/lib/thumb/v7e-m+fp/hard\libcr_c.a(remove.o)
                0x00005020                remove
 .text._do_fflush
                0x00005034       0x40 c:/nxp/mcuxpressoide_11.3.0_5222/ide/plugins/com.nxp.mcuxpresso.tools.win32_11.3.0.202008311133/tools/bin/../lib/gcc/arm-none-eabi/9.3.1/../../../../arm-none-eabi/lib/thumb/v7e-m+fp/hard\libcr_c.a(_do_fflush.o)
                0x00005034                _do_fflush
 .text.__aeabi_d2uiz
                0x00005074       0x30 c:/nxp/mcuxpressoide_11.3.0_5222/ide/plugins/com.nxp.mcuxpresso.tools.win32_11.3.0.202008311133/tools/bin/../lib/gcc/arm-none-eabi/9.3.1/thumb/v7e-m+fp/hard\libcr_eabihelpers.a(double.o)
                0x00005074                __aeabi_d2uiz
 .text.__aeabi_dcmpeq
                0x000050a4       0x30 c:/nxp/mcuxpressoide_11.3.0_5222/ide/plugins/com.nxp.mcuxpresso.tools.win32_11.3.0.202008311133/tools/bin/../lib/gcc/arm-none-eabi/9.3.1/thumb/v7e-m+fp/hard\libcr_eabihelpers.a(double.o)
                0x000050a4                __aeabi_dcmpeq
 .text.__aeabi_memset_lowlevel
                0x000050d4       0x32 c:/nxp/mcuxpressoide_11.3.0_5222/ide/plugins/com.nxp.mcuxpresso.tools.win32_11.3.0.202008311133/tools/bin/../lib/gcc/arm-none-eabi/9.3.1/thumb/v7e-m+fp/hard\libcr_eabihelpers.a(memcpy.o)
                0x000050d4                __aeabi_lowlevel_memset
 .text.__sys_close
                0x00005106        0xc c:/nxp/mcuxpressoide_11.3.0_5222/ide/plugins/com.nxp.mcuxpresso.tools.win32_11.3.0.202008311133/tools/bin/../lib/gcc/arm-none-eabi/9.3.1/../../../../arm-none-eabi/lib/thumb/v7e-m+fp/hard\libcr_semihost_nf.a(__sys_close.o)
                0x00005106                __sys_close
 .text.__sys_flen
                0x00005112        0xc c:/nxp/mcuxpressoide_11.3.0_5222/ide/plugins/com.nxp.mcuxpresso.tools.win32_11.3.0.202008311133/tools/bin/../lib/gcc/arm-none-eabi/9.3.1/../../../../arm-none-eabi/lib/thumb/v7e-m+fp/hard\libcr_semihost_nf.a(__sys_flen.o)
                0x00005112                __sys_flen
 .text.__sys_istty
                0x0000511e        0xc c:/nxp/mcuxpressoide_11.3.0_5222/ide/plugins/com.nxp.mcuxpresso.tools.win32_11.3.0.202008311133/tools/bin/../lib/gcc/arm-none-eabi/9.3.1/../../../../arm-none-eabi/lib/thumb/v7e-m+fp/hard\libcr_semihost_nf.a(__sys_istty.o)
                0x0000511e                __sys_istty
 .text.__sys_remove
                0x0000512a        0xc c:/nxp/mcuxpressoide_11.3.0_5222/ide/plugins/com.nxp.mcuxpresso.tools.win32_11.3.0.202008311133/tools/bin/../lib/gcc/arm-none-eabi/9.3.1/../../../../arm-none-eabi/lib/thumb/v7e-m+fp/hard\libcr_semihost_nf.a(__sys_remove.o)
                0x0000512a                __sys_remove
 .text.__sys_seek
                0x00005136        0xc c:/nxp/mcuxpressoide_11.3.0_5222/ide/plugins/com.nxp.mcuxpresso.tools.win32_11.3.0.202008311133/tools/bin/../lib/gcc/arm-none-eabi/9.3.1/../../../../arm-none-eabi/lib/thumb/v7e-m+fp/hard\libcr_semihost_nf.a(__sys_seek.o)
                0x00005136                __sys_seek
 .text.__sys_tmpnam
                0x00005142        0xc c:/nxp/mcuxpressoide_11.3.0_5222/ide/plugins/com.nxp.mcuxpresso.tools.win32_11.3.0.202008311133/tools/bin/../lib/gcc/arm-none-eabi/9.3.1/../../../../arm-none-eabi/lib/thumb/v7e-m+fp/hard\libcr_semihost_nf.a(__sys_tmpnam.o)
                0x00005142                __sys_tmpnam
 .text.__sys_write
                0x0000514e        0xc c:/nxp/mcuxpressoide_11.3.0_5222/ide/plugins/com.nxp.mcuxpresso.tools.win32_11.3.0.202008311133/tools/bin/../lib/gcc/arm-none-eabi/9.3.1/../../../../arm-none-eabi/lib/thumb/v7e-m+fp/hard\libcr_semihost_nf.a(__sys_write.o)
                0x0000514e                __sys_write
 *(SORT_BY_ALIGNMENT(.rodata) SORT_BY_ALIGNMENT(.rodata.*) SORT_BY_ALIGNMENT(.constdata) SORT_BY_ALIGNMENT(.constdata.*))
 *fill*         0x0000515a        0x2 ff
 .rodata.exec_ERROR.str1.4
                0x0000515c        0x8 ./source/program/execute.o
 .rodata.CLOCK_EnablePll0.str1.4
                0x00005164       0x1b ./drivers/fsl_clock.o
 *fill*         0x0000517f        0x1 ff
 .rodata.CLOCK_SetPbeMode.str1.4
                0x00005180       0x1b ./drivers/fsl_clock.o
 *fill*         0x0000519b        0x1 ff
 .rodata.CLOCK_BootToPeeMode.str1.4
                0x0000519c       0x1b ./drivers/fsl_clock.o
 *fill*         0x000051b7        0x1 ff
 .rodata.GPIO_PinInit.str1.4
                0x000051b8       0x21 ./drivers/fsl_gpio.o
 *fill*         0x000051d9        0x3 ff
 .rodata.mcgConfig_BOARD_BootClockRUN
                0x000051dc        0xb ./board/clock_config.o
                0x000051dc                mcgConfig_BOARD_BootClockRUN
 *fill*         0x000051e7        0x1 ff
 .rodata.simConfig_BOARD_BootClockRUN
                0x000051e8        0x8 ./board/clock_config.o
                0x000051e8                simConfig_BOARD_BootClockRUN
 .rodata.oscConfig_BOARD_BootClockRUN
                0x000051f0        0x8 ./board/clock_config.o
                0x000051f0                oscConfig_BOARD_BootClockRUN
 .rodata.__num_Ciob_streams
                0x000051f8        0x4 c:/nxp/mcuxpressoide_11.3.0_5222/ide/plugins/com.nxp.mcuxpresso.tools.win32_11.3.0.202008311133/tools/bin/../lib/gcc/arm-none-eabi/9.3.1/../../../../arm-none-eabi/lib/thumb/v7e-m+fp/hard\libcr_semihost_nf.a(__ciob.o)
                0x000051f8                __num_Ciob_streams
 .rodata.__assertion_failed.str1.1
                0x000051fc       0x15 c:/nxp/mcuxpressoide_11.3.0_5222/ide/plugins/com.nxp.mcuxpresso.tools.win32_11.3.0.202008311133/tools/bin/../lib/gcc/arm-none-eabi/9.3.1/../../../../arm-none-eabi/lib/thumb/v7e-m+fp/hard\libcr_semihost_nf.a(_cr_assert.o)
 .rodata._Csys_alloc.str1.1
                0x00005211       0x18 c:/nxp/mcuxpressoide_11.3.0_5222/ide/plugins/com.nxp.mcuxpresso.tools.win32_11.3.0.202008311133/tools/bin/../lib/gcc/arm-none-eabi/9.3.1/../../../../arm-none-eabi/lib/thumb/v7e-m+fp/hard\libcr_c.a(alloc.o)
 .rodata._initio.str1.1
                0x00005229        0x4 c:/nxp/mcuxpressoide_11.3.0_5222/ide/plugins/com.nxp.mcuxpresso.tools.win32_11.3.0.202008311133/tools/bin/../lib/gcc/arm-none-eabi/9.3.1/../../../../arm-none-eabi/lib/thumb/v7e-m+fp/hard\libcr_c.a(initio.o)
                0x00005230                . = ALIGN (0x4)
 *fill*         0x0000522d        0x3 ff

.glue_7         0x00005230        0x0
 .glue_7        0x00005230        0x0 linker stubs

.glue_7t        0x00005230        0x0
 .glue_7t       0x00005230        0x0 linker stubs

.vfp11_veneer   0x00005230        0x0
 .vfp11_veneer  0x00005230        0x0 linker stubs

.v4_bx          0x00005230        0x0
 .v4_bx         0x00005230        0x0 linker stubs

.iplt           0x00005230        0x0
 .iplt          0x00005230        0x0 ./startup/startup_mk22f51212.o

.rel.dyn        0x00005230        0x0
 .rel.iplt      0x00005230        0x0 ./startup/startup_mk22f51212.o

.ARM.extab
 *(SORT_BY_ALIGNMENT(.ARM.extab*) SORT_BY_ALIGNMENT(.gnu.linkonce.armextab.*))

.ARM.exidx      0x00005230        0x0
                0x00005230                __exidx_start = .
 *(SORT_BY_ALIGNMENT(.ARM.exidx*) SORT_BY_ALIGNMENT(.gnu.linkonce.armexidx.*))
                0x00005230                __exidx_end = .
                0x00005230                _etext = .

.m_usb_data
 *(SORT_BY_ALIGNMENT(m_usb_bdt))

.data_RAM2      0x1fff0000        0x0 load address 0x00005230
 FILL mask 0xff
                [!provide]                PROVIDE (__start_data_RAM2 = .)
                [!provide]                PROVIDE (__start_data_SRAM_LOWER = .)
 *(SORT_BY_ALIGNMENT(.ramfunc.$RAM2))
 *(SORT_BY_ALIGNMENT(.ramfunc.$SRAM_LOWER))
 *(SORT_BY_ALIGNMENT(.data.$RAM2))
 *(SORT_BY_ALIGNMENT(.data.$SRAM_LOWER))
 *(SORT_BY_ALIGNMENT(.data.$RAM2.*))
 *(SORT_BY_ALIGNMENT(.data.$SRAM_LOWER.*))
                0x1fff0000                . = ALIGN (0x4)
                [!provide]                PROVIDE (__end_data_RAM2 = .)
                [!provide]                PROVIDE (__end_data_SRAM_LOWER = .)

.uninit_RESERVED
                0x20000000        0x0
                0x20000000                _start_uninit_RESERVED = .
 *(SORT_BY_ALIGNMENT(.bss.$RESERVED*))
                0x20000000                . = ALIGN (0x4)
                0x20000000                _end_uninit_RESERVED = .

.data           0x20000000        0xc load address 0x00005230
 FILL mask 0xff
                0x20000000                _data = .
                [!provide]                PROVIDE (__start_data_RAM = .)
                [!provide]                PROVIDE (__start_data_SRAM_UPPER = .)
 *(SORT_BY_ALIGNMENT(vtable))
 *(SORT_BY_ALIGNMENT(.ramfunc*))
 *(SORT_BY_ALIGNMENT(CodeQuickAccess))
 *(SORT_BY_ALIGNMENT(DataQuickAccess))
 *(SORT_BY_ALIGNMENT(RamFunction))
 *(SORT_BY_ALIGNMENT(.data*))
 .data.deadtime
                0x20000000        0x4 ./source/mot/liftmot.o
                0x20000000                deadtime
 .data.SystemCoreClock
                0x20000004        0x4 ./device/system_MK22F51212.o
                0x20000004                SystemCoreClock
 .data.STATE_FRONT
                0x20000008        0x1 ./source/mot/liftmot.o
                0x20000008                STATE_FRONT
 .data.STATE_BACK
                0x20000009        0x1 ./source/mot/liftmot.o
                0x20000009                STATE_BACK
                0x2000000c                . = ALIGN (0x4)
 *fill*         0x2000000a        0x2 ff
                0x2000000c                _edata = .
                [!provide]                PROVIDE (__end_data_RAM = .)
                [!provide]                PROVIDE (__end_data_SRAM_UPPER = .)

.igot.plt       0x2000000c        0x0 load address 0x0000523c
 .igot.plt      0x2000000c        0x0 ./startup/startup_mk22f51212.o

.bss_RAM2       0x1fff0000        0x0
                [!provide]                PROVIDE (__start_bss_RAM2 = .)
                [!provide]                PROVIDE (__start_bss_SRAM_LOWER = .)
 *(SORT_BY_ALIGNMENT(.bss.$RAM2))
 *(SORT_BY_ALIGNMENT(.bss.$SRAM_LOWER))
 *(SORT_BY_ALIGNMENT(.bss.$RAM2.*))
 *(SORT_BY_ALIGNMENT(.bss.$SRAM_LOWER.*))
                0x1fff0000                . = ALIGN ((. != 0x0)?0x4:0x1)
                [!provide]                PROVIDE (__end_bss_RAM2 = .)
                [!provide]                PROVIDE (__end_bss_SRAM_LOWER = .)

.bss            0x2000000c      0x4e4
                0x2000000c                _bss = .
                [!provide]                PROVIDE (__start_bss_RAM = .)
                [!provide]                PROVIDE (__start_bss_SRAM_UPPER = .)
 *(SORT_BY_ALIGNMENT(.bss*))
 .bss.timebase  0x2000000c        0x4 ./source/sensors/ultrasonic.o
 .bss.starttime
                0x20000010        0x4 ./source/sensors/ultrasonic.o
 .bss.time_measured
                0x20000014        0x4 ./source/sensors/ultrasonic.o
 .bss.rxBuf     0x20000018      0x200 ./source/com/uart1.o
 .bss.txBuf     0x20000218      0x200 ./source/com/uart1.o
 .bss.g_xtal0Freq
                0x20000418        0x4 ./drivers/fsl_clock.o
                0x20000418                g_xtal0Freq
 .bss.__Ciob    0x2000041c       0xb4 c:/nxp/mcuxpressoide_11.3.0_5222/ide/plugins/com.nxp.mcuxpresso.tools.win32_11.3.0.202008311133/tools/bin/../lib/gcc/arm-none-eabi/9.3.1/../../../../arm-none-eabi/lib/thumb/v7e-m+fp/hard\libcr_semihost_nf.a(__ciob.o)
                0x2000041c                __Ciob
 .bss.__end_of_heap
                0x200004d0        0x4 c:/nxp/mcuxpressoide_11.3.0_5222/ide/plugins/com.nxp.mcuxpresso.tools.win32_11.3.0.202008311133/tools/bin/../lib/gcc/arm-none-eabi/9.3.1/../../../../arm-none-eabi/lib/thumb/v7e-m+fp/hard\libcr_c.a(__init_alloc.o)
                0x200004d0                __end_of_heap
 .bss.__heaps   0x200004d4        0x4 c:/nxp/mcuxpressoide_11.3.0_5222/ide/plugins/com.nxp.mcuxpresso.tools.win32_11.3.0.202008311133/tools/bin/../lib/gcc/arm-none-eabi/9.3.1/../../../../arm-none-eabi/lib/thumb/v7e-m+fp/hard\libcr_c.a(__init_alloc.o)
                0x200004d4                __heaps
 .bss.errno     0x200004d8        0x4 c:/nxp/mcuxpressoide_11.3.0_5222/ide/plugins/com.nxp.mcuxpresso.tools.win32_11.3.0.202008311133/tools/bin/../lib/gcc/arm-none-eabi/9.3.1/../../../../arm-none-eabi/lib/thumb/v7e-m+fp/hard\libcr_c.a(errno.o)
                0x200004d8                errno
 .bss.STEPMOT_STEPS
                0x200004dc        0x2 ./source/mot/stepmot.o
 .bss.FREQ_VALUE
                0x200004de        0x2 ./source/mot/stepmot.o
 .bss.rxBufCount
                0x200004e0        0x2 ./source/com/uart1.o
 .bss.rxBufWritePos
                0x200004e2        0x2 ./source/com/uart1.o
 .bss.rxBufReadPos
                0x200004e4        0x2 ./source/com/uart1.o
 .bss.txBufCount
                0x200004e6        0x2 ./source/com/uart1.o
 .bss.txBufWritePos
                0x200004e8        0x2 ./source/com/uart1.o
 .bss.txBufReadPos
                0x200004ea        0x2 ./source/com/uart1.o
 .bss.first_flank
                0x200004ec        0x1 ./source/sensors/ultrasonic.o
 .bss.meas_done
                0x200004ed        0x1 ./source/sensors/ultrasonic.o
 .bss.meas_fail
                0x200004ee        0x1 ./source/sensors/ultrasonic.o
 .bss.act_angle
                0x200004ef        0x1 ./source/mot/stepmot.o
 *(SORT_BY_ALIGNMENT(COMMON))
                0x200004f0                . = ALIGN (0x4)
                0x200004f0                _ebss = .
                [!provide]                PROVIDE (__end_bss_RAM = .)
                [!provide]                PROVIDE (__end_bss_SRAM_UPPER = .)
                [!provide]                PROVIDE (end = .)

.noinit_RAM2    0x1fff0000        0x0
                [!provide]                PROVIDE (__start_noinit_RAM2 = .)
                [!provide]                PROVIDE (__start_noinit_SRAM_LOWER = .)
 *(SORT_BY_ALIGNMENT(.noinit.$RAM2))
 *(SORT_BY_ALIGNMENT(.noinit.$SRAM_LOWER))
 *(SORT_BY_ALIGNMENT(.noinit.$RAM2.*))
 *(SORT_BY_ALIGNMENT(.noinit.$SRAM_LOWER.*))
                0x1fff0000                . = ALIGN (0x4)
                [!provide]                PROVIDE (__end_noinit_RAM2 = .)
                [!provide]                PROVIDE (__end_noinit_SRAM_LOWER = .)

.noinit         0x200004f0        0x0
                0x200004f0                _noinit = .
                [!provide]                PROVIDE (__start_noinit_RAM = .)
                [!provide]                PROVIDE (__start_noinit_SRAM_UPPER = .)
 *(SORT_BY_ALIGNMENT(.noinit*))
                0x200004f0                . = ALIGN (0x4)
                0x200004f0                _end_noinit = .
                [!provide]                PROVIDE (__end_noinit_RAM = .)
                [!provide]                PROVIDE (__end_noinit_SRAM_UPPER = .)
                0x00001000                _HeapSize = 0x1000

.heap           0x200004f0     0x1000
                0x200004f0                _pvHeapStart = .
                0x200014f0                . = (. + _HeapSize)
 *fill*         0x200004f0     0x1000 
                0x200014f0                . = ALIGN (0x4)
                0x200014f0                _pvHeapLimit = .
                0x00001000                _StackSize = 0x1000

.heap2stackfill
                0x200014f0     0x1000
                0x200024f0                . = (. + _StackSize)
 *fill*         0x200014f0     0x1000 

.stack          0x2000f000        0x0
                0x2000f000                _vStackBase = .
                0x2000f000                . = ALIGN (0x4)
                0x20010000                _vStackTop = (. + _StackSize)
                0x00000000                _image_start = LOADADDR (.text)
                0x0000523c                _image_end = (LOADADDR (.data) + SIZEOF (.data))
                0x0000523c                _image_size = (_image_end - _image_start)
OUTPUT(Stairclimber_TinyK22.axf elf32-littlearm)
LOAD linker stubs

.debug_info     0x00000000     0xcc8b
 .debug_info    0x00000000      0x84a ./startup/startup_mk22f51212.o
 .debug_info    0x0000084a      0xa2a ./source/utils/ftm0.o
 .debug_info    0x00001274      0xa2a ./source/utils/ftm1.o
 .debug_info    0x00001c9e      0xa2a ./source/utils/ftm2.o
 .debug_info    0x000026c8      0xa2a ./source/utils/ftm3.o
 .debug_info    0x000030f2      0x314 ./source/signal/led.o
 .debug_info    0x00003406      0x1c8 ./source/sensors/groundsensor.o
 .debug_info    0x000035ce      0x1f4 ./source/sensors/ledbarrier.o
 .debug_info    0x000037c2      0x7fd ./source/sensors/ultrasonic.o
 .debug_info    0x00003fbf      0x711 ./source/program/execute.o
 .debug_info    0x000046d0      0x2be ./source/program/workloop.o
 .debug_info    0x0000498e      0x609 ./source/mot/dcmot.o
 .debug_info    0x00004f97      0x78e ./source/mot/liftmot.o
 .debug_info    0x00005725      0x23a ./source/mot/stair_ascend.o
 .debug_info    0x0000595f      0xd9c ./source/mot/stepmot.o
 .debug_info    0x000066fb      0x140 ./source/com/parse.o
 .debug_info    0x0000683b      0xf10 ./source/com/uart1.o
 .debug_info    0x0000774b      0x563 ./source/main.o
 .debug_info    0x00007cae       0x3c ./source/semihost_hardfault.o
 .debug_info    0x00007cea     0x21d8 ./drivers/fsl_clock.o
 .debug_info    0x00009ec2      0x710 ./drivers/fsl_gpio.o
 .debug_info    0x0000a5d2      0xbb0 ./drivers/fsl_smc.o
 .debug_info    0x0000b182      0x690 ./device/system_MK22F51212.o
 .debug_info    0x0000b812      0xb83 ./board/clock_config.o
 .debug_info    0x0000c395      0x11f ./board/peripherals.o
 .debug_info    0x0000c4b4      0x7d7 ./board/pin_mux.o

.debug_abbrev   0x00000000     0x2b7b
 .debug_abbrev  0x00000000      0x17a ./startup/startup_mk22f51212.o
 .debug_abbrev  0x0000017a      0x1ad ./source/utils/ftm0.o
 .debug_abbrev  0x00000327      0x1ad ./source/utils/ftm1.o
 .debug_abbrev  0x000004d4      0x1ad ./source/utils/ftm2.o
 .debug_abbrev  0x00000681      0x1ad ./source/utils/ftm3.o
 .debug_abbrev  0x0000082e      0x131 ./source/signal/led.o
 .debug_abbrev  0x0000095f      0x115 ./source/sensors/groundsensor.o
 .debug_abbrev  0x00000a74      0x117 ./source/sensors/ledbarrier.o
 .debug_abbrev  0x00000b8b      0x1b2 ./source/sensors/ultrasonic.o
 .debug_abbrev  0x00000d3d      0x169 ./source/program/execute.o
 .debug_abbrev  0x00000ea6       0xf0 ./source/program/workloop.o
 .debug_abbrev  0x00000f96      0x1ad ./source/mot/dcmot.o
 .debug_abbrev  0x00001143      0x271 ./source/mot/liftmot.o
 .debug_abbrev  0x000013b4      0x10f ./source/mot/stair_ascend.o
 .debug_abbrev  0x000014c3      0x309 ./source/mot/stepmot.o
 .debug_abbrev  0x000017cc       0xfa ./source/com/parse.o
 .debug_abbrev  0x000018c6      0x2bd ./source/com/uart1.o
 .debug_abbrev  0x00001b83      0x135 ./source/main.o
 .debug_abbrev  0x00001cb8       0x31 ./source/semihost_hardfault.o
 .debug_abbrev  0x00001ce9      0x371 ./drivers/fsl_clock.o
 .debug_abbrev  0x0000205a      0x1b8 ./drivers/fsl_gpio.o
 .debug_abbrev  0x00002212      0x33d ./drivers/fsl_smc.o
 .debug_abbrev  0x0000254f      0x170 ./device/system_MK22F51212.o
 .debug_abbrev  0x000026bf      0x1f7 ./board/clock_config.o
 .debug_abbrev  0x000028b6       0xbb ./board/peripherals.o
 .debug_abbrev  0x00002971      0x20a ./board/pin_mux.o

.debug_aranges  0x00000000      0xca8
 .debug_aranges
                0x00000000      0x2d0 ./startup/startup_mk22f51212.o
 .debug_aranges
                0x000002d0       0x40 ./source/utils/ftm0.o
 .debug_aranges
                0x00000310       0x40 ./source/utils/ftm1.o
 .debug_aranges
                0x00000350       0x40 ./source/utils/ftm2.o
 .debug_aranges
                0x00000390       0x40 ./source/utils/ftm3.o
 .debug_aranges
                0x000003d0       0x38 ./source/signal/led.o
 .debug_aranges
                0x00000408       0x28 ./source/sensors/groundsensor.o
 .debug_aranges
                0x00000430       0x38 ./source/sensors/ledbarrier.o
 .debug_aranges
                0x00000468       0x48 ./source/sensors/ultrasonic.o
 .debug_aranges
                0x000004b0       0xc0 ./source/program/execute.o
 .debug_aranges
                0x00000570       0x20 ./source/program/workloop.o
 .debug_aranges
                0x00000590       0x50 ./source/mot/dcmot.o
 .debug_aranges
                0x000005e0       0xa0 ./source/mot/liftmot.o
 .debug_aranges
                0x00000680       0x28 ./source/mot/stair_ascend.o
 .debug_aranges
                0x000006a8      0x150 ./source/mot/stepmot.o
 .debug_aranges
                0x000007f8       0x20 ./source/com/parse.o
 .debug_aranges
                0x00000818       0x90 ./source/com/uart1.o
 .debug_aranges
                0x000008a8       0x20 ./source/main.o
 .debug_aranges
                0x000008c8       0x20 ./source/semihost_hardfault.o
 .debug_aranges
                0x000008e8      0x208 ./drivers/fsl_clock.o
 .debug_aranges
                0x00000af0       0x40 ./drivers/fsl_gpio.o
 .debug_aranges
                0x00000b30       0x98 ./drivers/fsl_smc.o
 .debug_aranges
                0x00000bc8       0x30 ./device/system_MK22F51212.o
 .debug_aranges
                0x00000bf8       0x50 ./board/clock_config.o
 .debug_aranges
                0x00000c48       0x28 ./board/peripherals.o
 .debug_aranges
                0x00000c70       0x38 ./board/pin_mux.o

.debug_ranges   0x00000000      0xb08
 .debug_ranges  0x00000000      0x2c0 ./startup/startup_mk22f51212.o
 .debug_ranges  0x000002c0       0x30 ./source/utils/ftm0.o
 .debug_ranges  0x000002f0       0x30 ./source/utils/ftm1.o
 .debug_ranges  0x00000320       0x30 ./source/utils/ftm2.o
 .debug_ranges  0x00000350       0x30 ./source/utils/ftm3.o
 .debug_ranges  0x00000380       0x28 ./source/signal/led.o
 .debug_ranges  0x000003a8       0x18 ./source/sensors/groundsensor.o
 .debug_ranges  0x000003c0       0x28 ./source/sensors/ledbarrier.o
 .debug_ranges  0x000003e8       0x38 ./source/sensors/ultrasonic.o
 .debug_ranges  0x00000420       0xb0 ./source/program/execute.o
 .debug_ranges  0x000004d0       0x10 ./source/program/workloop.o
 .debug_ranges  0x000004e0       0x40 ./source/mot/dcmot.o
 .debug_ranges  0x00000520       0x90 ./source/mot/liftmot.o
 .debug_ranges  0x000005b0       0x18 ./source/mot/stair_ascend.o
 .debug_ranges  0x000005c8      0x140 ./source/mot/stepmot.o
 .debug_ranges  0x00000708       0x10 ./source/com/parse.o
 .debug_ranges  0x00000718       0x80 ./source/com/uart1.o
 .debug_ranges  0x00000798       0x10 ./source/main.o
 .debug_ranges  0x000007a8       0x10 ./source/semihost_hardfault.o
 .debug_ranges  0x000007b8      0x1f8 ./drivers/fsl_clock.o
 .debug_ranges  0x000009b0       0x30 ./drivers/fsl_gpio.o
 .debug_ranges  0x000009e0       0x88 ./drivers/fsl_smc.o
 .debug_ranges  0x00000a68       0x20 ./device/system_MK22F51212.o
 .debug_ranges  0x00000a88       0x40 ./board/clock_config.o
 .debug_ranges  0x00000ac8       0x18 ./board/peripherals.o
 .debug_ranges  0x00000ae0       0x28 ./board/pin_mux.o

.debug_macro    0x00000000     0xdcfb
 .debug_macro   0x00000000       0x29 ./startup/startup_mk22f51212.o
 .debug_macro   0x00000029      0xade ./startup/startup_mk22f51212.o
 .debug_macro   0x00000b07       0xad ./source/utils/ftm0.o
 .debug_macro   0x00000bb4       0x57 ./source/utils/ftm0.o
 .debug_macro   0x00000c0b       0x10 ./source/utils/ftm0.o
 .debug_macro   0x00000c1b      0x12e ./source/utils/ftm0.o
 .debug_macro   0x00000d49      0x5b3 ./source/utils/ftm0.o
 .debug_macro   0x000012fc       0x1c ./source/utils/ftm0.o
 .debug_macro   0x00001318       0x22 ./source/utils/ftm0.o
 .debug_macro   0x0000133a      0x101 ./source/utils/ftm0.o
 .debug_macro   0x0000143b      0xeeb ./source/utils/ftm0.o
 .debug_macro   0x00002326       0x40 ./source/utils/ftm0.o
 .debug_macro   0x00002366     0x8fa0 ./source/utils/ftm0.o
 .debug_macro   0x0000b306       0x10 ./source/utils/ftm0.o
 .debug_macro   0x0000b316       0x1c ./source/utils/ftm0.o
 .debug_macro   0x0000b332      0x14e ./source/utils/ftm0.o
 .debug_macro   0x0000b480       0xce ./source/utils/ftm1.o
 .debug_macro   0x0000b54e       0x10 ./source/utils/ftm1.o
 .debug_macro   0x0000b55e       0x76 ./source/utils/ftm1.o
 .debug_macro   0x0000b5d4       0x22 ./source/utils/ftm1.o
 .debug_macro   0x0000b5f6      0x2d2 ./source/utils/ftm1.o
 .debug_macro   0x0000b8c8       0x1c ./source/utils/ftm1.o
 .debug_macro   0x0000b8e4       0xad ./source/utils/ftm2.o
 .debug_macro   0x0000b991       0x10 ./source/utils/ftm2.o
 .debug_macro   0x0000b9a1       0x76 ./source/utils/ftm2.o
 .debug_macro   0x0000ba17       0xad ./source/utils/ftm3.o
 .debug_macro   0x0000bac4       0x10 ./source/utils/ftm3.o
 .debug_macro   0x0000bad4      0x14e ./source/utils/ftm3.o
 .debug_macro   0x0000bc22       0xdb ./source/signal/led.o
 .debug_macro   0x0000bcfd       0xc4 ./source/signal/led.o
 .debug_macro   0x0000bdc1       0x46 ./source/signal/led.o
 .debug_macro   0x0000be07       0x16 ./source/signal/led.o
 .debug_macro   0x0000be1d      0x154 ./source/signal/led.o
 .debug_macro   0x0000bf71      0x11a ./source/sensors/groundsensor.o
 .debug_macro   0x0000c08b       0x1c ./source/sensors/groundsensor.o
 .debug_macro   0x0000c0a7      0x141 ./source/sensors/ledbarrier.o
 .debug_macro   0x0000c1e8       0x34 ./source/sensors/ledbarrier.o
 .debug_macro   0x0000c21c       0x10 ./source/sensors/ledbarrier.o
 .debug_macro   0x0000c22c       0x16 ./source/sensors/ledbarrier.o
 .debug_macro   0x0000c242      0x14a ./source/sensors/ultrasonic.o
 .debug_macro   0x0000c38c       0x28 ./source/sensors/ultrasonic.o
 .debug_macro   0x0000c3b4       0xd2 ./source/sensors/ultrasonic.o
 .debug_macro   0x0000c486      0x1d0 ./source/program/execute.o
 .debug_macro   0x0000c656       0x28 ./source/program/execute.o
 .debug_macro   0x0000c67e       0x16 ./source/program/execute.o
 .debug_macro   0x0000c694       0x16 ./source/program/execute.o
 .debug_macro   0x0000c6aa       0x40 ./source/program/execute.o
 .debug_macro   0x0000c6ea       0x3a ./source/program/execute.o
 .debug_macro   0x0000c724       0x22 ./source/program/execute.o
 .debug_macro   0x0000c746       0x8e ./source/program/execute.o
 .debug_macro   0x0000c7d4      0x1bd ./source/program/workloop.o
 .debug_macro   0x0000c991       0xd8 ./source/program/workloop.o
 .debug_macro   0x0000ca69       0xdc ./source/mot/dcmot.o
 .debug_macro   0x0000cb45       0x40 ./source/mot/dcmot.o
 .debug_macro   0x0000cb85      0x112 ./source/mot/liftmot.o
 .debug_macro   0x0000cc97       0x3a ./source/mot/liftmot.o
 .debug_macro   0x0000ccd1      0x154 ./source/mot/liftmot.o
 .debug_macro   0x0000ce25       0xf0 ./source/mot/stair_ascend.o
 .debug_macro   0x0000cf15       0x1c ./source/mot/stair_ascend.o
 .debug_macro   0x0000cf31      0x171 ./source/mot/stepmot.o
 .debug_macro   0x0000d0a2       0xc4 ./source/mot/stepmot.o
 .debug_macro   0x0000d166       0x28 ./source/mot/stepmot.o
 .debug_macro   0x0000d18e       0x4f ./source/com/parse.o
 .debug_macro   0x0000d1dd       0xa7 ./source/com/uart1.o
 .debug_macro   0x0000d284      0x1b5 ./source/main.o
 .debug_macro   0x0000d439       0x16 ./source/main.o
 .debug_macro   0x0000d44f       0x16 ./source/main.o
 .debug_macro   0x0000d465       0x16 ./source/main.o
 .debug_macro   0x0000d47b       0x16 ./source/main.o
 .debug_macro   0x0000d491       0x10 ./source/main.o
 .debug_macro   0x0000d4a1       0x1c ./source/main.o
 .debug_macro   0x0000d4bd       0x11 ./source/semihost_hardfault.o
 .debug_macro   0x0000d4ce      0x1ce ./drivers/fsl_clock.o
 .debug_macro   0x0000d69c      0x117 ./drivers/fsl_gpio.o
 .debug_macro   0x0000d7b3      0x118 ./drivers/fsl_smc.o
 .debug_macro   0x0000d8cb       0x98 ./device/system_MK22F51212.o
 .debug_macro   0x0000d963      0x149 ./board/clock_config.o
 .debug_macro   0x0000daac       0x10 ./board/clock_config.o
 .debug_macro   0x0000dabc      0x10c ./board/peripherals.o
 .debug_macro   0x0000dbc8      0x11d ./board/pin_mux.o
 .debug_macro   0x0000dce5       0x16 ./board/pin_mux.o

.debug_line     0x00000000     0xb240
 .debug_line    0x00000000      0x7f1 ./startup/startup_mk22f51212.o
 .debug_line    0x000007f1      0x5c1 ./source/utils/ftm0.o
 .debug_line    0x00000db2      0x65b ./source/utils/ftm1.o
 .debug_line    0x0000140d      0x51e ./source/utils/ftm2.o
 .debug_line    0x0000192b      0x5c1 ./source/utils/ftm3.o
 .debug_line    0x00001eec      0x506 ./source/signal/led.o
 .debug_line    0x000023f2      0x4db ./source/sensors/groundsensor.o
 .debug_line    0x000028cd      0x53c ./source/sensors/ledbarrier.o
 .debug_line    0x00002e09      0x5f1 ./source/sensors/ultrasonic.o
 .debug_line    0x000033fa      0xd18 ./source/program/execute.o
 .debug_line    0x00004112      0x81f ./source/program/workloop.o
 .debug_line    0x00004931      0x5da ./source/mot/dcmot.o
 .debug_line    0x00004f0b      0xb38 ./source/mot/liftmot.o
 .debug_line    0x00005a43      0x551 ./source/mot/stair_ascend.o
 .debug_line    0x00005f94      0xe8f ./source/mot/stepmot.o
 .debug_line    0x00006e23      0x285 ./source/com/parse.o
 .debug_line    0x000070a8      0x790 ./source/com/uart1.o
 .debug_line    0x00007838      0x5d9 ./source/main.o
 .debug_line    0x00007e11       0x59 ./source/semihost_hardfault.o
 .debug_line    0x00007e6a     0x15a3 ./drivers/fsl_clock.o
 .debug_line    0x0000940d      0x46f ./drivers/fsl_gpio.o
 .debug_line    0x0000987c      0x694 ./drivers/fsl_smc.o
 .debug_line    0x00009f10      0x430 ./device/system_MK22F51212.o
 .debug_line    0x0000a340      0x4f3 ./board/clock_config.o
 .debug_line    0x0000a833      0x42f ./board/peripherals.o
 .debug_line    0x0000ac62      0x5de ./board/pin_mux.o

.debug_str      0x00000000    0x5b133
 .debug_str     0x00000000     0x35df ./startup/startup_mk22f51212.o
                               0x3646 (size before relaxing)
 .debug_str     0x000035df    0x48b1e ./source/utils/ftm0.o
                              0x4badd (size before relaxing)
 .debug_str     0x0004c0fd     0x148d ./source/utils/ftm1.o
                              0x4cb46 (size before relaxing)
 .debug_str     0x0004d58a      0x1ba ./source/utils/ftm2.o
                              0x4b889 (size before relaxing)
 .debug_str     0x0004d744      0x42e ./source/utils/ftm3.o
                              0x4bae7 (size before relaxing)
 .debug_str     0x0004db72      0x64d ./source/signal/led.o
                              0x4be57 (size before relaxing)
 .debug_str     0x0004e1bf     0x8456 ./source/sensors/groundsensor.o
                              0x54569 (size before relaxing)
 .debug_str     0x00056615      0x1e4 ./source/sensors/ledbarrier.o
                              0x5471a (size before relaxing)
 .debug_str     0x000567f9      0xcc4 ./source/sensors/ultrasonic.o
                              0x55326 (size before relaxing)
 .debug_str     0x000574bd      0x6aa ./source/program/execute.o
                              0x55111 (size before relaxing)
 .debug_str     0x00057b67       0x53 ./source/program/workloop.o
                              0x54c7f (size before relaxing)
 .debug_str     0x00057bba      0x1bb ./source/mot/dcmot.o
                              0x4b5e2 (size before relaxing)
 .debug_str     0x00057d75      0x21d ./source/mot/liftmot.o
                              0x4cdd9 (size before relaxing)
 .debug_str     0x00057f92       0x31 ./source/mot/stair_ascend.o
                              0x4b4b9 (size before relaxing)
 .debug_str     0x00057fc3      0x3dc ./source/mot/stepmot.o
                              0x55aa2 (size before relaxing)
 .debug_str     0x0005839f       0x25 ./source/com/parse.o
                               0x487c (size before relaxing)
 .debug_str     0x000583c4      0x234 ./source/com/uart1.o
                              0x4b8e5 (size before relaxing)
 .debug_str     0x000585f8      0x4b1 ./source/main.o
                              0x54e04 (size before relaxing)
 .debug_str     0x00058aa9       0x1f ./source/semihost_hardfault.o
                               0x2ee2 (size before relaxing)
 .debug_str     0x00058ac8     0x1a83 ./drivers/fsl_clock.o
                              0x559dd (size before relaxing)
 .debug_str     0x0005a54b      0x14b ./drivers/fsl_gpio.o
                              0x53d4b (size before relaxing)
 .debug_str     0x0005a696      0x47b ./drivers/fsl_smc.o
                              0x5409f (size before relaxing)
 .debug_str     0x0005ab11       0xc6 ./device/system_MK22F51212.o
                              0x51dc4 (size before relaxing)
 .debug_str     0x0005abd7      0x28c ./board/clock_config.o
                              0x542e0 (size before relaxing)
 .debug_str     0x0005ae63       0x47 ./board/peripherals.o
                              0x532fe (size before relaxing)
 .debug_str     0x0005aeaa      0x289 ./board/pin_mux.o
                              0x54bb0 (size before relaxing)

.comment        0x00000000       0x4c
 .comment       0x00000000       0x4c ./startup/startup_mk22f51212.o
                                 0x4d (size before relaxing)
 .comment       0x0000004c       0x4d ./source/utils/ftm0.o
 .comment       0x0000004c       0x4d ./source/utils/ftm1.o
 .comment       0x0000004c       0x4d ./source/utils/ftm2.o
 .comment       0x0000004c       0x4d ./source/utils/ftm3.o
 .comment       0x0000004c       0x4d ./source/signal/led.o
 .comment       0x0000004c       0x4d ./source/sensors/groundsensor.o
 .comment       0x0000004c       0x4d ./source/sensors/ledbarrier.o
 .comment       0x0000004c       0x4d ./source/sensors/ultrasonic.o
 .comment       0x0000004c       0x4d ./source/program/execute.o
 .comment       0x0000004c       0x4d ./source/program/workloop.o
 .comment       0x0000004c       0x4d ./source/mot/dcmot.o
 .comment       0x0000004c       0x4d ./source/mot/liftmot.o
 .comment       0x0000004c       0x4d ./source/mot/stair_ascend.o
 .comment       0x0000004c       0x4d ./source/mot/stepmot.o
 .comment       0x0000004c       0x4d ./source/com/parse.o
 .comment       0x0000004c       0x4d ./source/com/uart1.o
 .comment       0x0000004c       0x4d ./source/main.o
 .comment       0x0000004c       0x4d ./source/semihost_hardfault.o
 .comment       0x0000004c       0x4d ./drivers/fsl_clock.o
 .comment       0x0000004c       0x4d ./drivers/fsl_gpio.o
 .comment       0x0000004c       0x4d ./drivers/fsl_smc.o
 .comment       0x0000004c       0x4d ./device/system_MK22F51212.o
 .comment       0x0000004c       0x4d ./board/clock_config.o
 .comment       0x0000004c       0x4d ./board/peripherals.o
 .comment       0x0000004c       0x4d ./board/pin_mux.o
 .comment       0x0000004c       0x4d c:/nxp/mcuxpressoide_11.3.0_5222/ide/plugins/com.nxp.mcuxpresso.tools.win32_11.3.0.202008311133/tools/bin/../lib/gcc/arm-none-eabi/9.3.1/../../../../arm-none-eabi/lib/thumb/v7e-m+fp/hard\libcr_semihost_nf.a(_cr__main.o)
 .comment       0x0000004c       0x4d c:/nxp/mcuxpressoide_11.3.0_5222/ide/plugins/com.nxp.mcuxpresso.tools.win32_11.3.0.202008311133/tools/bin/../lib/gcc/arm-none-eabi/9.3.1/../../../../arm-none-eabi/lib/thumb/v7e-m+fp/hard\libcr_semihost_nf.a(_cr_assert.o)
 .comment       0x0000004c       0x4d c:/nxp/mcuxpressoide_11.3.0_5222/ide/plugins/com.nxp.mcuxpresso.tools.win32_11.3.0.202008311133/tools/bin/../lib/gcc/arm-none-eabi/9.3.1/../../../../arm-none-eabi/lib/thumb/v7e-m+fp/hard\libcr_semihost_nf.a(__ciob.o)
 .comment       0x0000004c       0x4d c:/nxp/mcuxpressoide_11.3.0_5222/ide/plugins/com.nxp.mcuxpresso.tools.win32_11.3.0.202008311133/tools/bin/../lib/gcc/arm-none-eabi/9.3.1/../../../../arm-none-eabi/lib/thumb/v7e-m+fp/hard\libcr_c.a(_deferredlazyseek.o)
 .comment       0x0000004c       0x4d c:/nxp/mcuxpressoide_11.3.0_5222/ide/plugins/com.nxp.mcuxpresso.tools.win32_11.3.0.202008311133/tools/bin/../lib/gcc/arm-none-eabi/9.3.1/../../../../arm-none-eabi/lib/thumb/v7e-m+fp/hard\libcr_c.a(_fflush.o)
 .comment       0x0000004c       0x4d c:/nxp/mcuxpressoide_11.3.0_5222/ide/plugins/com.nxp.mcuxpresso.tools.win32_11.3.0.202008311133/tools/bin/../lib/gcc/arm-none-eabi/9.3.1/../../../../arm-none-eabi/lib/thumb/v7e-m+fp/hard\libcr_c.a(_writebuf.o)
 .comment       0x0000004c       0x4d c:/nxp/mcuxpressoide_11.3.0_5222/ide/plugins/com.nxp.mcuxpresso.tools.win32_11.3.0.202008311133/tools/bin/../lib/gcc/arm-none-eabi/9.3.1/../../../../arm-none-eabi/lib/thumb/v7e-m+fp/hard\libcr_c.a(alloc.o)
 .comment       0x0000004c       0x4d c:/nxp/mcuxpressoide_11.3.0_5222/ide/plugins/com.nxp.mcuxpresso.tools.win32_11.3.0.202008311133/tools/bin/../lib/gcc/arm-none-eabi/9.3.1/../../../../arm-none-eabi/lib/thumb/v7e-m+fp/hard\libcr_c.a(ceil.o)
 .comment       0x0000004c       0x4d c:/nxp/mcuxpressoide_11.3.0_5222/ide/plugins/com.nxp.mcuxpresso.tools.win32_11.3.0.202008311133/tools/bin/../lib/gcc/arm-none-eabi/9.3.1/../../../../arm-none-eabi/lib/thumb/v7e-m+fp/hard\libcr_c.a(fputs.o)
 .comment       0x0000004c       0x4d c:/nxp/mcuxpressoide_11.3.0_5222/ide/plugins/com.nxp.mcuxpresso.tools.win32_11.3.0.202008311133/tools/bin/../lib/gcc/arm-none-eabi/9.3.1/../../../../arm-none-eabi/lib/thumb/v7e-m+fp/hard\libcr_c.a(fseek.o)
 .comment       0x0000004c       0x4d c:/nxp/mcuxpressoide_11.3.0_5222/ide/plugins/com.nxp.mcuxpresso.tools.win32_11.3.0.202008311133/tools/bin/../lib/gcc/arm-none-eabi/9.3.1/../../../../arm-none-eabi/lib/thumb/v7e-m+fp/hard\libcr_c.a(ftell.o)
 .comment       0x0000004c       0x4d c:/nxp/mcuxpressoide_11.3.0_5222/ide/plugins/com.nxp.mcuxpresso.tools.win32_11.3.0.202008311133/tools/bin/../lib/gcc/arm-none-eabi/9.3.1/../../../../arm-none-eabi/lib/thumb/v7e-m+fp/hard\libcr_c.a(initio.o)
 .comment       0x0000004c       0x4d c:/nxp/mcuxpressoide_11.3.0_5222/ide/plugins/com.nxp.mcuxpresso.tools.win32_11.3.0.202008311133/tools/bin/../lib/gcc/arm-none-eabi/9.3.1/../../../../arm-none-eabi/lib/thumb/v7e-m+fp/hard\libcr_c.a(setvbuf.o)
 .comment       0x0000004c       0x4d c:/nxp/mcuxpressoide_11.3.0_5222/ide/plugins/com.nxp.mcuxpresso.tools.win32_11.3.0.202008311133/tools/bin/../lib/gcc/arm-none-eabi/9.3.1/../../../../arm-none-eabi/lib/thumb/v7e-m+fp/hard\libcr_c.a(strlen.o)
 .comment       0x0000004c       0x4d c:/nxp/mcuxpressoide_11.3.0_5222/ide/plugins/com.nxp.mcuxpresso.tools.win32_11.3.0.202008311133/tools/bin/../lib/gcc/arm-none-eabi/9.3.1/../../../../arm-none-eabi/lib/thumb/v7e-m+fp/hard\libcr_c.a(memset.o)
 .comment       0x0000004c       0x4d c:/nxp/mcuxpressoide_11.3.0_5222/ide/plugins/com.nxp.mcuxpresso.tools.win32_11.3.0.202008311133/tools/bin/../lib/gcc/arm-none-eabi/9.3.1/../../../../arm-none-eabi/lib/thumb/v7e-m+fp/hard\libcr_c.a(__init_alloc.o)
 .comment       0x0000004c       0x4d c:/nxp/mcuxpressoide_11.3.0_5222/ide/plugins/com.nxp.mcuxpresso.tools.win32_11.3.0.202008311133/tools/bin/../lib/gcc/arm-none-eabi/9.3.1/../../../../arm-none-eabi/lib/thumb/v7e-m+fp/hard\libcr_c.a(_cr_sbrk.o)
 .comment       0x0000004c       0x4d c:/nxp/mcuxpressoide_11.3.0_5222/ide/plugins/com.nxp.mcuxpresso.tools.win32_11.3.0.202008311133/tools/bin/../lib/gcc/arm-none-eabi/9.3.1/../../../../arm-none-eabi/lib/thumb/v7e-m+fp/hard\libcr_c.a(_fdopen.o)
 .comment       0x0000004c       0x4d c:/nxp/mcuxpressoide_11.3.0_5222/ide/plugins/com.nxp.mcuxpresso.tools.win32_11.3.0.202008311133/tools/bin/../lib/gcc/arm-none-eabi/9.3.1/../../../../arm-none-eabi/lib/thumb/v7e-m+fp/hard\libcr_c.a(errno.o)
 .comment       0x0000004c       0x4d c:/nxp/mcuxpressoide_11.3.0_5222/ide/plugins/com.nxp.mcuxpresso.tools.win32_11.3.0.202008311133/tools/bin/../lib/gcc/arm-none-eabi/9.3.1/../../../../arm-none-eabi/lib/thumb/v7e-m+fp/hard\libcr_c.a(fclose.o)
 .comment       0x0000004c       0x4d c:/nxp/mcuxpressoide_11.3.0_5222/ide/plugins/com.nxp.mcuxpresso.tools.win32_11.3.0.202008311133/tools/bin/../lib/gcc/arm-none-eabi/9.3.1/../../../../arm-none-eabi/lib/thumb/v7e-m+fp/hard\libcr_c.a(fflush.o)
 .comment       0x0000004c       0x4d c:/nxp/mcuxpressoide_11.3.0_5222/ide/plugins/com.nxp.mcuxpresso.tools.win32_11.3.0.202008311133/tools/bin/../lib/gcc/arm-none-eabi/9.3.1/../../../../arm-none-eabi/lib/thumb/v7e-m+fp/hard\libcr_c.a(remove.o)
 .comment       0x0000004c       0x4d c:/nxp/mcuxpressoide_11.3.0_5222/ide/plugins/com.nxp.mcuxpresso.tools.win32_11.3.0.202008311133/tools/bin/../lib/gcc/arm-none-eabi/9.3.1/../../../../arm-none-eabi/lib/thumb/v7e-m+fp/hard\libcr_c.a(_cr_check_heap.o)
 .comment       0x0000004c       0x4d c:/nxp/mcuxpressoide_11.3.0_5222/ide/plugins/com.nxp.mcuxpresso.tools.win32_11.3.0.202008311133/tools/bin/../lib/gcc/arm-none-eabi/9.3.1/../../../../arm-none-eabi/lib/thumb/v7e-m+fp/hard\libcr_c.a(_do_fflush.o)
 .comment       0x0000004c       0x4d c:/nxp/mcuxpressoide_11.3.0_5222/ide/plugins/com.nxp.mcuxpresso.tools.win32_11.3.0.202008311133/tools/bin/../lib/gcc/arm-none-eabi/9.3.1/thumb/v7e-m+fp/hard\libcr_eabihelpers.a(double.o)
 .comment       0x0000004c       0x4d c:/nxp/mcuxpressoide_11.3.0_5222/ide/plugins/com.nxp.mcuxpresso.tools.win32_11.3.0.202008311133/tools/bin/../lib/gcc/arm-none-eabi/9.3.1/thumb/v7e-m+fp/hard\libcr_eabihelpers.a(float.o)

.ARM.attributes
                0x00000000       0x32
 .ARM.attributes
                0x00000000       0x34 ./startup/startup_mk22f51212.o
 .ARM.attributes
                0x00000034       0x34 ./source/utils/ftm0.o
 .ARM.attributes
                0x00000068       0x34 ./source/utils/ftm1.o
 .ARM.attributes
                0x0000009c       0x34 ./source/utils/ftm2.o
 .ARM.attributes
                0x000000d0       0x34 ./source/utils/ftm3.o
 .ARM.attributes
                0x00000104       0x34 ./source/signal/led.o
 .ARM.attributes
                0x00000138       0x34 ./source/sensors/groundsensor.o
 .ARM.attributes
                0x0000016c       0x34 ./source/sensors/ledbarrier.o
 .ARM.attributes
                0x000001a0       0x34 ./source/sensors/ultrasonic.o
 .ARM.attributes
                0x000001d4       0x34 ./source/program/execute.o
 .ARM.attributes
                0x00000208       0x34 ./source/program/workloop.o
 .ARM.attributes
                0x0000023c       0x34 ./source/mot/dcmot.o
 .ARM.attributes
                0x00000270       0x34 ./source/mot/liftmot.o
 .ARM.attributes
                0x000002a4       0x34 ./source/mot/stair_ascend.o
 .ARM.attributes
                0x000002d8       0x34 ./source/mot/stepmot.o
 .ARM.attributes
                0x0000030c       0x34 ./source/com/parse.o
 .ARM.attributes
                0x00000340       0x34 ./source/com/uart1.o
 .ARM.attributes
                0x00000374       0x34 ./source/main.o
 .ARM.attributes
                0x000003a8       0x34 ./source/semihost_hardfault.o
 .ARM.attributes
                0x000003dc       0x34 ./drivers/fsl_clock.o
 .ARM.attributes
                0x00000410       0x34 ./drivers/fsl_gpio.o
 .ARM.attributes
                0x00000444       0x34 ./drivers/fsl_smc.o
 .ARM.attributes
                0x00000478       0x34 ./device/system_MK22F51212.o
 .ARM.attributes
                0x000004ac       0x34 ./board/clock_config.o
 .ARM.attributes
                0x000004e0       0x34 ./board/peripherals.o
 .ARM.attributes
                0x00000514       0x34 ./board/pin_mux.o
 .ARM.attributes