fsl_gpio.h:162:20:GPIO_PinWrite	32	static
stepmot.c:43:6:wait	24	static
stepmot.c:56:17:calc_MODULO	16	static
stepmot.c:64:13:update_Driver_Revolutions	16	static
stepmot.c:72:13:init_Driver_Revolutions	4	static
stepmot.c:80:13:enable_Driver_Pulse	4	static
stepmot.c:89:13:disable_Driver_Pulse	4	static
stepmot.c:98:13:enable_Driver_Reset	8	static
stepmot.c:107:13:disable_Driver_Reset	8	static
stepmot.c:112:6:reset_Driver	8	static
stepmot.c:122:13:normal_Driver_Direction	8	static
stepmot.c:131:13:reversed_Driver_Direction	8	static
stepmot.c:140:6:enable_Stepper_Driver	8	static
stepmot.c:149:6:disable_Stepper_Driver	8	static
stepmot.c:158:13:enable_Step_ISR	4	static
stepmot.c:167:13:disable_Step_ISR	4	static
stepmot.c:175:13:step_Size_FULL	8	static
stepmot.c:189:13:step_Size_HALF	8	static
stepmot.c:203:13:step_Size_1_4	8	static
stepmot.c:217:13:step_Size_1_8	8	static
stepmot.c:231:13:step_Size_1_16	8	static
stepmot.c:245:13:step_Size_1_32	8	static
stepmot.c:259:13:step_Size_1_64	8	static
stepmot.c:273:13:step_Size_1_128	8	static
stepmot.c:286:17:step_Size_Dir_Select	16	static
stepmot.c:353:6:turn_STEPMOT	16	static
stepmot.c:368:6:halt_STEPMOT	8	static
stepmot.c:384:6:turn_steps_STEPMOT	16	static
stepmot.c:405:6:turn_acc_STEPMOT	72	static
stepmot.c:481:6:get_ref_dir	4	static
stepmot.c:496:6:ref_STEPMOT	32	static
stepmot.c:574:6:ref_STEPMOT_startfield	32	static
stepmot.c:666:6:calc_turn_params	24	static
stepmot.c:721:6:STEPPER_MIDDLEUP_TURN	32	static
stepmot.c:760:6:STEPPER_MIDDLEDOWN_TURN	32	static
stepmot.c:785:6:FTM2CH1_IRQHandler	4	static
stepmot.c:791:6:stepper_ein	16	static
stepmot.c:797:6:stepper_update	24	static
stepmot.c:806:6:stepper_aus	8	static
