execute.c:37:13:exec_LED_RED	24	static
execute.c:51:13:exec_LED_GREEN	24	static
execute.c:65:13:exec_LED_BLUE	24	static
execute.c:76:13:exec_DCMOT1_FORWARD	24	static
execute.c:84:13:exec_DCMOT1_BACKWARD	24	static
execute.c:92:13:exec_DCMOTORS_FORWARD	24	static
execute.c:100:13:exec_DCMOTORS_BACKWARD	24	static
execute.c:111:13:exec_STEPPER_MIDDLEUP_TURN	24	static
execute.c:119:13:exec_STEPPER_MIDDLEDOWN_TURN	24	static
execute.c:127:13:exec_STEPPER_GOTO_REF_MIDDLEUP	24	static
execute.c:135:13:exec_STEPPER_GOTO_REF_STARTFIELD	24	static
execute.c:146:13:exec_USONIC_GET	32	static
execute.c:172:13:exec_DRIVE_POS_MIDDLEUP	24	static
execute.c:180:13:exec_DRIVE_POS_MIDDLEDOWN	24	static
execute.c:188:13:exec_DRIVE_POS_OUTERONGROUND	24	static
execute.c:196:13:exec_DRIVE_POS_OUTERUP	24	static
execute.c:204:13:exec_DRIVE_POS_FRONTUP	24	static
execute.c:211:13:exec_DRIVE_POS_FRONTGROUND	24	static
execute.c:222:13:exec_CLIMB_ONESTEP	24	static
execute.c:238:13:exec_ERROR	16	static
execute.c:248:6:command_selector	16	static
