Archive member included to satisfy reference by file (symbol)

c:/nxp/mcuxpressoide_11.3.0_5222/ide/plugins/com.nxp.mcuxpresso.tools.win32_11.3.0.202008311133/tools/bin/../lib/gcc/arm-none-eabi/9.3.1/../../../../arm-none-eabi/lib/thumb/v7e-m+fp/hard\libcr_semihost_nf.a(_cr__main.o)
                              ./startup/startup_mk22f51212.o (__main)
c:/nxp/mcuxpressoide_11.3.0_5222/ide/plugins/com.nxp.mcuxpresso.tools.win32_11.3.0.202008311133/tools/bin/../lib/gcc/arm-none-eabi/9.3.1/../../../../arm-none-eabi/lib/thumb/v7e-m+fp/hard\libcr_c.a(alloc.o)
                              ./drivers/fsl_common.o (malloc)
c:/nxp/mcuxpressoide_11.3.0_5222/ide/plugins/com.nxp.mcuxpresso.tools.win32_11.3.0.202008311133/tools/bin/../lib/gcc/arm-none-eabi/9.3.1/../../../../arm-none-eabi/lib/thumb/v7e-m+fp/hard\libcr_c.a(ceil.o)
                              ./source/signal/led.o (ceil)
c:/nxp/mcuxpressoide_11.3.0_5222/ide/plugins/com.nxp.mcuxpresso.tools.win32_11.3.0.202008311133/tools/bin/../lib/gcc/arm-none-eabi/9.3.1/../../../../arm-none-eabi/lib/thumb/v7e-m+fp/hard\libcr_c.a(initio.o)
                              c:/nxp/mcuxpressoide_11.3.0_5222/ide/plugins/com.nxp.mcuxpresso.tools.win32_11.3.0.202008311133/tools/bin/../lib/gcc/arm-none-eabi/9.3.1/../../../../arm-none-eabi/lib/thumb/v7e-m+fp/hard\libcr_semihost_nf.a(_cr__main.o) (_initio)
c:/nxp/mcuxpressoide_11.3.0_5222/ide/plugins/com.nxp.mcuxpresso.tools.win32_11.3.0.202008311133/tools/bin/../lib/gcc/arm-none-eabi/9.3.1/../../../../arm-none-eabi/lib/thumb/v7e-m+fp/hard\libcr_c.a(printf.o)
                              ./source/dev/ManuelTest.o (_printf)
c:/nxp/mcuxpressoide_11.3.0_5222/ide/plugins/com.nxp.mcuxpresso.tools.win32_11.3.0.202008311133/tools/bin/../lib/gcc/arm-none-eabi/9.3.1/../../../../arm-none-eabi/lib/thumb/v7e-m+fp/hard\libcr_c.a(setvbuf.o)
                              c:/nxp/mcuxpressoide_11.3.0_5222/ide/plugins/com.nxp.mcuxpresso.tools.win32_11.3.0.202008311133/tools/bin/../lib/gcc/arm-none-eabi/9.3.1/../../../../arm-none-eabi/lib/thumb/v7e-m+fp/hard\libcr_c.a(initio.o) (setvbuf)
c:/nxp/mcuxpressoide_11.3.0_5222/ide/plugins/com.nxp.mcuxpresso.tools.win32_11.3.0.202008311133/tools/bin/../lib/gcc/arm-none-eabi/9.3.1/../../../../arm-none-eabi/lib/thumb/v7e-m+fp/hard\libcr_c.a(strlen.o)
                              c:/nxp/mcuxpressoide_11.3.0_5222/ide/plugins/com.nxp.mcuxpresso.tools.win32_11.3.0.202008311133/tools/bin/../lib/gcc/arm-none-eabi/9.3.1/../../../../arm-none-eabi/lib/thumb/v7e-m+fp/hard\libcr_c.a(printf.o) (strlen)
c:/nxp/mcuxpressoide_11.3.0_5222/ide/plugins/com.nxp.mcuxpresso.tools.win32_11.3.0.202008311133/tools/bin/../lib/gcc/arm-none-eabi/9.3.1/../../../../arm-none-eabi/lib/thumb/v7e-m+fp/hard\libcr_c.a(memcpy.o)
                              c:/nxp/mcuxpressoide_11.3.0_5222/ide/plugins/com.nxp.mcuxpresso.tools.win32_11.3.0.202008311133/tools/bin/../lib/gcc/arm-none-eabi/9.3.1/../../../../arm-none-eabi/lib/thumb/v7e-m+fp/hard\libcr_c.a(alloc.o) (memcpy)
c:/nxp/mcuxpressoide_11.3.0_5222/ide/plugins/com.nxp.mcuxpresso.tools.win32_11.3.0.202008311133/tools/bin/../lib/gcc/arm-none-eabi/9.3.1/../../../../arm-none-eabi/lib/thumb/v7e-m+fp/hard\libcr_c.a(memset.o)
                              c:/nxp/mcuxpressoide_11.3.0_5222/ide/plugins/com.nxp.mcuxpresso.tools.win32_11.3.0.202008311133/tools/bin/../lib/gcc/arm-none-eabi/9.3.1/../../../../arm-none-eabi/lib/thumb/v7e-m+fp/hard\libcr_c.a(alloc.o) (memset)
c:/nxp/mcuxpressoide_11.3.0_5222/ide/plugins/com.nxp.mcuxpresso.tools.win32_11.3.0.202008311133/tools/bin/../lib/gcc/arm-none-eabi/9.3.1/../../../../arm-none-eabi/lib/thumb/v7e-m+fp/hard\libcr_c.a(__init_alloc.o)
                              c:/nxp/mcuxpressoide_11.3.0_5222/ide/plugins/com.nxp.mcuxpresso.tools.win32_11.3.0.202008311133/tools/bin/../lib/gcc/arm-none-eabi/9.3.1/../../../../arm-none-eabi/lib/thumb/v7e-m+fp/hard\libcr_c.a(alloc.o) (__heaps)
c:/nxp/mcuxpressoide_11.3.0_5222/ide/plugins/com.nxp.mcuxpresso.tools.win32_11.3.0.202008311133/tools/bin/../lib/gcc/arm-none-eabi/9.3.1/../../../../arm-none-eabi/lib/thumb/v7e-m+fp/hard\libcr_c.a(_cr_sbrk.o)
                              c:/nxp/mcuxpressoide_11.3.0_5222/ide/plugins/com.nxp.mcuxpresso.tools.win32_11.3.0.202008311133/tools/bin/../lib/gcc/arm-none-eabi/9.3.1/../../../../arm-none-eabi/lib/thumb/v7e-m+fp/hard\libcr_c.a(alloc.o) (_sbrk)
c:/nxp/mcuxpressoide_11.3.0_5222/ide/plugins/com.nxp.mcuxpresso.tools.win32_11.3.0.202008311133/tools/bin/../lib/gcc/arm-none-eabi/9.3.1/../../../../arm-none-eabi/lib/thumb/v7e-m+fp/hard\libcr_c.a(_deferredlazyseek.o)
                              c:/nxp/mcuxpressoide_11.3.0_5222/ide/plugins/com.nxp.mcuxpresso.tools.win32_11.3.0.202008311133/tools/bin/../lib/gcc/arm-none-eabi/9.3.1/../../../../arm-none-eabi/lib/thumb/v7e-m+fp/hard\libcr_c.a(printf.o) (__flsbuf)
[...]
Memory Configuration

Name             Origin             Length             Attributes
PROGRAM_FLASH    0x00000000         0x00080000         xr
SRAM_UPPER       0x20000000         0x00010000         xrw
SRAM_LOWER       0x1fff0000         0x00010000         xrw
*default*        0x00000000         0xffffffff

Linker script and memory map

LOAD ./startup/startup_mk22f51212.o
LOAD ./source/utils/ftm0.o
LOAD ./source/utils/ftm1.o
LOAD ./source/utils/ftm2.o
LOAD ./source/utils/ftm3.o
LOAD ./source/signal/led.o
LOAD ./source/sensors/button.o
LOAD ./source/sensors/groundsensor.o
LOAD ./source/sensors/ledbarrier.o
LOAD ./source/sensors/ultrasonic.o
LOAD ./source/program/execute.o
LOAD ./source/program/workloop.o
LOAD ./source/mot/dcmot.o
LOAD ./source/mot/liftmot.o
LOAD ./source/mot/liftmot_LichtschrankeTest.o
LOAD ./source/mot/stair_ascend.o
LOAD ./source/mot/stepmot.o
LOAD ./source/dev/ManuelTest.o
LOAD ./source/dev/MichaelTest.o
LOAD ./source/com/parse.o
LOAD ./source/com/uart1.o
LOAD ./source/main.o
LOAD ./source/semihost_hardfault.o
LOAD ./drivers/fsl_clock.o
LOAD ./drivers/fsl_common.o
LOAD ./drivers/fsl_gpio.o
LOAD ./drivers/fsl_smc.o
LOAD ./device/system_MK22F51212.o
LOAD ./board/board.o
LOAD ./board/clock_config.o
LOAD ./board/peripherals.o
LOAD ./board/pin_mux.o
START GROUP
LOAD c:/nxp/mcuxpressoide_11.3.0_5222/ide/plugins/com.nxp.mcuxpresso.tools.win32_11.3.0.202008311133/tools/bin/../lib/gcc/arm-none-eabi/9.3.1/../../../../arm-none-eabi/lib/thumb/v7e-m+fp/hard\libcr_semihost_nf.a
LOAD c:/nxp/mcuxpressoide_11.3.0_5222/ide/plugins/com.nxp.mcuxpresso.tools.win32_11.3.0.202008311133/tools/bin/../lib/gcc/arm-none-eabi/9.3.1/../../../../arm-none-eabi/lib/thumb/v7e-m+fp/hard\libcr_c.a
LOAD c:/nxp/mcuxpressoide_11.3.0_5222/ide/plugins/com.nxp.mcuxpresso.tools.win32_11.3.0.202008311133/tools/bin/../lib/gcc/arm-none-eabi/9.3.1/thumb/v7e-m+fp/hard\libcr_eabihelpers.a
LOAD c:/nxp/mcuxpressoide_11.3.0_5222/ide/plugins/com.nxp.mcuxpresso.tools.win32_11.3.0.202008311133/tools/bin/../lib/gcc/arm-none-eabi/9.3.1/thumb/v7e-m+fp/hard\libgcc.a
END GROUP
                0x00000000                __base_PROGRAM_FLASH = 0x0
                0x00000000                __base_Flash = 0x0
                0x00080000                __top_PROGRAM_FLASH = 0x80000
                0x00080000                __top_Flash = 0x80000
                0x20000000                __base_SRAM_UPPER = 0x20000000
                0x20000000                __base_RAM = 0x20000000
                0x20010000                __top_SRAM_UPPER = 0x20010000
                0x20010000                __top_RAM = 0x20010000
                0x1fff0000                __base_SRAM_LOWER = 0x1fff0000
                0x1fff0000                __base_RAM2 = 0x1fff0000
                0x20000000                __top_SRAM_LOWER = 0x20000000
                0x20000000                __top_RAM2 = 0x20000000

.text           0x00000000     0x3090
 FILL mask 0xff
                0x00000000                __vectors_start__ = ABSOLUTE (.)
 *(SORT_BY_ALIGNMENT(.isr_vector))
 .isr_vector    0x00000000      0x168 ./startup/startup_mk22f51212.o
                0x00000000                g_pfnVectors
                0x00000000                __Vectors
                0x00000168                . = ALIGN (0x4)
                0x00000168                __section_table_start = .
                0x00000168                __data_section_table = .
                0x00000168        0x4 LONG 0x3090 LOADADDR (.data)
                0x0000016c        0x4 LONG 0x20000000 ADDR (.data)
                0x00000170        0x4 LONG 0xc SIZEOF (.data)
                0x00000174        0x4 LONG 0x3090 LOADADDR (.data_RAM2)
                0x00000178        0x4 LONG 0x1fff0000 ADDR (.data_RAM2)
                0x0000017c        0x4 LONG 0x0 SIZEOF (.data_RAM2)
                0x00000180                __data_section_table_end = .
                0x00000180                __bss_section_table = .
                0x00000180        0x4 LONG 0x2000000c ADDR (.bss)
                0x00000184        0x4 LONG 0x4dc SIZEOF (.bss)
                0x00000188        0x4 LONG 0x1fff0000 ADDR (.bss_RAM2)
                0x0000018c        0x4 LONG 0x0 SIZEOF (.bss_RAM2)
                0x00000190                __bss_section_table_end = .
                0x00000190                __section_table_end = .
 *(SORT_BY_ALIGNMENT(.after_vectors*))
 .after_vectors.reset
                0x00000190       0x48 ./startup/startup_mk22f51212.o
                0x00000190                ResetISR
 .after_vectors
                0x000001d8       0x14 ./startup/startup_mk22f51212.o
                0x000001d8                NMI_Handler
                0x000001dc                MemManage_Handler
                0x000001de                BusFault_Handler
                0x000001e0                UsageFault_Handler
                0x000001e2                SVC_Handler
                0x000001e4                DebugMon_Handler
                0x000001e6                PendSV_Handler
                0x000001e8                SysTick_Handler
                0x000001ea                DMA_Error_DriverIRQHandler
                0x000001ea                LPTMR0_DriverIRQHandler
                0x000001ea                FTM1_DriverIRQHandler
                0x000001ea                FTM2_DriverIRQHandler
                0x000001ea                PIT2_DriverIRQHandler
                0x000001ea                Reserved82_DriverIRQHandler
                0x000001ea                I2S0_Tx_DriverIRQHandler
                0x000001ea                RTC_Seconds_DriverIRQHandler
                0x000001ea                FTF_DriverIRQHandler
                0x000001ea                DMA6_DriverIRQHandler
                0x000001ea                LLWU_DriverIRQHandler
                0x000001ea                MCM_DriverIRQHandler
                0x000001ea                MCG_DriverIRQHandler
                0x000001ea                DAC1_DriverIRQHandler
                0x000001ea                SPI1_DriverIRQHandler
                0x000001ea                CMP1_DriverIRQHandler
                0x000001ea                FTM0_DriverIRQHandler
                0x000001ea                IntDefaultHandler
                0x000001ea                USB0_DriverIRQHandler
                0x000001ea                PORTC_DriverIRQHandler
                0x000001ea                DMA11_DriverIRQHandler
                0x000001ea                DAC0_DriverIRQHandler
                0x000001ea                DMA10_DriverIRQHandler
                0x000001ea                UART2_ERR_DriverIRQHandler
                0x000001ea                LVD_LVW_DriverIRQHandler
                0x000001ea                Reserved84_DriverIRQHandler
                0x000001ea                PIT0_DriverIRQHandler
                0x000001ea                RNG_DriverIRQHandler
                0x000001ea                DMA5_DriverIRQHandler
                0x000001ea                DMA12_DriverIRQHandler
                0x000001ea                UART2_RX_TX_DriverIRQHandler
                0x000001ea                DMA3_DriverIRQHandler
                0x000001ea                Reserved53_DriverIRQHandler
                0x000001ea                DMA8_DriverIRQHandler
                0x000001ea                DMA9_DriverIRQHandler
                0x000001ea                UART0_ERR_DriverIRQHandler
                0x000001ea                Reserved71_DriverIRQHandler
                0x000001ea                ADC1_DriverIRQHandler
                0x000001ea                PORTA_DriverIRQHandler
                0x000001ea                DMA14_DriverIRQHandler
                0x000001ea                PIT3_DriverIRQHandler
                0x000001ea                PIT1_DriverIRQHandler
                0x000001ea                WDOG_EWM_DriverIRQHandler
                0x000001ea                PDB0_DriverIRQHandler
                0x000001ea                Reserved83_DriverIRQHandler
                0x000001ea                Reserved61_DriverIRQHandler
                0x000001ea                RTC_DriverIRQHandler
                0x000001ea                I2S0_Rx_DriverIRQHandler
                0x000001ea                Read_Collision_DriverIRQHandler
                0x000001ea                Reserved54_DriverIRQHandler
                0x000001ea                SWI_DriverIRQHandler
                0x000001ea                PORTB_DriverIRQHandler
                0x000001ea                DMA0_DriverIRQHandler
                0x000001ea                DMA1_DriverIRQHandler
                0x000001ea                I2C1_DriverIRQHandler
                0x000001ea                DMA13_DriverIRQHandler
                0x000001ea                DMA15_DriverIRQHandler
                0x000001ea                LPUART0_DriverIRQHandler
                0x000001ea                Reserved85_DriverIRQHandler
                0x000001ea                Reserved81_DriverIRQHandler
                0x000001ea                UART0_RX_TX_DriverIRQHandler
                0x000001ea                SPI0_DriverIRQHandler
                0x000001ea                ADC0_DriverIRQHandler
                0x000001ea                CMP0_DriverIRQHandler
                0x000001ea                FTM3_DriverIRQHandler
                0x000001ea                DMA4_DriverIRQHandler
                0x000001ea                UART1_ERR_DriverIRQHandler
                0x000001ea                DMA2_DriverIRQHandler
                0x000001ea                PORTD_DriverIRQHandler
                0x000001ea                Reserved70_DriverIRQHandler
                0x000001ea                Reserved86_DriverIRQHandler
                0x000001ea                PORTE_DriverIRQHandler
                0x000001ea                I2C0_DriverIRQHandler
                0x000001ea                DMA7_DriverIRQHandler
                0x000001ea                UART1_RX_TX_DriverIRQHandler
 .after_vectors.init_data
                0x000001ec       0x12 ./startup/startup_mk22f51212.o
                0x000001ec                data_init
 .after_vectors.init_bss
                0x000001fe       0x10 ./startup/startup_mk22f51212.o
                0x000001fe                bss_init
                0x00000400                . = 0x400
 *fill*         0x0000020e      0x1f2 ff
                0x00000400                PROVIDE (__FLASH_CONFIG_START__ = .)
 *(SORT_BY_ALIGNMENT(.FlashConfig))
 .FlashConfig   0x00000400       0x10 ./startup/startup_mk22f51212.o
                0x00000400                Flash_Config
                0x00000410                PROVIDE (__FLASH_CONFIG_END__ = .)
                0x00000001                ASSERT (! ((__FLASH_CONFIG_START__ == __FLASH_CONFIG_END__)), Linker Flash Config Support Enabled, but no .FlashConfig section provided within application)
 *(SORT_BY_ALIGNMENT(.text*))
 .text.FTM0_IRQHandler
                0x00000410       0x8c ./source/utils/ftm0.o
                0x00000410                FTM0_IRQHandler
 .text.FTM0_INIT
                0x0000049c       0x60 ./source/utils/ftm0.o
                0x0000049c                FTM0_INIT
 .text.FTM1_IRQHandler
                0x000004fc       0x34 ./source/utils/ftm1.o
                0x000004fc                FTM1_IRQHandler
 .text.FTM1_INIT
                0x00000530       0x44 ./source/utils/ftm1.o
                0x00000530                FTM1_INIT
 .text.FTM2_IRQHandler
                0x00000574       0x34 ./source/utils/ftm2.o
                0x00000574                FTM2_IRQHandler
 .text.FTM2_INIT
                0x000005a8       0x44 ./source/utils/ftm2.o
                0x000005a8                FTM2_INIT
 .text.FTM3_IRQHandler
                0x000005ec       0x8c ./source/utils/ftm3.o
                0x000005ec                FTM3_IRQHandler
 .text.FTM3_INIT
                0x00000678       0x58 ./source/utils/ftm3.o
                0x00000678                FTM3_INIT
 .text.LED_RED_dim
                0x000006d0       0x48 ./source/signal/led.o
                0x000006d0                LED_RED_dim
 .text.LED_GREEN_dim
                0x00000718       0x48 ./source/signal/led.o
                0x00000718                LED_GREEN_dim
 .text.LED_BLUE_dim
                0x00000760       0x48 ./source/signal/led.o
                0x00000760                LED_BLUE_dim
 .text.LED_INIT
                0x000007a8       0x14 ./source/signal/led.o
                0x000007a8                LED_INIT
 .text.GET_GROUND_SENSOR
                0x000007bc       0x14 ./source/sensors/groundsensor.o
                0x000007bc                GET_GROUND_SENSOR
 .text.LEDBARRIER_FRONT_GET
                0x000007d0       0x10 ./source/sensors/ledbarrier.o
                0x000007d0                LEDBARRIER_FRONT_GET
 .text.LEDBARRIER_BACK_GET
                0x000007e0       0x10 ./source/sensors/ledbarrier.o
                0x000007e0                LEDBARRIER_BACK_GET
 .text.LEDBARRIER_STEPPER_GET
                0x000007f0       0x10 ./source/sensors/ledbarrier.o
                0x000007f0                LEDBARRIER_STEPPER_GET
 .text.ULTRASONIC_get_Distance
                0x00000800       0x4c ./source/sensors/ultrasonic.o
                0x00000800                ULTRASONIC_get_Distance
 .text.FTM1CH0_IRQHandler
                0x0000084c       0x50 ./source/sensors/ultrasonic.o
                0x0000084c                FTM1CH0_IRQHandler
 .text.FTM1TOF_IRQHandler
                0x0000089c       0x48 ./source/sensors/ultrasonic.o
                0x0000089c                FTM1TOF_IRQHandler
 .text.command_selector
                0x000008e4      0x3cc ./source/program/execute.o
                0x000008e4                command_selector
 .text.DCMOT_sync_vorward
                0x00000cb0       0x2c ./source/mot/dcmot.o
                0x00000cb0                DCMOT_sync_vorward
 .text.DCMOT_sync_backward
                0x00000cdc       0x2c ./source/mot/dcmot.o
                0x00000cdc                DCMOT_sync_backward
 .text.DCMOT_vorward
                0x00000d08       0x50 ./source/mot/dcmot.o
                0x00000d08                DCMOT_vorward
 .text.DCMOT_backward
                0x00000d58       0x50 ./source/mot/dcmot.o
                0x00000d58                DCMOT_backward
 .text.LIFTMOT_sync_up
                0x00000da8       0x24 ./source/mot/liftmot.o
                0x00000da8                LIFTMOT_sync_up
 .text.LIFTMOT_sync_down
                0x00000dcc       0x24 ./source/mot/liftmot.o
                0x00000dcc                LIFTMOT_sync_down
 .text.LIFTMOT_down
                0x00000df0       0x38 ./source/mot/liftmot.o
                0x00000df0                LIFTMOT_down
 .text.LIFTMOT_DRIVE_POS_MIDDLEUP
                0x00000e28       0xb0 ./source/mot/liftmot.o
                0x00000e28                LIFTMOT_DRIVE_POS_MIDDLEUP
 .text.LIFTMOT_DRIVE_POS_MIDDLEDOWN
                0x00000ed8       0x60 ./source/mot/liftmot.o
                0x00000ed8                LIFTMOT_DRIVE_POS_MIDDLEDOWN
 .text.LIFTMOT_DRIVE_POS_OUTERGROUND
                0x00000f38       0x48 ./source/mot/liftmot.o
                0x00000f38                LIFTMOT_DRIVE_POS_OUTERGROUND
 .text.LIFTMOT_DRIVE_POS_OUTERUP
                0x00000f80       0x40 ./source/mot/liftmot.o
                0x00000f80                LIFTMOT_DRIVE_POS_OUTERUP
 .text.LIFTMOT_GOTO_TOP
                0x00000fc0       0x80 ./source/mot/liftmot.o
                0x00000fc0                LIFTMOT_GOTO_TOP
 .text.LIFTMOT_MIDSEGM_TOP
                0x00001040       0x74 ./source/mot/liftmot.o
                0x00001040                LIFTMOT_MIDSEGM_TOP
 .text.LIFTMOT_LETDOWN
                0x000010b4       0x3c ./source/mot/liftmot.o
                0x000010b4                LIFTMOT_LETDOWN
 .text.stair_ascend_ascend
                0x000010f0       0xf4 ./source/mot/stair_ascend.o
                0x000010f0                stair_ascend_ascend
 .text.enable_Driver_Pulse
                0x000011e4       0x18 ./source/mot/stepmot.o
 .text.disable_Driver_Pulse
                0x000011fc       0x18 ./source/mot/stepmot.o
 .text.enable_Step_ISR
                0x00001214       0x18 ./source/mot/stepmot.o
 .text.disable_Step_ISR
                0x0000122c       0x10 ./source/mot/stepmot.o
 .text.step_Size_Dir_Select
                0x0000123c      0x128 ./source/mot/stepmot.o
 .text.turn_acc_STEPMOT.part.0
                0x00001364      0x1e4 ./source/mot/stepmot.o
 .text.enable_Stepper_Driver
                0x00001548       0x10 ./source/mot/stepmot.o
                0x00001548                enable_Stepper_Driver
 .text.ref_STEPMOT
                0x00001558      0x164 ./source/mot/stepmot.o
                0x00001558                ref_STEPMOT
 .text.ref_STEPMOT_startfield
                0x000016bc      0x108 ./source/mot/stepmot.o
                0x000016bc                ref_STEPMOT_startfield
 .text.STEPPER_MIDDLEUP_TURN
                0x000017c4       0x44 ./source/mot/stepmot.o
                0x000017c4                STEPPER_MIDDLEUP_TURN
 .text.STEPPER_MIDDLEDOWN_TURN
                0x00001808       0x3c ./source/mot/stepmot.o
                0x00001808                STEPPER_MIDDLEDOWN_TURN
 .text.FTM2CH1_IRQHandler
                0x00001844       0x2c ./source/mot/stepmot.o
                0x00001844                FTM2CH1_IRQHandler
 .text.UART1_RX_TX_IRQHandler
                0x00001870       0x98 ./source/com/uart1.o
                0x00001870                UART1_RX_TX_IRQHandler
 .text.UART1_ERR_IRQHandler
                0x00001908        0xc ./source/com/uart1.o
                0x00001908                UART1_ERR_IRQHandler
 .text.uart1WriteChar
                0x00001914       0x6c ./source/com/uart1.o
                0x00001914                uart1WriteChar
 .text.uart1ReadChar
                0x00001980       0x5c ./source/com/uart1.o
                0x00001980                uart1ReadChar
 .text.uart1HasLineReceived
                0x000019dc       0x44 ./source/com/uart1.o
                0x000019dc                uart1HasLineReceived
 .text.uart1Init
                0x00001a20       0x9c ./source/com/uart1.o
                0x00001a20                uart1Init
 .text.CLOCK_SetSimConfig
                0x00001abc       0x3c ./drivers/fsl_clock.o
                0x00001abc                CLOCK_SetSimConfig
 .text.CLOCK_SetExternalRefClkConfig
                0x00001af8       0x34 ./drivers/fsl_clock.o
                0x00001af8                CLOCK_SetExternalRefClkConfig
 .text.CLOCK_EnablePll0
                0x00001b2c       0x34 ./drivers/fsl_clock.o
                0x00001b2c                CLOCK_EnablePll0
 .text.CLOCK_InitOsc0
                0x00001b60       0x6c ./drivers/fsl_clock.o
                0x00001b60                CLOCK_InitOsc0
 .text.CLOCK_SetPbeMode
                0x00001bcc       0x50 ./drivers/fsl_clock.o
                0x00001bcc                CLOCK_SetPbeMode
 .text.CLOCK_BootToPeeMode
                0x00001c1c       0x30 ./drivers/fsl_clock.o
                0x00001c1c                CLOCK_BootToPeeMode
 .text.SystemInit
                0x00001c4c       0x34 ./device/system_MK22F51212.o
                0x00001c4c                SystemInit
 .text.BOARD_BootClockRUN
                0x00001c80       0x78 ./board/clock_config.o
                0x00001c80                BOARD_BootClockRUN
 .text.BOARD_InitPins
                0x00001cf8      0x2b0 ./board/pin_mux.o
                0x00001cf8                BOARD_InitPins
 .text.ceil     0x00001fa8       0x94 c:/nxp/mcuxpressoide_11.3.0_5222/ide/plugins/com.nxp.mcuxpresso.tools.win32_11.3.0.202008311133/tools/bin/../lib/gcc/arm-none-eabi/9.3.1/../../../../arm-none-eabi/lib/thumb/v7e-m+fp/hard\libcr_c.a(ceil.o)
                0x00001fa8                ceil
 .text._initio  0x0000203c       0x78 c:/nxp/mcuxpressoide_11.3.0_5222/ide/plugins/com.nxp.mcuxpresso.tools.win32_11.3.0.202008311133/tools/bin/../lib/gcc/arm-none-eabi/9.3.1/../../../../arm-none-eabi/lib/thumb/v7e-m+fp/hard\libcr_c.a(initio.o)
                0x0000203c                _initio
 .text._Cwritebuf
                0x000020b4       0x6c c:/nxp/mcuxpressoide_11.3.0_5222/ide/plugins/com.nxp.mcuxpresso.tools.win32_11.3.0.202008311133/tools/bin/../lib/gcc/arm-none-eabi/9.3.1/../../../../arm-none-eabi/lib/thumb/v7e-m+fp/hard\libcr_c.a(_writebuf.o)
                0x000020b4                _Cwritebuf
 .text.fflush   0x00002120       0x44 c:/nxp/mcuxpressoide_11.3.0_5222/ide/plugins/com.nxp.mcuxpresso.tools.win32_11.3.0.202008311133/tools/bin/../lib/gcc/arm-none-eabi/9.3.1/../../../../arm-none-eabi/lib/thumb/v7e-m+fp/hard\libcr_c.a(fflush.o)
                0x00002120                fflush
 .text.fseek    0x00002164      0x100 c:/nxp/mcuxpressoide_11.3.0_5222/ide/plugins/com.nxp.mcuxpresso.tools.win32_11.3.0.202008311133/tools/bin/../lib/gcc/arm-none-eabi/9.3.1/../../../../arm-none-eabi/lib/thumb/v7e-m+fp/hard\libcr_c.a(fseek.o)
                0x00002164                fseek
 .text.ftell    0x00002264       0x44 c:/nxp/mcuxpressoide_11.3.0_5222/ide/plugins/com.nxp.mcuxpresso.tools.win32_11.3.0.202008311133/tools/bin/../lib/gcc/arm-none-eabi/9.3.1/../../../../arm-none-eabi/lib/thumb/v7e-m+fp/hard\libcr_c.a(ftell.o)
                0x00002264                ftell
 .text.__aeabi_dmul
                0x000022a8      0x114 c:/nxp/mcuxpressoide_11.3.0_5222/ide/plugins/com.nxp.mcuxpresso.tools.win32_11.3.0.202008311133/tools/bin/../lib/gcc/arm-none-eabi/9.3.1/thumb/v7e-m+fp/hard\libcr_eabihelpers.a(double.o)
                0x000022a8                __aeabi_dmul
 .text.__aeabi_ddiv
                0x000023bc      0x144 c:/nxp/mcuxpressoide_11.3.0_5222/ide/plugins/com.nxp.mcuxpresso.tools.win32_11.3.0.202008311133/tools/bin/../lib/gcc/arm-none-eabi/9.3.1/thumb/v7e-m+fp/hard\libcr_eabihelpers.a(double.o)
                0x000023bc                __aeabi_ddiv
 .text.__aeabi_dsub
                0x00002500      0x1b0 c:/nxp/mcuxpressoide_11.3.0_5222/ide/plugins/com.nxp.mcuxpresso.tools.win32_11.3.0.202008311133/tools/bin/../lib/gcc/arm-none-eabi/9.3.1/thumb/v7e-m+fp/hard\libcr_eabihelpers.a(double.o)
                0x00002500                __aeabi_dsub
 .text.__aeabi_dadd
                0x000026b0      0x114 c:/nxp/mcuxpressoide_11.3.0_5222/ide/plugins/com.nxp.mcuxpresso.tools.win32_11.3.0.202008311133/tools/bin/../lib/gcc/arm-none-eabi/9.3.1/thumb/v7e-m+fp/hard\libcr_eabihelpers.a(double.o)
                0x000026b0                __aeabi_dadd
 .text.__aeabi_d2f
                0x000027c4       0x58 c:/nxp/mcuxpressoide_11.3.0_5222/ide/plugins/com.nxp.mcuxpresso.tools.win32_11.3.0.202008311133/tools/bin/../lib/gcc/arm-none-eabi/9.3.1/thumb/v7e-m+fp/hard\libcr_eabihelpers.a(double.o)
                0x000027c4                __aeabi_d2f
 .text.__aeabi_f2d
                0x0000281c       0x38 c:/nxp/mcuxpressoide_11.3.0_5222/ide/plugins/com.nxp.mcuxpresso.tools.win32_11.3.0.202008311133/tools/bin/../lib/gcc/arm-none-eabi/9.3.1/thumb/v7e-m+fp/hard\libcr_eabihelpers.a(float.o)
                0x0000281c                __aeabi_f2d
 .text.DMA0_IRQHandler
                0x00002854        0x8 ./startup/startup_mk22f51212.o
                0x00002854                DMA0_IRQHandler
 .text.DMA1_IRQHandler
                0x0000285c        0x8 ./startup/startup_mk22f51212.o
                0x0000285c                DMA1_IRQHandler
 .text.DMA2_IRQHandler
                0x00002864        0x8 ./startup/startup_mk22f51212.o
                0x00002864                DMA2_IRQHandler
 .text.DMA3_IRQHandler
                0x0000286c        0x8 ./startup/startup_mk22f51212.o
                0x0000286c                DMA3_IRQHandler
 .text.DMA4_IRQHandler
                0x00002874        0x8 ./startup/startup_mk22f51212.o
                0x00002874                DMA4_IRQHandler
 .text.DMA5_IRQHandler
                0x0000287c        0x8 ./startup/startup_mk22f51212.o
                0x0000287c                DMA5_IRQHandler
 .text.DMA6_IRQHandler
                0x00002884        0x8 ./startup/startup_mk22f51212.o
                0x00002884                DMA6_IRQHandler
 .text.DMA7_IRQHandler
                0x0000288c        0x8 ./startup/startup_mk22f51212.o
                0x0000288c                DMA7_IRQHandler
 .text.DMA8_IRQHandler
                0x00002894        0x8 ./startup/startup_mk22f51212.o
                0x00002894                DMA8_IRQHandler
 .text.DMA9_IRQHandler
                0x0000289c        0x8 ./startup/startup_mk22f51212.o
                0x0000289c                DMA9_IRQHandler
 .text.DMA10_IRQHandler
                0x000028a4        0x8 ./startup/startup_mk22f51212.o
                0x000028a4                DMA10_IRQHandler
 .text.DMA11_IRQHandler
                0x000028ac        0x8 ./startup/startup_mk22f51212.o
                0x000028ac                DMA11_IRQHandler
 .text.DMA12_IRQHandler
                0x000028b4        0x8 ./startup/startup_mk22f51212.o
                0x000028b4                DMA12_IRQHandler
 .text.DMA13_IRQHandler
                0x000028bc        0x8 ./startup/startup_mk22f51212.o
                0x000028bc                DMA13_IRQHandler
 .text.DMA14_IRQHandler
                0x000028c4        0x8 ./startup/startup_mk22f51212.o
                0x000028c4                DMA14_IRQHandler
 .text.DMA15_IRQHandler
                0x000028cc        0x8 ./startup/startup_mk22f51212.o
                0x000028cc                DMA15_IRQHandler
 .text.DMA_Error_IRQHandler
                0x000028d4        0x8 ./startup/startup_mk22f51212.o
                0x000028d4                DMA_Error_IRQHandler
 .text.MCM_IRQHandler
                0x000028dc        0x8 ./startup/startup_mk22f51212.o
                0x000028dc                MCM_IRQHandler
 .text.FTF_IRQHandler
                0x000028e4        0x8 ./startup/startup_mk22f51212.o
                0x000028e4                FTF_IRQHandler
 .text.Read_Collision_IRQHandler
                0x000028ec        0x8 ./startup/startup_mk22f51212.o
                0x000028ec                Read_Collision_IRQHandler
 .text.LVD_LVW_IRQHandler
                0x000028f4        0x8 ./startup/startup_mk22f51212.o
                0x000028f4                LVD_LVW_IRQHandler
 .text.LLWU_IRQHandler
                0x000028fc        0x8 ./startup/startup_mk22f51212.o
                0x000028fc                LLWU_IRQHandler
 .text.WDOG_EWM_IRQHandler
                0x00002904        0x8 ./startup/startup_mk22f51212.o
                0x00002904                WDOG_EWM_IRQHandler
 .text.RNG_IRQHandler
                0x0000290c        0x8 ./startup/startup_mk22f51212.o
                0x0000290c                RNG_IRQHandler
 .text.I2C0_IRQHandler
                0x00002914        0x8 ./startup/startup_mk22f51212.o
                0x00002914                I2C0_IRQHandler
 .text.I2C1_IRQHandler
                0x0000291c        0x8 ./startup/startup_mk22f51212.o
                0x0000291c                I2C1_IRQHandler
 .text.SPI0_IRQHandler
                0x00002924        0x8 ./startup/startup_mk22f51212.o
                0x00002924                SPI0_IRQHandler
 .text.SPI1_IRQHandler
                0x0000292c        0x8 ./startup/startup_mk22f51212.o
                0x0000292c                SPI1_IRQHandler
 .text.I2S0_Tx_IRQHandler
                0x00002934        0x8 ./startup/startup_mk22f51212.o
                0x00002934                I2S0_Tx_IRQHandler
 .text.I2S0_Rx_IRQHandler
                0x0000293c        0x8 ./startup/startup_mk22f51212.o
                0x0000293c                I2S0_Rx_IRQHandler
 .text.LPUART0_IRQHandler
                0x00002944        0x8 ./startup/startup_mk22f51212.o
                0x00002944                LPUART0_IRQHandler
 .text.UART0_RX_TX_IRQHandler
                0x0000294c        0x8 ./startup/startup_mk22f51212.o
                0x0000294c                UART0_RX_TX_IRQHandler
 .text.UART0_ERR_IRQHandler
                0x00002954        0x8 ./startup/startup_mk22f51212.o
                0x00002954                UART0_ERR_IRQHandler
 .text.UART2_RX_TX_IRQHandler
                0x0000295c        0x8 ./startup/startup_mk22f51212.o
                0x0000295c                UART2_RX_TX_IRQHandler
 .text.UART2_ERR_IRQHandler
                0x00002964        0x8 ./startup/startup_mk22f51212.o
                0x00002964                UART2_ERR_IRQHandler
 .text.Reserved53_IRQHandler
                0x0000296c        0x8 ./startup/startup_mk22f51212.o
                0x0000296c                Reserved53_IRQHandler
 .text.Reserved54_IRQHandler
                0x00002974        0x8 ./startup/startup_mk22f51212.o
                0x00002974                Reserved54_IRQHandler
 .text.ADC0_IRQHandler
                0x0000297c        0x8 ./startup/startup_mk22f51212.o
                0x0000297c                ADC0_IRQHandler
 .text.CMP0_IRQHandler
                0x00002984        0x8 ./startup/startup_mk22f51212.o
                0x00002984                CMP0_IRQHandler
 .text.CMP1_IRQHandler
                0x0000298c        0x8 ./startup/startup_mk22f51212.o
                0x0000298c                CMP1_IRQHandler
 .text.Reserved61_IRQHandler
                0x00002994        0x8 ./startup/startup_mk22f51212.o
                0x00002994                Reserved61_IRQHandler
 .text.RTC_IRQHandler
                0x0000299c        0x8 ./startup/startup_mk22f51212.o
                0x0000299c                RTC_IRQHandler
 .text.RTC_Seconds_IRQHandler
                0x000029a4        0x8 ./startup/startup_mk22f51212.o
                0x000029a4                RTC_Seconds_IRQHandler
 .text.PIT0_IRQHandler
                0x000029ac        0x8 ./startup/startup_mk22f51212.o
                0x000029ac                PIT0_IRQHandler
 .text.PIT1_IRQHandler
                0x000029b4        0x8 ./startup/startup_mk22f51212.o
                0x000029b4                PIT1_IRQHandler
 .text.PIT2_IRQHandler
                0x000029bc        0x8 ./startup/startup_mk22f51212.o
                0x000029bc                PIT2_IRQHandler
 .text.PIT3_IRQHandler
                0x000029c4        0x8 ./startup/startup_mk22f51212.o
                0x000029c4                PIT3_IRQHandler
 .text.PDB0_IRQHandler
                0x000029cc        0x8 ./startup/startup_mk22f51212.o
                0x000029cc                PDB0_IRQHandler
 .text.USB0_IRQHandler
                0x000029d4        0x8 ./startup/startup_mk22f51212.o
                0x000029d4                USB0_IRQHandler
 .text.Reserved70_IRQHandler
                0x000029dc        0x8 ./startup/startup_mk22f51212.o
                0x000029dc                Reserved70_IRQHandler
 .text.Reserved71_IRQHandler
                0x000029e4        0x8 ./startup/startup_mk22f51212.o
                0x000029e4                Reserved71_IRQHandler
 .text.DAC0_IRQHandler
                0x000029ec        0x8 ./startup/startup_mk22f51212.o
                0x000029ec                DAC0_IRQHandler
 .text.MCG_IRQHandler
                0x000029f4        0x8 ./startup/startup_mk22f51212.o
                0x000029f4                MCG_IRQHandler
 .text.LPTMR0_IRQHandler
                0x000029fc        0x8 ./startup/startup_mk22f51212.o
                0x000029fc                LPTMR0_IRQHandler
 .text.PORTA_IRQHandler
                0x00002a04        0x8 ./startup/startup_mk22f51212.o
                0x00002a04                PORTA_IRQHandler
 .text.PORTB_IRQHandler
                0x00002a0c        0x8 ./startup/startup_mk22f51212.o
                0x00002a0c                PORTB_IRQHandler
 .text.PORTC_IRQHandler
                0x00002a14        0x8 ./startup/startup_mk22f51212.o
                0x00002a14                PORTC_IRQHandler
 .text.PORTD_IRQHandler
                0x00002a1c        0x8 ./startup/startup_mk22f51212.o
                0x00002a1c                PORTD_IRQHandler
 .text.PORTE_IRQHandler
                0x00002a24        0x8 ./startup/startup_mk22f51212.o
                0x00002a24                PORTE_IRQHandler
 .text.SWI_IRQHandler
                0x00002a2c        0x8 ./startup/startup_mk22f51212.o
                0x00002a2c                SWI_IRQHandler
 .text.Reserved81_IRQHandler
                0x00002a34        0x8 ./startup/startup_mk22f51212.o
                0x00002a34                Reserved81_IRQHandler
 .text.Reserved82_IRQHandler
                0x00002a3c        0x8 ./startup/startup_mk22f51212.o
                0x00002a3c                Reserved82_IRQHandler
 .text.Reserved83_IRQHandler
                0x00002a44        0x8 ./startup/startup_mk22f51212.o
                0x00002a44                Reserved83_IRQHandler
 .text.Reserved84_IRQHandler
                0x00002a4c        0x8 ./startup/startup_mk22f51212.o
                0x00002a4c                Reserved84_IRQHandler
 .text.Reserved85_IRQHandler
                0x00002a54        0x8 ./startup/startup_mk22f51212.o
                0x00002a54                Reserved85_IRQHandler
 .text.Reserved86_IRQHandler
                0x00002a5c        0x8 ./startup/startup_mk22f51212.o
                0x00002a5c                Reserved86_IRQHandler
 .text.DAC1_IRQHandler
                0x00002a64        0x8 ./startup/startup_mk22f51212.o
                0x00002a64                DAC1_IRQHandler
 .text.ADC1_IRQHandler
                0x00002a6c        0x8 ./startup/startup_mk22f51212.o
                0x00002a6c                ADC1_IRQHandler
 .text.Default_Handler_FTM0
                0x00002a74        0x4 ./source/utils/ftm0.o
                0x00002a74                FTM0CH5_IRQHandler
                0x00002a74                FTM0CH7_IRQHandler
                0x00002a74                FTM0CH1_IRQHandler
                0x00002a74                FTM0CH0_IRQHandler
                0x00002a74                Default_Handler_FTM0
                0x00002a74                FTM0CH4_IRQHandler
                0x00002a74                FTM0CH6_IRQHandler
                0x00002a74                FTM0TOF_IRQHandler
                0x00002a74                FTM0CH2_IRQHandler
                0x00002a74                FTM0CH3_IRQHandler
 .text.Default_Handler_FTM1
                0x00002a78        0x4 ./source/utils/ftm1.o
                0x00002a78                Default_Handler_FTM1
                0x00002a78                FTM1CH1_IRQHandler
 .text.Default_Handler_FTM2
                0x00002a7c        0x4 ./source/utils/ftm2.o
                0x00002a7c                Default_Handler_FTM2
                0x00002a7c                FTM2TOF_IRQHandler
                0x00002a7c                FTM2CH0_IRQHandler
 .text.Default_Handler_FTM3
                0x00002a80        0x4 ./source/utils/ftm3.o
                0x00002a80                FTM3CH6_IRQHandler
                0x00002a80                FTM3CH7_IRQHandler
                0x00002a80                FTM3CH0_IRQHandler
                0x00002a80                FTM3TOF_IRQHandler
                0x00002a80                FTM3CH3_IRQHandler
                0x00002a80                Default_Handler_FTM3
                0x00002a80                FTM3CH4_IRQHandler
                0x00002a80                FTM3CH2_IRQHandler
                0x00002a80                FTM3CH5_IRQHandler
                0x00002a80                FTM3CH1_IRQHandler
 .text.exec_USONIC_GET
                0x00002a84       0x52 ./source/program/execute.o
 .text.workloop
                0x00002ad6       0x2e ./source/program/workloop.o
                0x00002ad6                workloop
 .text.DCMOT_fine_startup_backwards.part.0
                0x00002b04       0x36 ./source/mot/dcmot.o
 .text.wait     0x00002b3a        0xe ./source/mot/liftmot.o
 .text.LIFTMOT_fine_startup_down.part.0
                0x00002b48       0x3a ./source/mot/liftmot.o
 .text.wait     0x00002b82        0xc ./source/mot/stair_ascend.o
 .text.wait     0x00002b8e        0xe ./source/mot/stepmot.o
                0x00002b8e                wait
 .text.parse_cmd_line
                0x00002b9c       0x80 ./source/com/parse.o
                0x00002b9c                parse_cmd_line
 .text.uart1WriteCommand
                0x00002c1c       0x20 ./source/com/uart1.o
                0x00002c1c                uart1WriteCommand
 .text.uart1ReadLine
                0x00002c3c       0x2e ./source/com/uart1.o
                0x00002c3c                uart1ReadLine
 .text.startup.main
                0x00002c6a       0x36 ./source/main.o
                0x00002c6a                main
 .text.HardFault_Handler
                0x00002ca0       0x2a ./source/semihost_hardfault.o
                0x00002ca0                HardFault_Handler
 .text.GPIO_PinInit
                0x00002cca       0x24 ./drivers/fsl_gpio.o
                0x00002cca                GPIO_PinInit
 .text.SMC_SetPowerModeHsrun
                0x00002cee       0x10 ./drivers/fsl_smc.o
                0x00002cee                SMC_SetPowerModeHsrun
 .text.SystemInitHook
                0x00002cfe        0x2 ./device/system_MK22F51212.o
                0x00002cfe                SystemInitHook
 .text.BOARD_InitBootClocks
                0x00002d00        0x4 ./board/clock_config.o
                0x00002d00                BOARD_InitBootClocks
 .text.BOARD_InitBootPeripherals
                0x00002d04        0x2 ./board/peripherals.o
                0x00002d04                BOARD_InitBootPeripherals
 .text.BOARD_InitBootPins
                0x00002d06        0x4 ./board/pin_mux.o
                0x00002d06                BOARD_InitBootPins
 .text.__main   0x00002d0a        0xe c:/nxp/mcuxpressoide_11.3.0_5222/ide/plugins/com.nxp.mcuxpresso.tools.win32_11.3.0.202008311133/tools/bin/../lib/gcc/arm-none-eabi/9.3.1/../../../../arm-none-eabi/lib/thumb/v7e-m+fp/hard\libcr_semihost_nf.a(_cr__main.o)
                0x00002d0a                __CR_SEMIHOST
                0x00002d0a                __main
 .text.free     0x00002d18       0x30 c:/nxp/mcuxpressoide_11.3.0_5222/ide/plugins/com.nxp.mcuxpresso.tools.win32_11.3.0.202008311133/tools/bin/../lib/gcc/arm-none-eabi/9.3.1/../../../../arm-none-eabi/lib/thumb/v7e-m+fp/hard\libcr_c.a(alloc.o)
                0x00002d18                free
 .text.setvbuf  0x00002d48       0x3e c:/nxp/mcuxpressoide_11.3.0_5222/ide/plugins/com.nxp.mcuxpresso.tools.win32_11.3.0.202008311133/tools/bin/../lib/gcc/arm-none-eabi/9.3.1/../../../../arm-none-eabi/lib/thumb/v7e-m+fp/hard\libcr_c.a(setvbuf.o)
                0x00002d48                setvbuf
 .text.strlen   0x00002d86       0x4c c:/nxp/mcuxpressoide_11.3.0_5222/ide/plugins/com.nxp.mcuxpresso.tools.win32_11.3.0.202008311133/tools/bin/../lib/gcc/arm-none-eabi/9.3.1/../../../../arm-none-eabi/lib/thumb/v7e-m+fp/hard\libcr_c.a(strlen.o)
                0x00002d86                strlen
 .text.memset   0x00002dd2        0x4 c:/nxp/mcuxpressoide_11.3.0_5222/ide/plugins/com.nxp.mcuxpresso.tools.win32_11.3.0.202008311133/tools/bin/../lib/gcc/arm-none-eabi/9.3.1/../../../../arm-none-eabi/lib/thumb/v7e-m+fp/hard\libcr_c.a(memset.o)
                0x00002dd2                memset
 .text._deferredlazyseek
                0x00002dd6       0x40 c:/nxp/mcuxpressoide_11.3.0_5222/ide/plugins/com.nxp.mcuxpresso.tools.win32_11.3.0.202008311133/tools/bin/../lib/gcc/arm-none-eabi/9.3.1/../../../../arm-none-eabi/lib/thumb/v7e-m+fp/hard\libcr_c.a(_deferredlazyseek.o)
                0x00002dd6                _deferredlazyseek
 .text._fdopen  0x00002e16       0x68 c:/nxp/mcuxpressoide_11.3.0_5222/ide/plugins/com.nxp.mcuxpresso.tools.win32_11.3.0.202008311133/tools/bin/../lib/gcc/arm-none-eabi/9.3.1/../../../../arm-none-eabi/lib/thumb/v7e-m+fp/hard\libcr_c.a(_fdopen.o)
                0x00002e16                _fdopen
 .text._fflush  0x00002e7e       0x52 c:/nxp/mcuxpressoide_11.3.0_5222/ide/plugins/com.nxp.mcuxpresso.tools.win32_11.3.0.202008311133/tools/bin/../lib/gcc/arm-none-eabi/9.3.1/../../../../arm-none-eabi/lib/thumb/v7e-m+fp/hard\libcr_c.a(_fflush.o)
                0x00002e7e                _fflush
 .text.fclose   0x00002ed0       0x58 c:/nxp/mcuxpressoide_11.3.0_5222/ide/plugins/com.nxp.mcuxpresso.tools.win32_11.3.0.202008311133/tools/bin/../lib/gcc/arm-none-eabi/9.3.1/../../../../arm-none-eabi/lib/thumb/v7e-m+fp/hard\libcr_c.a(fclose.o)
                0x00002ed0                fclose
 .text.remove   0x00002f28       0x14 c:/nxp/mcuxpressoide_11.3.0_5222/ide/plugins/com.nxp.mcuxpresso.tools.win32_11.3.0.202008311133/tools/bin/../lib/gcc/arm-none-eabi/9.3.1/../../../../arm-none-eabi/lib/thumb/v7e-m+fp/hard\libcr_c.a(remove.o)
                0x00002f28                remove
 .text._do_fflush
                0x00002f3c       0x40 c:/nxp/mcuxpressoide_11.3.0_5222/ide/plugins/com.nxp.mcuxpresso.tools.win32_11.3.0.202008311133/tools/bin/../lib/gcc/arm-none-eabi/9.3.1/../../../../arm-none-eabi/lib/thumb/v7e-m+fp/hard\libcr_c.a(_do_fflush.o)
                0x00002f3c                _do_fflush
 .text.__aeabi_d2uiz
                0x00002f7c       0x30 c:/nxp/mcuxpressoide_11.3.0_5222/ide/plugins/com.nxp.mcuxpresso.tools.win32_11.3.0.202008311133/tools/bin/../lib/gcc/arm-none-eabi/9.3.1/thumb/v7e-m+fp/hard\libcr_eabihelpers.a(double.o)
                0x00002f7c                __aeabi_d2uiz
 .text.__aeabi_dcmpeq
                0x00002fac       0x30 c:/nxp/mcuxpressoide_11.3.0_5222/ide/plugins/com.nxp.mcuxpresso.tools.win32_11.3.0.202008311133/tools/bin/../lib/gcc/arm-none-eabi/9.3.1/thumb/v7e-m+fp/hard\libcr_eabihelpers.a(double.o)
                0x00002fac                __aeabi_dcmpeq
 .text.__aeabi_memset_lowlevel
                0x00002fdc       0x32 c:/nxp/mcuxpressoide_11.3.0_5222/ide/plugins/com.nxp.mcuxpresso.tools.win32_11.3.0.202008311133/tools/bin/../lib/gcc/arm-none-eabi/9.3.1/thumb/v7e-m+fp/hard\libcr_eabihelpers.a(memcpy.o)
                0x00002fdc                __aeabi_lowlevel_memset
 .text.__sys_close
                0x0000300e        0xc c:/nxp/mcuxpressoide_11.3.0_5222/ide/plugins/com.nxp.mcuxpresso.tools.win32_11.3.0.202008311133/tools/bin/../lib/gcc/arm-none-eabi/9.3.1/../../../../arm-none-eabi/lib/thumb/v7e-m+fp/hard\libcr_semihost_nf.a(__sys_close.o)
                0x0000300e                __sys_close
 .text.__sys_flen
                0x0000301a        0xc c:/nxp/mcuxpressoide_11.3.0_5222/ide/plugins/com.nxp.mcuxpresso.tools.win32_11.3.0.202008311133/tools/bin/../lib/gcc/arm-none-eabi/9.3.1/../../../../arm-none-eabi/lib/thumb/v7e-m+fp/hard\libcr_semihost_nf.a(__sys_flen.o)
                0x0000301a                __sys_flen
 .text.__sys_istty
                0x00003026        0xc c:/nxp/mcuxpressoide_11.3.0_5222/ide/plugins/com.nxp.mcuxpresso.tools.win32_11.3.0.202008311133/tools/bin/../lib/gcc/arm-none-eabi/9.3.1/../../../../arm-none-eabi/lib/thumb/v7e-m+fp/hard\libcr_semihost_nf.a(__sys_istty.o)
                0x00003026                __sys_istty
 .text.__sys_remove
                0x00003032        0xc c:/nxp/mcuxpressoide_11.3.0_5222/ide/plugins/com.nxp.mcuxpresso.tools.win32_11.3.0.202008311133/tools/bin/../lib/gcc/arm-none-eabi/9.3.1/../../../../arm-none-eabi/lib/thumb/v7e-m+fp/hard\libcr_semihost_nf.a(__sys_remove.o)
                0x00003032                __sys_remove
 .text.__sys_seek
                0x0000303e        0xc c:/nxp/mcuxpressoide_11.3.0_5222/ide/plugins/com.nxp.mcuxpresso.tools.win32_11.3.0.202008311133/tools/bin/../lib/gcc/arm-none-eabi/9.3.1/../../../../arm-none-eabi/lib/thumb/v7e-m+fp/hard\libcr_semihost_nf.a(__sys_seek.o)
                0x0000303e                __sys_seek
 .text.__sys_tmpnam
                0x0000304a        0xc c:/nxp/mcuxpressoide_11.3.0_5222/ide/plugins/com.nxp.mcuxpresso.tools.win32_11.3.0.202008311133/tools/bin/../lib/gcc/arm-none-eabi/9.3.1/../../../../arm-none-eabi/lib/thumb/v7e-m+fp/hard\libcr_semihost_nf.a(__sys_tmpnam.o)
                0x0000304a                __sys_tmpnam
 .text.__sys_write
                0x00003056        0xc c:/nxp/mcuxpressoide_11.3.0_5222/ide/plugins/com.nxp.mcuxpresso.tools.win32_11.3.0.202008311133/tools/bin/../lib/gcc/arm-none-eabi/9.3.1/../../../../arm-none-eabi/lib/thumb/v7e-m+fp/hard\libcr_semihost_nf.a(__sys_write.o)
                0x00003056                __sys_write
 *(SORT_BY_ALIGNMENT(.rodata) SORT_BY_ALIGNMENT(.rodata.*) SORT_BY_ALIGNMENT(.constdata) SORT_BY_ALIGNMENT(.constdata.*))
 *fill*         0x00003062        0x2 ff
 .rodata.oscConfig_BOARD_BootClockRUN
                0x00003064        0x8 ./board/clock_config.o
                0x00003064                oscConfig_BOARD_BootClockRUN
 .rodata.simConfig_BOARD_BootClockRUN
                0x0000306c        0x8 ./board/clock_config.o
                0x0000306c                simConfig_BOARD_BootClockRUN
 .rodata.__num_Ciob_streams
                0x00003074        0x4 c:/nxp/mcuxpressoide_11.3.0_5222/ide/plugins/com.nxp.mcuxpresso.tools.win32_11.3.0.202008311133/tools/bin/../lib/gcc/arm-none-eabi/9.3.1/../../../../arm-none-eabi/lib/thumb/v7e-m+fp/hard\libcr_semihost_nf.a(__ciob.o)
                0x00003074                __num_Ciob_streams
 .rodata.command_selector.str1.1
                0x00003078        0x8 ./source/program/execute.o
 .rodata.mcgConfig_BOARD_BootClockRUN
                0x00003080        0xb ./board/clock_config.o
                0x00003080                mcgConfig_BOARD_BootClockRUN
 .rodata._initio.str1.1
                0x0000308b        0x4 c:/nxp/mcuxpressoide_11.3.0_5222/ide/plugins/com.nxp.mcuxpresso.tools.win32_11.3.0.202008311133/tools/bin/../lib/gcc/arm-none-eabi/9.3.1/../../../../arm-none-eabi/lib/thumb/v7e-m+fp/hard\libcr_c.a(initio.o)
                0x00003090                . = ALIGN (0x4)
 *fill*         0x0000308f        0x1 ff

.glue_7         0x00003090        0x0
 .glue_7        0x00003090        0x0 linker stubs

.glue_7t        0x00003090        0x0
 .glue_7t       0x00003090        0x0 linker stubs

.vfp11_veneer   0x00003090        0x0
 .vfp11_veneer  0x00003090        0x0 linker stubs

.v4_bx          0x00003090        0x0
 .v4_bx         0x00003090        0x0 linker stubs

.iplt           0x00003090        0x0
 .iplt          0x00003090        0x0 ./startup/startup_mk22f51212.o

.rel.dyn        0x00003090        0x0
 .rel.iplt      0x00003090        0x0 ./startup/startup_mk22f51212.o

.ARM.extab
 *(SORT_BY_ALIGNMENT(.ARM.extab*) SORT_BY_ALIGNMENT(.gnu.linkonce.armextab.*))

.ARM.exidx      0x00003090        0x0
                0x00003090                __exidx_start = .
 *(SORT_BY_ALIGNMENT(.ARM.exidx*) SORT_BY_ALIGNMENT(.gnu.linkonce.armexidx.*))
                0x00003090                __exidx_end = .
                0x00003090                _etext = .

.m_usb_data
 *(SORT_BY_ALIGNMENT(m_usb_bdt))

.data_RAM2      0x1fff0000        0x0 load address 0x00003090
 FILL mask 0xff
                [!provide]                PROVIDE (__start_data_RAM2 = .)
                [!provide]                PROVIDE (__start_data_SRAM_LOWER = .)
 *(SORT_BY_ALIGNMENT(.ramfunc.$RAM2))
 *(SORT_BY_ALIGNMENT(.ramfunc.$SRAM_LOWER))
 *(SORT_BY_ALIGNMENT(.data.$RAM2))
 *(SORT_BY_ALIGNMENT(.data.$SRAM_LOWER))
 *(SORT_BY_ALIGNMENT(.data.$RAM2.*))
 *(SORT_BY_ALIGNMENT(.data.$SRAM_LOWER.*))
                0x1fff0000                . = ALIGN (0x4)
                [!provide]                PROVIDE (__end_data_RAM2 = .)
                [!provide]                PROVIDE (__end_data_SRAM_LOWER = .)

.uninit_RESERVED
                0x20000000        0x0
                0x20000000                _start_uninit_RESERVED = .
 *(SORT_BY_ALIGNMENT(.bss.$RESERVED*))
                0x20000000                . = ALIGN (0x4)
                0x20000000                _end_uninit_RESERVED = .

.data           0x20000000        0xc load address 0x00003090
 FILL mask 0xff
                0x20000000                _data = .
                [!provide]                PROVIDE (__start_data_RAM = .)
                [!provide]                PROVIDE (__start_data_SRAM_UPPER = .)
 *(SORT_BY_ALIGNMENT(vtable))
 *(SORT_BY_ALIGNMENT(.ramfunc*))
 *(SORT_BY_ALIGNMENT(CodeQuickAccess))
 *(SORT_BY_ALIGNMENT(DataQuickAccess))
 *(SORT_BY_ALIGNMENT(RamFunction))
 *(SORT_BY_ALIGNMENT(.data*))
 .data.deadtime
                0x20000000        0x4 ./source/mot/liftmot.o
                0x20000000                deadtime
 .data.SystemCoreClock
                0x20000004        0x4 ./device/system_MK22F51212.o
                0x20000004                SystemCoreClock
 .data.STATE_BACK
                0x20000008        0x1 ./source/mot/liftmot.o
                0x20000008                STATE_BACK
 .data.STATE_FRONT
                0x20000009        0x1 ./source/mot/liftmot.o
                0x20000009                STATE_FRONT
                0x2000000c                . = ALIGN (0x4)
 *fill*         0x2000000a        0x2 ff
                0x2000000c                _edata = .
                [!provide]                PROVIDE (__end_data_RAM = .)
                [!provide]                PROVIDE (__end_data_SRAM_UPPER = .)

.igot.plt       0x2000000c        0x0 load address 0x0000309c
 .igot.plt      0x2000000c        0x0 ./startup/startup_mk22f51212.o

.bss_RAM2       0x1fff0000        0x0
                [!provide]                PROVIDE (__start_bss_RAM2 = .)
                [!provide]                PROVIDE (__start_bss_SRAM_LOWER = .)
 *(SORT_BY_ALIGNMENT(.bss.$RAM2))
 *(SORT_BY_ALIGNMENT(.bss.$SRAM_LOWER))
 *(SORT_BY_ALIGNMENT(.bss.$RAM2.*))
 *(SORT_BY_ALIGNMENT(.bss.$SRAM_LOWER.*))
                0x1fff0000                . = ALIGN ((. != 0x0)?0x4:0x1)
                [!provide]                PROVIDE (__end_bss_RAM2 = .)
                [!provide]                PROVIDE (__end_bss_SRAM_LOWER = .)

.bss            0x2000000c      0x4dc
                0x2000000c                _bss = .
                [!provide]                PROVIDE (__start_bss_RAM = .)
                [!provide]                PROVIDE (__start_bss_SRAM_UPPER = .)
 *(SORT_BY_ALIGNMENT(.bss*))
 .bss.starttime
                0x2000000c        0x4 ./source/sensors/ultrasonic.o
 .bss.time_measured
                0x20000010        0x4 ./source/sensors/ultrasonic.o
 .bss.timebase  0x20000014        0x4 ./source/sensors/ultrasonic.o
 .bss.g_xtal0Freq
                0x20000018        0x4 ./drivers/fsl_clock.o
                0x20000018                g_xtal0Freq
 .bss.errno     0x2000001c        0x4 c:/nxp/mcuxpressoide_11.3.0_5222/ide/plugins/com.nxp.mcuxpresso.tools.win32_11.3.0.202008311133/tools/bin/../lib/gcc/arm-none-eabi/9.3.1/../../../../arm-none-eabi/lib/thumb/v7e-m+fp/hard\libcr_c.a(errno.o)
                0x2000001c                errno
 .bss.__Ciob    0x20000020       0xb4 c:/nxp/mcuxpressoide_11.3.0_5222/ide/plugins/com.nxp.mcuxpresso.tools.win32_11.3.0.202008311133/tools/bin/../lib/gcc/arm-none-eabi/9.3.1/../../../../arm-none-eabi/lib/thumb/v7e-m+fp/hard\libcr_semihost_nf.a(__ciob.o)
                0x20000020                __Ciob
 .bss.FREQ_VALUE
                0x200000d4        0x2 ./source/mot/stepmot.o
 .bss.STEPMOT_STEPS
                0x200000d6        0x2 ./source/mot/stepmot.o
 .bss.rxBufCount
                0x200000d8        0x2 ./source/com/uart1.o
 .bss.rxBufReadPos
                0x200000da        0x2 ./source/com/uart1.o
 .bss.rxBufWritePos
                0x200000dc        0x2 ./source/com/uart1.o
 .bss.txBufCount
                0x200000de        0x2 ./source/com/uart1.o
 .bss.txBufReadPos
                0x200000e0        0x2 ./source/com/uart1.o
 .bss.txBufWritePos
                0x200000e2        0x2 ./source/com/uart1.o
 .bss.first_flank
                0x200000e4        0x1 ./source/sensors/ultrasonic.o
 .bss.meas_done
                0x200000e5        0x1 ./source/sensors/ultrasonic.o
 .bss.meas_fail
                0x200000e6        0x1 ./source/sensors/ultrasonic.o
 .bss.angle     0x200000e7        0x1 ./source/mot/stepmot.o
 .bss.rxBuf     0x200000e8      0x200 ./source/com/uart1.o
 .bss.txBuf     0x200002e8      0x200 ./source/com/uart1.o
 *(SORT_BY_ALIGNMENT(COMMON))
                0x200004e8                . = ALIGN (0x4)
                0x200004e8                _ebss = .
                [!provide]                PROVIDE (__end_bss_RAM = .)
                [!provide]                PROVIDE (__end_bss_SRAM_UPPER = .)
                [!provide]                PROVIDE (end = .)

.noinit_RAM2    0x1fff0000        0x0
                [!provide]                PROVIDE (__start_noinit_RAM2 = .)
                [!provide]                PROVIDE (__start_noinit_SRAM_LOWER = .)
 *(SORT_BY_ALIGNMENT(.noinit.$RAM2))
 *(SORT_BY_ALIGNMENT(.noinit.$SRAM_LOWER))
 *(SORT_BY_ALIGNMENT(.noinit.$RAM2.*))
 *(SORT_BY_ALIGNMENT(.noinit.$SRAM_LOWER.*))
                0x1fff0000                . = ALIGN (0x4)
                [!provide]                PROVIDE (__end_noinit_RAM2 = .)
                [!provide]                PROVIDE (__end_noinit_SRAM_LOWER = .)

.noinit         0x200004e8        0x0
                0x200004e8                _noinit = .
                [!provide]                PROVIDE (__start_noinit_RAM = .)
                [!provide]                PROVIDE (__start_noinit_SRAM_UPPER = .)
 *(SORT_BY_ALIGNMENT(.noinit*))
                0x200004e8                . = ALIGN (0x4)
                0x200004e8                _end_noinit = .
                [!provide]                PROVIDE (__end_noinit_RAM = .)
                [!provide]                PROVIDE (__end_noinit_SRAM_UPPER = .)
                0x00001000                _HeapSize = 0x1000

.heap           0x200004e8     0x1000
                0x200004e8                _pvHeapStart = .
                0x200014e8                . = (. + _HeapSize)
 *fill*         0x200004e8     0x1000 
                0x200014e8                . = ALIGN (0x4)
                0x200014e8                _pvHeapLimit = .
                0x00001000                _StackSize = 0x1000

.heap2stackfill
                0x200014e8     0x1000
                0x200024e8                . = (. + _StackSize)
 *fill*         0x200014e8     0x1000 

.stack          0x2000f000        0x0
                0x2000f000                _vStackBase = .
                0x2000f000                . = ALIGN (0x4)
                0x20010000                _vStackTop = (. + _StackSize)
                0x00000000                _image_start = LOADADDR (.text)
                0x0000309c                _image_end = (LOADADDR (.data) + SIZEOF (.data))
                0x0000309c                _image_size = (_image_end - _image_start)
OUTPUT(Stairclimber_TinyK22.axf elf32-littlearm)
LOAD linker stubs

.debug_info     0x00000000    0x11537
 .debug_info    0x00000000      0xbcc ./startup/startup_mk22f51212.o
 .debug_info    0x00000bcc      0xa99 ./source/utils/ftm0.o
 .debug_info    0x00001665      0xa7b ./source/utils/ftm1.o
 .debug_info    0x000020e0      0xa7b ./source/utils/ftm2.o
 .debug_info    0x00002b5b      0xa99 ./source/utils/ftm3.o
 .debug_info    0x000035f4      0x44d ./source/signal/led.o
 .debug_info    0x00003a41      0x1ea ./source/sensors/groundsensor.o
 .debug_info    0x00003c2b      0x280 ./source/sensors/ledbarrier.o
 .debug_info    0x00003eab      0x907 ./source/sensors/ultrasonic.o
 .debug_info    0x000047b2      0xac7 ./source/program/execute.o
 .debug_info    0x00005279      0x33b ./source/program/workloop.o
 .debug_info    0x000055b4      0x7a7 ./source/mot/dcmot.o
 .debug_info    0x00005d5b     0x137e ./source/mot/liftmot.o
 .debug_info    0x000070d9      0x530 ./source/mot/stair_ascend.o
 .debug_info    0x00007609     0x22f9 ./source/mot/stepmot.o
 .debug_info    0x00009902      0x13a ./source/com/parse.o
 .debug_info    0x00009a3c     0x11d9 ./source/com/uart1.o
 .debug_info    0x0000ac15      0x657 ./source/main.o
 .debug_info    0x0000b26c       0x38 ./source/semihost_hardfault.o
 .debug_info    0x0000b2a4     0x28e5 ./drivers/fsl_clock.o
 .debug_info    0x0000db89      0x7a9 ./drivers/fsl_gpio.o
 .debug_info    0x0000e332      0xc2b ./drivers/fsl_smc.o
 .debug_info    0x0000ef5d      0x6a5 ./device/system_MK22F51212.o
 .debug_info    0x0000f602      0xc9b ./board/clock_config.o
 .debug_info    0x0001029d      0x117 ./board/peripherals.o
 .debug_info    0x000103b4     0x1183 ./board/pin_mux.o

.debug_abbrev   0x00000000     0x3576
 .debug_abbrev  0x00000000      0x177 ./startup/startup_mk22f51212.o
 .debug_abbrev  0x00000177      0x1df ./source/utils/ftm0.o
 .debug_abbrev  0x00000356      0x1df ./source/utils/ftm1.o
 .debug_abbrev  0x00000535      0x1df ./source/utils/ftm2.o
 .debug_abbrev  0x00000714      0x1df ./source/utils/ftm3.o
 .debug_abbrev  0x000008f3      0x18b ./source/signal/led.o
 .debug_abbrev  0x00000a7e      0x12b ./source/sensors/groundsensor.o
 .debug_abbrev  0x00000ba9      0x12d ./source/sensors/ledbarrier.o
 .debug_abbrev  0x00000cd6      0x24a ./source/sensors/ultrasonic.o
 .debug_abbrev  0x00000f20      0x253 ./source/program/execute.o
 .debug_abbrev  0x00001173      0x143 ./source/program/workloop.o
 .debug_abbrev  0x000012b6      0x21c ./source/mot/dcmot.o
 .debug_abbrev  0x000014d2      0x345 ./source/mot/liftmot.o
 .debug_abbrev  0x00001817      0x156 ./source/mot/stair_ascend.o
 .debug_abbrev  0x0000196d      0x474 ./source/mot/stepmot.o
 .debug_abbrev  0x00001de1       0xf7 ./source/com/parse.o
 .debug_abbrev  0x00001ed8      0x3ae ./source/com/uart1.o
 .debug_abbrev  0x00002286      0x16b ./source/main.o
 .debug_abbrev  0x000023f1       0x2e ./source/semihost_hardfault.o
 .debug_abbrev  0x0000241f      0x4b4 ./drivers/fsl_clock.o
 .debug_abbrev  0x000028d3      0x24c ./drivers/fsl_gpio.o
 .debug_abbrev  0x00002b1f      0x349 ./drivers/fsl_smc.o
 .debug_abbrev  0x00002e68      0x17b ./device/system_MK22F51212.o
 .debug_abbrev  0x00002fe3      0x269 ./board/clock_config.o
 .debug_abbrev  0x0000324c       0xb8 ./board/peripherals.o
 .debug_abbrev  0x00003304      0x272 ./board/pin_mux.o

.debug_loc      0x00000000     0x618e
 .debug_loc     0x00000000      0x16a ./startup/startup_mk22f51212.o
 .debug_loc     0x0000016a       0x44 ./source/utils/ftm0.o
 .debug_loc     0x000001ae       0x44 ./source/utils/ftm1.o
 .debug_loc     0x000001f2       0x44 ./source/utils/ftm2.o
 .debug_loc     0x00000236       0x44 ./source/utils/ftm3.o
 .debug_loc     0x0000027a      0x177 ./source/signal/led.o
 .debug_loc     0x000003f1       0x30 ./source/sensors/groundsensor.o
 .debug_loc     0x00000421       0x90 ./source/sensors/ledbarrier.o
 .debug_loc     0x000004b1       0xd2 ./source/sensors/ultrasonic.o
 .debug_loc     0x00000583      0x660 ./source/program/execute.o
 .debug_loc     0x00000be3       0x31 ./source/program/workloop.o
 .debug_loc     0x00000c14      0x533 ./source/mot/dcmot.o
 .debug_loc     0x00001147      0xae1 ./source/mot/liftmot.o
 .debug_loc     0x00001c28       0x23 ./source/mot/stair_ascend.o
 .debug_loc     0x00001c4b     0x1a33 ./source/mot/stepmot.o
 .debug_loc     0x0000367e      0x40f ./source/com/uart1.o
 .debug_loc     0x00003a8d     0x15e3 ./drivers/fsl_clock.o
 .debug_loc     0x00005070      0x464 ./drivers/fsl_gpio.o
 .debug_loc     0x000054d4      0x335 ./drivers/fsl_smc.o
 .debug_loc     0x00005809       0xe6 ./device/system_MK22F51212.o
 .debug_loc     0x000058ef       0x7b ./board/clock_config.o
 .debug_loc     0x0000596a      0x824 ./board/pin_mux.o

.debug_aranges  0x00000000      0xa10
 .debug_aranges
                0x00000000      0x2d0 ./startup/startup_mk22f51212.o
 .debug_aranges
                0x000002d0       0x30 ./source/utils/ftm0.o
 .debug_aranges
                0x00000300       0x30 ./source/utils/ftm1.o
 .debug_aranges
                0x00000330       0x30 ./source/utils/ftm2.o
 .debug_aranges
                0x00000360       0x30 ./source/utils/ftm3.o
 .debug_aranges
                0x00000390       0x38 ./source/signal/led.o
 .debug_aranges
                0x000003c8       0x20 ./source/sensors/groundsensor.o
 .debug_aranges
                0x000003e8       0x30 ./source/sensors/ledbarrier.o
 .debug_aranges
                0x00000418       0x30 ./source/sensors/ultrasonic.o
 .debug_aranges
                0x00000448       0x28 ./source/program/execute.o
 .debug_aranges
                0x00000470       0x20 ./source/program/workloop.o
 .debug_aranges
                0x00000490       0x40 ./source/mot/dcmot.o
 .debug_aranges
                0x000004d0       0x88 ./source/mot/liftmot.o
 .debug_aranges
                0x00000558       0x28 ./source/mot/stair_ascend.o
 .debug_aranges
                0x00000580       0xd0 ./source/mot/stepmot.o
 .debug_aranges
                0x00000650       0x20 ./source/com/parse.o
 .debug_aranges
                0x00000670       0x70 ./source/com/uart1.o
 .debug_aranges
                0x000006e0       0x20 ./source/main.o
 .debug_aranges
                0x00000700       0x20 ./source/semihost_hardfault.o
 .debug_aranges
                0x00000720      0x1b0 ./drivers/fsl_clock.o
 .debug_aranges
                0x000008d0       0x30 ./drivers/fsl_gpio.o
 .debug_aranges
                0x00000900       0x70 ./drivers/fsl_smc.o
 .debug_aranges
                0x00000970       0x30 ./device/system_MK22F51212.o
 .debug_aranges
                0x000009a0       0x28 ./board/clock_config.o
 .debug_aranges
                0x000009c8       0x20 ./board/peripherals.o
 .debug_aranges
                0x000009e8       0x28 ./board/pin_mux.o

.debug_ranges   0x00000000     0x12a8
 .debug_ranges  0x00000000      0x2c0 ./startup/startup_mk22f51212.o
 .debug_ranges  0x000002c0       0x20 ./source/utils/ftm0.o
 .debug_ranges  0x000002e0       0x20 ./source/utils/ftm1.o
 .debug_ranges  0x00000300       0x20 ./source/utils/ftm2.o
 .debug_ranges  0x00000320       0x20 ./source/utils/ftm3.o
 .debug_ranges  0x00000340       0x70 ./source/signal/led.o
 .debug_ranges  0x000003b0       0x10 ./source/sensors/groundsensor.o
 .debug_ranges  0x000003c0       0x20 ./source/sensors/ledbarrier.o
 .debug_ranges  0x000003e0       0x38 ./source/sensors/ultrasonic.o
 .debug_ranges  0x00000418       0x30 ./source/program/execute.o
 .debug_ranges  0x00000448       0x10 ./source/program/workloop.o
 .debug_ranges  0x00000458       0xf0 ./source/mot/dcmot.o
 .debug_ranges  0x00000548      0x340 ./source/mot/liftmot.o
 .debug_ranges  0x00000888       0x18 ./source/mot/stair_ascend.o
 .debug_ranges  0x000008a0      0x468 ./source/mot/stepmot.o
 .debug_ranges  0x00000d08       0x10 ./source/com/parse.o
 .debug_ranges  0x00000d18      0x108 ./source/com/uart1.o
 .debug_ranges  0x00000e20       0x10 ./source/main.o
 .debug_ranges  0x00000e30       0x10 ./source/semihost_hardfault.o
 .debug_ranges  0x00000e40      0x2a0 ./drivers/fsl_clock.o
 .debug_ranges  0x000010e0       0x68 ./drivers/fsl_gpio.o
 .debug_ranges  0x00001148       0x80 ./drivers/fsl_smc.o
 .debug_ranges  0x000011c8       0x20 ./device/system_MK22F51212.o
 .debug_ranges  0x000011e8       0x60 ./board/clock_config.o
 .debug_ranges  0x00001248       0x10 ./board/peripherals.o
 .debug_ranges  0x00001258       0x50 ./board/pin_mux.o

.debug_line     0x00000000     0xa753
 .debug_line    0x00000000      0xb93 ./startup/startup_mk22f51212.o
 .debug_line    0x00000b93      0x447 ./source/utils/ftm0.o
 .debug_line    0x00000fda      0x370 ./source/utils/ftm1.o
 .debug_line    0x0000134a      0x375 ./source/utils/ftm2.o
 .debug_line    0x000016bf      0x447 ./source/utils/ftm3.o
 .debug_line    0x00001b06      0x39e ./source/signal/led.o
 .debug_line    0x00001ea4      0x361 ./source/sensors/groundsensor.o
 .debug_line    0x00002205      0x3b7 ./source/sensors/ledbarrier.o
 .debug_line    0x000025bc      0x4c7 ./source/sensors/ultrasonic.o
 .debug_line    0x00002a83      0x8d0 ./source/program/execute.o
 .debug_line    0x00003353      0x403 ./source/program/workloop.o
 .debug_line    0x00003756      0x512 ./source/mot/dcmot.o
 .debug_line    0x00003c68      0xb56 ./source/mot/liftmot.o
 .debug_line    0x000047be      0x3be ./source/mot/stair_ascend.o
 .debug_line    0x00004b7c     0x12bb ./source/mot/stepmot.o
 .debug_line    0x00005e37      0x255 ./source/com/parse.o
 .debug_line    0x0000608c      0x8a7 ./source/com/uart1.o
 .debug_line    0x00006933      0x497 ./source/main.o
 .debug_line    0x00006dca       0x58 ./source/semihost_hardfault.o
 .debug_line    0x00006e22     0x1a9e ./drivers/fsl_clock.o
 .debug_line    0x000088c0      0x426 ./drivers/fsl_gpio.o
 .debug_line    0x00008ce6      0x686 ./drivers/fsl_smc.o
 .debug_line    0x0000936c      0x3df ./device/system_MK22F51212.o
 .debug_line    0x0000974b      0x441 ./board/clock_config.o
 .debug_line    0x00009b8c      0x31d ./board/peripherals.o
 .debug_line    0x00009ea9      0x8aa ./board/pin_mux.o

.debug_str      0x00000000     0x4609
 .debug_str     0x00000000      0x846 ./startup/startup_mk22f51212.o
                                0x86d (size before relaxing)
 .debug_str     0x00000846      0x7f5 ./source/utils/ftm0.o
                                0x9a0 (size before relaxing)
 .debug_str     0x0000103b       0x36 ./source/utils/ftm1.o
                                0x9a0 (size before relaxing)
 .debug_str     0x00001071       0x36 ./source/utils/ftm2.o
                                0x9a0 (size before relaxing)
 .debug_str     0x000010a7       0x36 ./source/utils/ftm3.o
                                0x9a0 (size before relaxing)
 .debug_str     0x000010dd       0x5c ./source/signal/led.o
                                0x331 (size before relaxing)
 .debug_str     0x00001139       0x87 ./source/sensors/groundsensor.o
                                0x2c0 (size before relaxing)
 .debug_str     0x000011c0       0x5f ./source/sensors/ledbarrier.o
                                0x2ec (size before relaxing)
 .debug_str     0x0000121f      0x9f6 ./source/sensors/ultrasonic.o
                                0xd29 (size before relaxing)
 .debug_str     0x00001c15      0x310 ./source/program/execute.o
                                0x6ad (size before relaxing)
 .debug_str     0x00001f25       0x72 ./source/program/workloop.o
                                0x3ac (size before relaxing)
 .debug_str     0x00001f97       0x8a ./source/mot/dcmot.o
                                0x453 (size before relaxing)
 .debug_str     0x00002021      0x168 ./source/mot/liftmot.o
                                0x5c0 (size before relaxing)
 .debug_str     0x00002189       0x1d ./source/mot/stair_ascend.o
                                0x3d4 (size before relaxing)
 .debug_str     0x000021a6      0x2ee ./source/mot/stepmot.o
                                0xf81 (size before relaxing)
 .debug_str     0x00002494       0x16 ./source/com/parse.o
                                0x260 (size before relaxing)
 .debug_str     0x000024aa      0x211 ./source/com/uart1.o
                                0xb4d (size before relaxing)
 .debug_str     0x000026bb      0x397 ./source/main.o
                                0x712 (size before relaxing)
 .debug_str     0x00002a52       0x1f ./source/semihost_hardfault.o
                                0x188 (size before relaxing)
 .debug_str     0x00002a71     0x1113 ./drivers/fsl_clock.o
                               0x1fd2 (size before relaxing)
 .debug_str     0x00003b84      0x122 ./drivers/fsl_gpio.o
                                0xc6f (size before relaxing)
 .debug_str     0x00003ca6      0x417 ./drivers/fsl_smc.o
                                0xfe2 (size before relaxing)
 .debug_str     0x000040bd       0xbb ./device/system_MK22F51212.o
                                0x43a (size before relaxing)
 .debug_str     0x00004178      0x1ee ./board/clock_config.o
                               0x11b7 (size before relaxing)
 .debug_str     0x00004366       0x2d ./board/peripherals.o
                                0x294 (size before relaxing)
 .debug_str     0x00004393      0x276 ./board/pin_mux.o
                                0x8ad (size before relaxing)

.comment        0x00000000       0x4c
 .comment       0x00000000       0x4c ./startup/startup_mk22f51212.o
                                 0x4d (size before relaxing)
 .comment       0x0000004c       0x4d ./source/utils/ftm0.o
 .comment       0x0000004c       0x4d ./source/utils/ftm1.o
 .comment       0x0000004c       0x4d ./source/utils/ftm2.o
 .comment       0x0000004c       0x4d ./source/utils/ftm3.o
 .comment       0x0000004c       0x4d ./source/signal/led.o
 .comment       0x0000004c       0x4d ./source/sensors/groundsensor.o
 .comment       0x0000004c       0x4d ./source/sensors/ledbarrier.o
 .comment       0x0000004c       0x4d ./source/sensors/ultrasonic.o
 .comment       0x0000004c       0x4d ./source/program/execute.o
 .comment       0x0000004c       0x4d ./source/program/workloop.o
 .comment       0x0000004c       0x4d ./source/mot/dcmot.o
 .comment       0x0000004c       0x4d ./source/mot/liftmot.o
 .comment       0x0000004c       0x4d ./source/mot/stair_ascend.o
 .comment       0x0000004c       0x4d ./source/mot/stepmot.o
 .comment       0x0000004c       0x4d ./source/com/parse.o
 .comment       0x0000004c       0x4d ./source/com/uart1.o
 .comment       0x0000004c       0x4d ./source/main.o
 .comment       0x0000004c       0x4d ./source/semihost_hardfault.o
 .comment       0x0000004c       0x4d ./drivers/fsl_clock.o
 .comment       0x0000004c       0x4d ./drivers/fsl_gpio.o
 .comment       0x0000004c       0x4d ./drivers/fsl_smc.o
 .comment       0x0000004c       0x4d ./device/system_MK22F51212.o
 .comment       0x0000004c       0x4d ./board/clock_config.o
 .comment       0x0000004c       0x4d ./board/peripherals.o
 .comment       0x0000004c       0x4d ./board/pin_mux.o
 .comment       0x0000004c       0x4d c:/nxp/mcuxpressoide_11.3.0_5222/ide/plugins/com.nxp.mcuxpresso.tools.win32_11.3.0.202008311133/tools/bin/../lib/gcc/arm-none-eabi/9.3.1/../../../../arm-none-eabi/lib/thumb/v7e-m+fp/hard\libcr_semihost_nf.a(_cr__main.o)
 .comment       0x0000004c       0x4d c:/nxp/mcuxpressoide_11.3.0_5222/ide/plugins/com.nxp.mcuxpresso.tools.win32_11.3.0.202008311133/tools/bin/../lib/gcc/arm-none-eabi/9.3.1/../../../../arm-none-eabi/lib/thumb/v7e-m+fp/hard\libcr_c.a(alloc.o)
 .comment       0x0000004c       0x4d c:/nxp/mcuxpressoide_11.3.0_5222/ide/plugins/com.nxp.mcuxpresso.tools.win32_11.3.0.202008311133/tools/bin/../lib/gcc/arm-none-eabi/9.3.1/../../../../arm-none-eabi/lib/thumb/v7e-m+fp/hard\libcr_c.a(ceil.o)
 .comment       0x0000004c       0x4d c:/nxp/mcuxpressoide_11.3.0_5222/ide/plugins/com.nxp.mcuxpresso.tools.win32_11.3.0.202008311133/tools/bin/../lib/gcc/arm-none-eabi/9.3.1/../../../../arm-none-eabi/lib/thumb/v7e-m+fp/hard\libcr_c.a(initio.o)
 .comment       0x0000004c       0x4d c:/nxp/mcuxpressoide_11.3.0_5222/ide/plugins/com.nxp.mcuxpresso.tools.win32_11.3.0.202008311133/tools/bin/../lib/gcc/arm-none-eabi/9.3.1/../../../../arm-none-eabi/lib/thumb/v7e-m+fp/hard\libcr_c.a(setvbuf.o)
 .comment       0x0000004c       0x4d c:/nxp/mcuxpressoide_11.3.0_5222/ide/plugins/com.nxp.mcuxpresso.tools.win32_11.3.0.202008311133/tools/bin/../lib/gcc/arm-none-eabi/9.3.1/../../../../arm-none-eabi/lib/thumb/v7e-m+fp/hard\libcr_c.a(strlen.o)
 .comment       0x0000004c       0x4d c:/nxp/mcuxpressoide_11.3.0_5222/ide/plugins/com.nxp.mcuxpresso.tools.win32_11.3.0.202008311133/tools/bin/../lib/gcc/arm-none-eabi/9.3.1/../../../../arm-none-eabi/lib/thumb/v7e-m+fp/hard\libcr_c.a(memset.o)
 .comment       0x0000004c       0x4d c:/nxp/mcuxpressoide_11.3.0_5222/ide/plugins/com.nxp.mcuxpresso.tools.win32_11.3.0.202008311133/tools/bin/../lib/gcc/arm-none-eabi/9.3.1/../../../../arm-none-eabi/lib/thumb/v7e-m+fp/hard\libcr_c.a(_deferredlazyseek.o)
 .comment       0x0000004c       0x4d c:/nxp/mcuxpressoide_11.3.0_5222/ide/plugins/com.nxp.mcuxpresso.tools.win32_11.3.0.202008311133/tools/bin/../lib/gcc/arm-none-eabi/9.3.1/../../../../arm-none-eabi/lib/thumb/v7e-m+fp/hard\libcr_c.a(_fdopen.o)
 .comment       0x0000004c       0x4d c:/nxp/mcuxpressoide_11.3.0_5222/ide/plugins/com.nxp.mcuxpresso.tools.win32_11.3.0.202008311133/tools/bin/../lib/gcc/arm-none-eabi/9.3.1/../../../../arm-none-eabi/lib/thumb/v7e-m+fp/hard\libcr_c.a(_fflush.o)
 .comment       0x0000004c       0x4d c:/nxp/mcuxpressoide_11.3.0_5222/ide/plugins/com.nxp.mcuxpresso.tools.win32_11.3.0.202008311133/tools/bin/../lib/gcc/arm-none-eabi/9.3.1/../../../../arm-none-eabi/lib/thumb/v7e-m+fp/hard\libcr_c.a(_writebuf.o)
 .comment       0x0000004c       0x4d c:/nxp/mcuxpressoide_11.3.0_5222/ide/plugins/com.nxp.mcuxpresso.tools.win32_11.3.0.202008311133/tools/bin/../lib/gcc/arm-none-eabi/9.3.1/../../../../arm-none-eabi/lib/thumb/v7e-m+fp/hard\libcr_c.a(errno.o)
 .comment       0x0000004c       0x4d c:/nxp/mcuxpressoide_11.3.0_5222/ide/plugins/com.nxp.mcuxpresso.tools.win32_11.3.0.202008311133/tools/bin/../lib/gcc/arm-none-eabi/9.3.1/../../../../arm-none-eabi/lib/thumb/v7e-m+fp/hard\libcr_c.a(fclose.o)
 .comment       0x0000004c       0x4d c:/nxp/mcuxpressoide_11.3.0_5222/ide/plugins/com.nxp.mcuxpresso.tools.win32_11.3.0.202008311133/tools/bin/../lib/gcc/arm-none-eabi/9.3.1/../../../../arm-none-eabi/lib/thumb/v7e-m+fp/hard\libcr_c.a(fflush.o)
 .comment       0x0000004c       0x4d c:/nxp/mcuxpressoide_11.3.0_5222/ide/plugins/com.nxp.mcuxpresso.tools.win32_11.3.0.202008311133/tools/bin/../lib/gcc/arm-none-eabi/9.3.1/../../../../arm-none-eabi/lib/thumb/v7e-m+fp/hard\libcr_c.a(fseek.o)
 .comment       0x0000004c       0x4d c:/nxp/mcuxpressoide_11.3.0_5222/ide/plugins/com.nxp.mcuxpresso.tools.win32_11.3.0.202008311133/tools/bin/../lib/gcc/arm-none-eabi/9.3.1/../../../../arm-none-eabi/lib/thumb/v7e-m+fp/hard\libcr_c.a(ftell.o)
 .comment       0x0000004c       0x4d c:/nxp/mcuxpressoide_11.3.0_5222/ide/plugins/com.nxp.mcuxpresso.tools.win32_11.3.0.202008311133/tools/bin/../lib/gcc/arm-none-eabi/9.3.1/../../../../arm-none-eabi/lib/thumb/v7e-m+fp/hard\libcr_c.a(remove.o)
 .comment       0x0000004c       0x4d c:/nxp/mcuxpressoide_11.3.0_5222/ide/plugins/com.nxp.mcuxpresso.tools.win32_11.3.0.202008311133/tools/bin/../lib/gcc/arm-none-eabi/9.3.1/../../../../arm-none-eabi/lib/thumb/v7e-m+fp/hard\libcr_c.a(_do_fflush.o)
 .comment       0x0000004c       0x4d c:/nxp/mcuxpressoide_11.3.0_5222/ide/plugins/com.nxp.mcuxpresso.tools.win32_11.3.0.202008311133/tools/bin/../lib/gcc/arm-none-eabi/9.3.1/thumb/v7e-m+fp/hard\libcr_eabihelpers.a(double.o)
 .comment       0x0000004c       0x4d c:/nxp/mcuxpressoide_11.3.0_5222/ide/plugins/com.nxp.mcuxpresso.tools.win32_11.3.0.202008311133/tools/bin/../lib/gcc/arm-none-eabi/9.3.1/thumb/v7e-m+fp/hard\libcr_eabihelpers.a(float.o)
 .comment       0x0000004c       0x4d c:/nxp/mcuxpressoide_11.3.0_5222/ide/plugins/com.nxp.mcuxpresso.tools.win32_11.3.0.202008311133/tools/bin/../lib/gcc/arm-none-eabi/9.3.1/../../../../arm-none-eabi/lib/thumb/v7e-m+fp/hard\libcr_semihost_nf.a(__ciob.o)

.ARM.attributes
                0x00000000       0x32
 .ARM.attributes
                0x00000000       0x34 ./startup/startup_mk22f51212.o
 .ARM.attributes
                0x00000034       0x34 ./source/utils/ftm0.o
 .ARM.attributes
                0x00000068       0x34 ./source/utils/ftm1.o
 .ARM.attributes
                0x0000009c       0x34 ./source/utils/ftm2.o
 .ARM.attributes
                0x000000d0       0x34 ./source/utils/ftm3.o
 .ARM.attributes
                0x00000104       0x34 ./source/signal/led.o
 .ARM.attributes
                0x00000138       0x34 ./source/sensors/groundsensor.o
 .ARM.attributes
                0x0000016c       0x34 ./source/sensors/ledbarrier.o
 .ARM.attributes
                0x000001a0       0x34 ./source/sensors/ultrasonic.o
 .ARM.attributes
                0x000001d4       0x34 ./source/program/execute.o
 .ARM.attributes
                0x00000208       0x34 ./source/program/workloop.o
 .ARM.attributes
                0x0000023c       0x34 ./source/mot/dcmot.o
 .ARM.attributes
                0x00000270       0x34 ./source/mot/liftmot.o
 .ARM.attributes
                0x000002a4       0x34 ./source/mot/stair_ascend.o
 .ARM.attributes
                0x000002d8       0x34 ./source/mot/stepmot.o
 .ARM.attributes
                0x0000030c       0x34 ./source/com/parse.o
 .ARM.attributes
                0x00000340       0x34 ./source/com/uart1.o
 .ARM.attributes
                0x00000374       0x34 ./source/main.o
 .ARM.attributes
                0x000003a8       0x34 ./source/semihost_hardfault.o
 .ARM.attributes
                0x000003dc       0x34 ./drivers/fsl_clock.o
 .ARM.attributes
                0x00000410       0x34 ./drivers/fsl_gpio.o
 .ARM.attributes
                0x00000444       0x34 ./drivers/fsl_smc.o
 .ARM.attributes
                0x00000478       0x34 ./device/system_MK22F51212.o
 .ARM.attributes
                0x000004ac       0x34 ./board/clock_config.o
 .ARM.attributes
                0x000004e0       0x34 ./board/peripherals.o
 .ARM.attributes
                0x00000514       0x34 ./board/pin_mux.o
 .ARM.attributes
                0x00000548       0x34 c:/nxp/mcuxpressoide_11.3.0_5222/ide/plugins/com.nxp.mcuxpresso.tools.win32_11.3.0.202008311133/tools/bin/../lib/gcc/arm-none-eabi/9.3.1/../../../../arm-none-eabi/lib/thumb/v7e-m+fp/hard\libcr_semihost_nf.a(_cr__main.o)
 .ARM.attributes
                0x0000057c       0x34 c:/nxp/mcuxpressoide_11.3.0_5222/ide/plugins/com.nxp.mcuxpresso.tools.win32_11.3.0.202008311133/tools/bin/../lib/gcc/arm-none-eabi/9.3.1/../../../../arm-none-eabi/lib/thumb/v7e-m+fp/hard\libcr_c.a(alloc.o)
 .ARM.attributes
                0x000005b0       0x34 c:/nxp/mcuxpressoide_11.3.0_5222/ide/plugins/com.nxp.mcuxpresso.tools.win32_11.3.0.202008311133/tools/bin/../lib/gcc/arm-none-eabi/9.3.1/../../../../arm-none-eabi/lib/thumb/v7e-m+fp/hard\libcr_c.a(ceil.o)
 .ARM.attributes
                0x000005e4       0x34 c:/nxp/mcuxpressoide_11.3.0_5222/ide/plugins/com.nxp.mcuxpresso.tools.win32_11.3.0.202008311133/tools/bin/../lib/gcc/arm-none-eabi/9.3.1/../../../../arm-none-eabi/lib/thumb/v7e-m+fp/hard\libcr_c.a(initio.o)
 .ARM.attributes
                0x00000618       0x34 c:/nxp/mcuxpressoide_11.3.0_5222/ide/plugins/com.nxp.mcuxpresso.tools.win32_11.3.0.202008311133/tools/bin/../lib/gcc/arm-none-eabi/9.3.1/../../../../arm-none-eabi/lib/thumb/v7e-m+fp/hard\libcr_c.a(setvbuf.o)
 .ARM.attributes
                0x0000064c       0x34 c:/nxp/mcuxpressoide_11.3.0_5222/ide/plugins/com.nxp.mcuxpresso.tools.win32_11.3.0.202008311133/tools/bin/../lib/gcc/arm-none-eabi/9.3.1/../../../../arm-none-eabi/lib/thumb/v7e-m+fp/hard\libcr_c.a(strlen.o)
 .ARM.attributes
                0x00000680       0x34 c:/nxp/mcuxpressoide_11.3.0_5222/ide/plugins/com.nxp.mcuxpresso.tools.win32_11.3.0.202008311133/tools/bin/../lib/gcc/arm-none-eabi/9.3.1/../../../../arm-none-eabi/lib/thumb/v7e-m+fp/hard\libcr_c.a(memset.o)
 .ARM.attributes
                0x000006b4       0x34 c:/nxp/mcuxpressoide_11.3.0_5222/ide/plugins/com.nxp.mcuxpresso.tools.win32_11.3.0.202008311133/tools/bin/../lib/gcc/arm-none-eabi/9.3.1/../../../../arm-none-eabi/lib/thumb/v7e-m+fp/hard\libcr_c.a(_deferredlazyseek.o)
 .ARM.attributes
                0x000006e8       0x34 c:/nxp/mcuxpressoide_11.3.0_5222/ide/plugins/com.nxp.mcuxpresso.tools.win32_11.3.0.202008311133/tools/bin/../lib/gcc/arm-none-eabi/9.3.1/../../../../arm-none-eabi/lib/thumb/v7e-m+fp/hard\libcr_c.a(_fdopen.o)
 .ARM.attributes
                0x0000071c       0x34 c:/nxp/mcuxpressoide_11.3.0_5222/ide/plugins/com.nxp.mcuxpresso.tools.win32_11.3.0.202008311133/tools/bin/../lib/gcc/arm-none-eabi/9.3.1/../../../../arm-none-eabi/lib/thumb/v7e-m+fp/hard\libcr_c.a(_fflush.o)
 .ARM.attributes
                0x00000750       0x34 c:/nxp/mcuxpressoide_11.3.0_5222/ide/plugins/com.nxp.mcuxpresso.tools.win32_11.3.0.202008311133/tools/bin/../lib/gcc/arm-none-eabi/9.3.1/../../../../arm-none-eabi/lib/thumb/v7e-m+fp/hard\libcr_c.a(_writebuf.o)
 .ARM.attributes
                0x00000784       0x39 c:/nxp/mcuxpressoide_11.3.0_5222/ide/plugins/com.nxp.mcuxpresso.tools.win32_11.3.0.202008311133/tools/bin/../lib/gcc/arm-none-eabi/9.3.1/../../../../arm-none-eabi/lib/thumb/v7e-m+fp/hard\libcr_c.a(errno.o)
 .ARM.attributes
                0x000007bd       0x34 c:/nxp/mcuxpressoide_11.3.0_5222/ide/plugins/com.nxp.mcuxpresso.tools.win32_11.3.0.202008311133/tools/bin/../lib/gcc/arm-none-eabi/9.3.1/../../../../arm-none-eabi/lib/thumb/v7e-m+fp/hard\libcr_c.a(fclose.o)
 .ARM.attributes
                0x000007f1       0x34 c:/nxp/mcuxpressoide_11.3.0_5222/ide/plugins/com.nxp.mcuxpresso.tools.win32_11.3.0.202008311133/tools/bin/../lib/gcc/arm-none-eabi/9.3.1/../../../../arm-none-eabi/lib/thumb/v7e-m+fp/hard\libcr_c.a(fflush.o)
 .ARM.attributes
                0x00000825       0x34 c:/nxp/mcuxpressoide_11.3.0_5222/ide/plugins/com.nxp.mcuxpresso.tools.win32_11.3.0.202008311133/tools/bin/../lib/gcc/arm-none-eabi/9.3.1/../../../../arm-none-eabi/lib/thumb/v7e-m+fp/hard\libcr_c.a(fseek.o)
 .ARM.attributes
                0x00000859       0x34 c:/nxp/mcuxpressoide_11.3.0_5222/ide/plugins/com.nxp.mcuxpresso.tools.win32_11.3.0.202008311133/tools/bin/../lib/gcc/arm-none-eabi/9.3.1/../../../../arm-none-eabi/lib/thumb/v7e-m+fp/hard\libcr_c.a(ftell.o)
 .ARM.attributes
                0x0000088d       0x34 c:/nxp/mcuxpressoide_11.3.0_5222/ide/plugins/com.nxp.mcuxpresso.tools.win32_11.3.0.202008311133/tools/bin/../lib/gcc/arm-none-eabi/9.3.1/../../../../arm-none-eabi/lib/thumb/v7e-m+fp/hard\libcr_c.a(remove.o)
 .ARM.attributes
                0x000008c1       0x34 c:/nxp/mcuxpressoide_11.3.0_5222/ide/plugins/com.nxp.mcuxpresso.tools.win32_11.3.0.202008311133/tools/bin/../lib/gcc/arm-none-eabi/9.3.1/../../../../arm-none-eabi/lib/thumb/v7e-m+fp/hard\libcr_c.a(_do_fflush.o)
 .ARM.attributes
                0x000008f5       0x34 c:/nxp/mcuxpressoide_11.3.0_5222/ide/plugins/com.nxp.mcuxpresso.tools.win32_11.3.0.202008311133/tools/bin/../lib/gcc/arm-none-eabi/9.3.1/thumb/v7e-m+fp/hard\libcr_eabihelpers.a(double.o)
 .ARM.attributes
                0x00000929       0x34 c:/nxp/mcuxpressoide_11.3.0_5222/ide/plugins/com.nxp.mcuxpresso.tools.win32_11.3.0.202008311133/tools/bin/../lib/gcc/arm-none-eabi/9.3.1/thumb/v7e-m+fp/hard\libcr_eabihelpers.a(float.o)
 .ARM.attributes
                0x0000095d       0x20 c:/nxp/mcuxpressoide_11.3.0_5222/ide/plugins/com.nxp.mcuxpresso.tools.win32_11.3.0.202008311133/tools/bin/../lib/gcc/arm-none-eabi/9.3.1/thumb/v7e-m+fp/hard\libcr_eabihelpers.a(memcpy.o)
 .ARM.attributes
                0x0000097d       0x39 c:/nxp/mcuxpressoide_11.3.0_5222/ide/plugins/com.nxp.mcuxpresso.tools.win32_11.3.0.202008311133/tools/bin/../lib/gcc/arm-none-eabi/9.3.1/../../../../arm-none-eabi/lib/thumb/v7e-m+fp/hard\libcr_semihost_nf.a(__ciob.o)
 .ARM.attributes
                0x000009b6       0x20 c:/nxp/mcuxpressoide_11.3.0_5222/ide/plugins/com.nxp.mcuxpresso.tools.win32_11.3.0.202008311133/tools/bin/../lib/gcc/arm-none-eabi/9.3.1/../../../../arm-none-eabi/lib/thumb/v7e-m+fp/hard\libcr_semihost_nf.a(__sys_close.o)
 .ARM.attributes
                0x000009d6       0x20 c:/nxp/mcuxpressoide_11.3.0_5222/ide/plugins/com.nxp.mcuxpresso.tools.win32_11.3.0.202008311133/tools/bin/../lib/gcc/arm-none-eabi/9.3.1/../../../../arm-none-eabi/lib/thumb/v7e-m+fp/hard\libcr_semihost_nf.a(__sys_flen.o)
 .ARM.attributes
                0x000009f6       0x20 c:/nxp/mcuxpressoide_11.3.0_5222/ide/plugins/com.nxp.mcuxpresso.tools.win32_11.3.0.202008311133/tools/bin/../lib/gcc/arm-none-eabi/9.3.1/../../../../arm-none-eabi/lib/thumb/v7e-m+fp/hard\libcr_semihost_nf.a(__sys_istty.o)
 .ARM.attributes
                0x00000a16       0x20 c:/nxp/mcuxpressoide_11.3.0_5222/ide/plugins/com.nxp.mcuxpresso.tools.win32_11.3.0.202008311133/tools/bin/../lib/gcc/arm-none-eabi/9.3.1/../../../../arm-none-eabi/lib/thumb/v7e-m+fp/hard\libcr_semihost_nf.a(__sys_remove.o)
 .ARM.attributes
                0x00000a36       0x20 c:/nxp/mcuxpressoide_11.3.0_5222/ide/plugins/com.nxp.mcuxpresso.tools.win32_11.3.0.202008311133/tools/bin/../lib/gcc/arm-none-eabi/9.3.1/../../../../arm-none-eabi/lib/thumb/v7e-m+fp/hard\libcr_semihost_nf.a(__sys_seek.o)
 .ARM.attributes
                0x00000a56       0x20 c:/nxp/mcuxpressoide_11.3.0_5222/ide/plugins/com.nxp.mcuxpresso.tools.win32_11.3.0.202008311133/tools/bin/../lib/gcc/arm-none-eabi/9.3.1/../../../../arm-none-eabi/lib/thumb/v7e-m+fp/hard\libcr_semihost_nf.a(__sys_tmpnam.o)
 .ARM.attributes
                0x00000a76       0x20 c:/nxp/mcuxpressoide_11.3.0_5222/ide/plugins/com.nxp.mcuxpresso.tools.win32_11.3.0.202008311133/tools/bin/../lib/gcc/arm-none-eabi/9.3.1/../../../../arm-none-eabi/lib/thumb/v7e-m+fp/hard\libcr_semihost_nf.a(__sys_write.o)

.debug_frame    0x00000000     0x17f0
 .debug_frame   0x00000000      0x7e4 ./startup/startup_mk22f51212.o
 .debug_frame   0x000007e4       0x48 ./source/utils/ftm0.o
 .debug_frame   0x0000082c       0x48 ./source/utils/ftm1.o
 .debug_frame   0x00000874       0x48 ./source/utils/ftm2.o
 .debug_frame   0x000008bc       0x48 ./source/utils/ftm3.o
 .debug_frame   0x00000904       0x68 ./source/signal/led.o
 .debug_frame   0x0000096c       0x20 ./source/sensors/groundsensor.o
 .debug_frame   0x0000098c       0x40 ./source/sensors/ledbarrier.o
 .debug_frame   0x000009cc       0x40 ./source/sensors/ultrasonic.o
 .debug_frame   0x00000a0c       0x50 ./source/program/execute.o
 .debug_frame   0x00000a5c       0x28 ./source/program/workloop.o
 .debug_frame   0x00000a84       0x78 ./source/mot/dcmot.o
 .debug_frame   0x00000afc      0x150 ./source/mot/liftmot.o
 .debug_frame   0x00000c4c       0x40 ./source/mot/stair_ascend.o
 .debug_frame   0x00000c8c      0x298 ./source/mot/stepmot.o
 .debug_frame   0x00000f24       0x2c ./source/com/parse.o
 .debug_frame   0x00000f50      0x12c ./source/com/uart1.o
 .debug_frame   0x0000107c       0x28 ./source/main.o
 .debug_frame   0x000010a4       0x20 ./source/semihost_hardfault.o
 .debug_frame   0x000010c4      0x4e8 ./drivers/fsl_clock.o
 .debug_frame   0x000015ac       0x40 ./drivers/fsl_gpio.o
 .debug_frame   0x000015ec      0x110 ./drivers/fsl_smc.o
 .debug_frame   0x000016fc       0x48 ./device/system_MK22F51212.o
 .debug_frame   0x00001744       0x38 ./board/clock_config.o
 .debug_frame   0x0000177c       0x30 ./board/peripherals.o
 .debug_frame   0x000017ac       0x44 ./board/pin_mux.o

Cross Reference Table

Symbol                                            File
ADC0_DriverIRQHandler                             ./startup/startup_mk22f51212.o
ADC0_IRQHandler                                   ./startup/startup_mk22f51212.o
ADC1_DriverIRQHandler                             ./startup/startup_mk22f51212.o
ADC1_IRQHandler                                   ./startup/startup_mk22f51212.o
BOARD_BootClockRUN                                ./board/clock_config.o
BOARD_InitBootClocks                              ./board/clock_config.o
                                                  ./source/main.o
BOARD_InitBootPeripherals                         ./board/peripherals.o
                                                  ./source/main.o
BOARD_InitBootPins                                ./board/pin_mux.o
                                                  ./source/main.o
BOARD_InitDebugConsole                            ./board/board.o
BOARD_InitPeripherals                             ./board/peripherals.o
BOARD_InitPins                                    ./board/pin_mux.o
BUTTON_getValue                                   ./source/sensors/button.o
                                                  ./source/dev/ManuelTest.o
BusFault_Handler                                  ./startup/startup_mk22f51212.o
CLOCK_BootToBlpeMode                              ./drivers/fsl_clock.o
CLOCK_BootToBlpiMode                              ./drivers/fsl_clock.o
CLOCK_BootToFeeMode                               ./drivers/fsl_clock.o
CLOCK_BootToFeiMode                               ./drivers/fsl_clock.o
CLOCK_BootToPeeMode                               ./drivers/fsl_clock.o
                                                  ./board/clock_config.o
CLOCK_CalcPllDiv                                  ./drivers/fsl_clock.o
CLOCK_ClearStatusFlags                            ./drivers/fsl_clock.o
CLOCK_DeinitOsc0                                  ./drivers/fsl_clock.o
CLOCK_EnablePll0                                  ./drivers/fsl_clock.o
CLOCK_EnableUsbfs0Clock                           ./drivers/fsl_clock.o
CLOCK_ExternalModeToFbeModeQuick                  ./drivers/fsl_clock.o
CLOCK_GetBusClkFreq                               ./drivers/fsl_clock.o
CLOCK_GetCoreSysClkFreq                           ./drivers/fsl_clock.o
CLOCK_GetEr32kClkFreq                             ./drivers/fsl_clock.o
CLOCK_GetFixedFreqClkFreq                         ./drivers/fsl_clock.o
CLOCK_GetFlashClkFreq                             ./drivers/fsl_clock.o
CLOCK_GetFlexBusClkFreq                           ./drivers/fsl_clock.o
CLOCK_GetFllFreq                                  ./drivers/fsl_clock.o
CLOCK_GetFreq                                     ./drivers/fsl_clock.o
CLOCK_GetInternalRefClkFreq                       ./drivers/fsl_clock.o
CLOCK_GetMode                                     ./drivers/fsl_clock.o
CLOCK_GetOsc0ErClkDivFreq                         ./drivers/fsl_clock.o
CLOCK_GetOsc0ErClkFreq                            ./drivers/fsl_clock.o
CLOCK_GetOsc0ErClkUndivFreq                       ./drivers/fsl_clock.o
CLOCK_GetOutClkFreq                               ./drivers/fsl_clock.o
CLOCK_GetPlatClkFreq                              ./drivers/fsl_clock.o
CLOCK_GetPll0Freq                                 ./drivers/fsl_clock.o
CLOCK_GetPllFllSelClkFreq                         ./drivers/fsl_clock.o
CLOCK_GetStatusFlags                              ./drivers/fsl_clock.o
CLOCK_InitOsc0                                    ./drivers/fsl_clock.o
                                                  ./board/clock_config.o
CLOCK_InternalModeToFbiModeQuick                  ./drivers/fsl_clock.o
CLOCK_SetBlpeMode                                 ./drivers/fsl_clock.o
CLOCK_SetBlpiMode                                 ./drivers/fsl_clock.o
CLOCK_SetExternalRefClkConfig                     ./drivers/fsl_clock.o
CLOCK_SetFastIrcFreq                              ./drivers/fsl_clock.o
CLOCK_SetFbeMode                                  ./drivers/fsl_clock.o
CLOCK_SetFbiMode                                  ./drivers/fsl_clock.o
CLOCK_SetFeeMode                                  ./drivers/fsl_clock.o
CLOCK_SetFeiMode                                  ./drivers/fsl_clock.o
CLOCK_SetInternalRefClkConfig                     ./drivers/fsl_clock.o
CLOCK_SetMcgConfig                                ./drivers/fsl_clock.o
CLOCK_SetOsc0MonitorMode                          ./drivers/fsl_clock.o
CLOCK_SetPbeMode                                  ./drivers/fsl_clock.o
CLOCK_SetPeeMode                                  ./drivers/fsl_clock.o
CLOCK_SetPll0MonitorMode                          ./drivers/fsl_clock.o
CLOCK_SetRtcOscMonitorMode                        ./drivers/fsl_clock.o
CLOCK_SetSimConfig                                ./drivers/fsl_clock.o
                                                  ./board/clock_config.o
CLOCK_SetSlowIrcFreq                              ./drivers/fsl_clock.o
CLOCK_TrimInternalRefClk                          ./drivers/fsl_clock.o
CMP0_DriverIRQHandler                             ./startup/startup_mk22f51212.o
CMP0_IRQHandler                                   ./startup/startup_mk22f51212.o
CMP1_DriverIRQHandler                             ./startup/startup_mk22f51212.o
CMP1_IRQHandler                                   ./startup/startup_mk22f51212.o
DAC0_DriverIRQHandler                             ./startup/startup_mk22f51212.o
DAC0_IRQHandler                                   ./startup/startup_mk22f51212.o
DAC1_DriverIRQHandler                             ./startup/startup_mk22f51212.o
DAC1_IRQHandler                                   ./startup/startup_mk22f51212.o
DCMOT_backward                                    ./source/mot/dcmot.o
                                                  ./source/dev/MichaelTest.o
                                                  ./source/dev/ManuelTest.o
                                                  ./source/program/execute.o
DCMOT_sync_backward                               ./source/mot/dcmot.o
                                                  ./source/program/execute.o
DCMOT_sync_vorward                                ./source/mot/dcmot.o
                                                  ./source/mot/stair_ascend.o
                                                  ./source/program/execute.o
DCMOT_vorward                                     ./source/mot/dcmot.o
                                                  ./source/dev/ManuelTest.o
                                                  ./source/mot/stair_ascend.o
                                                  ./source/program/execute.o
DMA0_DriverIRQHandler                             ./startup/startup_mk22f51212.o
DMA0_IRQHandler                                   ./startup/startup_mk22f51212.o
DMA10_DriverIRQHandler                            ./startup/startup_mk22f51212.o